Archive member included to satisfy reference by file (symbol)

c:/nxp/mcuxpressoide_11.4.0_6237/ide/plugins/com.nxp.mcuxpresso.tools.win32_11.4.0.202103011116/tools/bin/../lib/gcc/arm-none-eabi/10.2.1/thumb/v6-m/nofp\libgcc.a(_udivsi3.o)
                              ./utilities/fsl_str.o (__aeabi_uidiv)
c:/nxp/mcuxpressoide_11.4.0_6237/ide/plugins/com.nxp.mcuxpresso.tools.win32_11.4.0.202103011116/tools/bin/../lib/gcc/arm-none-eabi/10.2.1/thumb/v6-m/nofp\libgcc.a(_divsi3.o)
                              ./utilities/fsl_str.o (__aeabi_idiv)
c:/nxp/mcuxpressoide_11.4.0_6237/ide/plugins/com.nxp.mcuxpresso.tools.win32_11.4.0.202103011116/tools/bin/../lib/gcc/arm-none-eabi/10.2.1/thumb/v6-m/nofp\libgcc.a(_dvmd_tls.o)
                              c:/nxp/mcuxpressoide_11.4.0_6237/ide/plugins/com.nxp.mcuxpresso.tools.win32_11.4.0.202103011116/tools/bin/../lib/gcc/arm-none-eabi/10.2.1/thumb/v6-m/nofp\libgcc.a(_udivsi3.o) (__aeabi_idiv0)
c:/nxp/mcuxpressoide_11.4.0_6237/ide/plugins/com.nxp.mcuxpresso.tools.win32_11.4.0.202103011116/tools/bin/../lib/gcc/arm-none-eabi/10.2.1/../../../../arm-none-eabi/lib/thumb/v6-m/nofp\libc.a(lib_a-assert.o)
                              ./utilities/fsl_debug_console.o (__assert_func)
c:/nxp/mcuxpressoide_11.4.0_6237/ide/plugins/com.nxp.mcuxpresso.tools.win32_11.4.0.202103011116/tools/bin/../lib/gcc/arm-none-eabi/10.2.1/../../../../arm-none-eabi/lib/thumb/v6-m/nofp\libc.a(lib_a-fiprintf.o)
                              c:/nxp/mcuxpressoide_11.4.0_6237/ide/plugins/com.nxp.mcuxpresso.tools.win32_11.4.0.202103011116/tools/bin/../lib/gcc/arm-none-eabi/10.2.1/../../../../arm-none-eabi/lib/thumb/v6-m/nofp\libc.a(lib_a-assert.o) (fiprintf)
c:/nxp/mcuxpressoide_11.4.0_6237/ide/plugins/com.nxp.mcuxpresso.tools.win32_11.4.0.202103011116/tools/bin/../lib/gcc/arm-none-eabi/10.2.1/../../../../arm-none-eabi/lib/thumb/v6-m/nofp\libc.a(lib_a-impure.o)
                              c:/nxp/mcuxpressoide_11.4.0_6237/ide/plugins/com.nxp.mcuxpresso.tools.win32_11.4.0.202103011116/tools/bin/../lib/gcc/arm-none-eabi/10.2.1/../../../../arm-none-eabi/lib/thumb/v6-m/nofp\libc.a(lib_a-assert.o) (_impure_ptr)
c:/nxp/mcuxpressoide_11.4.0_6237/ide/plugins/com.nxp.mcuxpresso.tools.win32_11.4.0.202103011116/tools/bin/../lib/gcc/arm-none-eabi/10.2.1/../../../../arm-none-eabi/lib/thumb/v6-m/nofp\libc.a(lib_a-init.o)
                              ./startup/startup_mkl46z4.o (__libc_init_array)
c:/nxp/mcuxpressoide_11.4.0_6237/ide/plugins/com.nxp.mcuxpresso.tools.win32_11.4.0.202103011116/tools/bin/../lib/gcc/arm-none-eabi/10.2.1/../../../../arm-none-eabi/lib/thumb/v6-m/nofp\libc.a(lib_a-malloc.o)
                              ./source/cpp_config.o (malloc)
c:/nxp/mcuxpressoide_11.4.0_6237/ide/plugins/com.nxp.mcuxpresso.tools.win32_11.4.0.202103011116/tools/bin/../lib/gcc/arm-none-eabi/10.2.1/../../../../arm-none-eabi/lib/thumb/v6-m/nofp\libc.a(lib_a-mallocr.o)
                              c:/nxp/mcuxpressoide_11.4.0_6237/ide/plugins/com.nxp.mcuxpresso.tools.win32_11.4.0.202103011116/tools/bin/../lib/gcc/arm-none-eabi/10.2.1/../../../../arm-none-eabi/lib/thumb/v6-m/nofp\libc.a(lib_a-malloc.o) (_malloc_r)
c:/nxp/mcuxpressoide_11.4.0_6237/ide/plugins/com.nxp.mcuxpresso.tools.win32_11.4.0.202103011116/tools/bin/../lib/gcc/arm-none-eabi/10.2.1/../../../../arm-none-eabi/lib/thumb/v6-m/nofp\libc.a(lib_a-memcpy-stub.o)
                              ./drivers/fsl_ftfx_cache.o (memcpy)
c:/nxp/mcuxpressoide_11.4.0_6237/ide/plugins/com.nxp.mcuxpresso.tools.win32_11.4.0.202103011116/tools/bin/../lib/gcc/arm-none-eabi/10.2.1/../../../../arm-none-eabi/lib/thumb/v6-m/nofp\libc.a(lib_a-memset.o)
                              ./utilities/fsl_debug_console.o (memset)
c:/nxp/mcuxpressoide_11.4.0_6237/ide/plugins/com.nxp.mcuxpresso.tools.win32_11.4.0.202103011116/tools/bin/../lib/gcc/arm-none-eabi/10.2.1/../../../../arm-none-eabi/lib/thumb/v6-m/nofp\libc.a(lib_a-mlock.o)
                              c:/nxp/mcuxpressoide_11.4.0_6237/ide/plugins/com.nxp.mcuxpresso.tools.win32_11.4.0.202103011116/tools/bin/../lib/gcc/arm-none-eabi/10.2.1/../../../../arm-none-eabi/lib/thumb/v6-m/nofp\libc.a(lib_a-mallocr.o) (__malloc_lock)
c:/nxp/mcuxpressoide_11.4.0_6237/ide/plugins/com.nxp.mcuxpresso.tools.win32_11.4.0.202103011116/tools/bin/../lib/gcc/arm-none-eabi/10.2.1/../../../../arm-none-eabi/lib/thumb/v6-m/nofp\libc.a(lib_a-sbrkr.o)
                              c:/nxp/mcuxpressoide_11.4.0_6237/ide/plugins/com.nxp.mcuxpresso.tools.win32_11.4.0.202103011116/tools/bin/../lib/gcc/arm-none-eabi/10.2.1/../../../../arm-none-eabi/lib/thumb/v6-m/nofp\libc.a(lib_a-mallocr.o) (_sbrk_r)
c:/nxp/mcuxpressoide_11.4.0_6237/ide/plugins/com.nxp.mcuxpresso.tools.win32_11.4.0.202103011116/tools/bin/../lib/gcc/arm-none-eabi/10.2.1/../../../../arm-none-eabi/lib/thumb/v6-m/nofp\libc.a(lib_a-strlen-stub.o)
                              ./utilities/fsl_str.o (strlen)
[...]
Memory Configuration

Name             Origin             Length             Attributes
PROGRAM_FLASH    0x00000000         0x00040000         xr
SRAM             0x1fffe000         0x00008000         xrw
*default*        0x00000000         0xffffffff

Linker script and memory map

LOAD ./utilities/fsl_debug_console.o
LOAD ./utilities/fsl_io.o
LOAD ./utilities/fsl_log.o
LOAD ./utilities/fsl_str.o
LOAD ./startup/startup_mkl46z4.o
LOAD ./source/contador_led.o
LOAD ./source/cpp_config.o
LOAD ./source/mtb.o
LOAD ./source/semihost_hardfault.o
LOAD ./drivers/fsl_clock.o
LOAD ./drivers/fsl_common.o
LOAD ./drivers/fsl_ftfx_cache.o
LOAD ./drivers/fsl_ftfx_controller.o
LOAD ./drivers/fsl_ftfx_flash.o
LOAD ./drivers/fsl_ftfx_flexnvm.o
LOAD ./drivers/fsl_gpio.o
LOAD ./drivers/fsl_i2c.o
LOAD ./drivers/fsl_lpsci.o
LOAD ./drivers/fsl_smc.o
LOAD ./drivers/fsl_uart.o
LOAD ./board/board.o
LOAD ./board/clock_config.o
LOAD ./board/peripherals.o
LOAD ./board/pin_mux.o
LOAD ./CMSIS/system_MKL46Z4.o
START GROUP
LOAD c:/nxp/mcuxpressoide_11.4.0_6237/ide/plugins/com.nxp.mcuxpresso.tools.win32_11.4.0.202103011116/tools/bin/../lib/gcc/arm-none-eabi/10.2.1/thumb/v6-m/nofp\libgcc.a
LOAD c:/nxp/mcuxpressoide_11.4.0_6237/ide/plugins/com.nxp.mcuxpresso.tools.win32_11.4.0.202103011116/tools/bin/../lib/gcc/arm-none-eabi/10.2.1/../../../../arm-none-eabi/lib/thumb/v6-m/nofp\libc.a
LOAD c:/nxp/mcuxpressoide_11.4.0_6237/ide/plugins/com.nxp.mcuxpresso.tools.win32_11.4.0.202103011116/tools/bin/../lib/gcc/arm-none-eabi/10.2.1/../../../../arm-none-eabi/lib/thumb/v6-m/nofp\libstdc++.a
LOAD c:/nxp/mcuxpressoide_11.4.0_6237/ide/plugins/com.nxp.mcuxpresso.tools.win32_11.4.0.202103011116/tools/bin/../lib/gcc/arm-none-eabi/10.2.1/../../../../arm-none-eabi/lib/thumb/v6-m/nofp\libm.a
LOAD c:/nxp/mcuxpressoide_11.4.0_6237/ide/plugins/com.nxp.mcuxpresso.tools.win32_11.4.0.202103011116/tools/bin/../lib/gcc/arm-none-eabi/10.2.1/../../../../arm-none-eabi/lib/thumb/v6-m/nofp\libcr_newlib_nohost.a
LOAD c:/nxp/mcuxpressoide_11.4.0_6237/ide/plugins/com.nxp.mcuxpresso.tools.win32_11.4.0.202103011116/tools/bin/../lib/gcc/arm-none-eabi/10.2.1/thumb/v6-m/nofp\crti.o
LOAD c:/nxp/mcuxpressoide_11.4.0_6237/ide/plugins/com.nxp.mcuxpresso.tools.win32_11.4.0.202103011116/tools/bin/../lib/gcc/arm-none-eabi/10.2.1/thumb/v6-m/nofp\crtn.o
LOAD c:/nxp/mcuxpressoide_11.4.0_6237/ide/plugins/com.nxp.mcuxpresso.tools.win32_11.4.0.202103011116/tools/bin/../lib/gcc/arm-none-eabi/10.2.1/thumb/v6-m/nofp\crtbegin.o
LOAD c:/nxp/mcuxpressoide_11.4.0_6237/ide/plugins/com.nxp.mcuxpresso.tools.win32_11.4.0.202103011116/tools/bin/../lib/gcc/arm-none-eabi/10.2.1/thumb/v6-m/nofp\crtend.o
END GROUP
                0x00000000                __base_PROGRAM_FLASH = 0x0
                0x00000000                __base_Flash = 0x0
                0x00040000                __top_PROGRAM_FLASH = 0x40000
                0x00040000                __top_Flash = 0x40000
                0x1fffe000                __base_SRAM = 0x1fffe000
                0x1fffe000                __base_RAM = 0x1fffe000
                0x20006000                __top_SRAM = 0x20006000
                0x20006000                __top_RAM = 0x20006000

.text           0x00000000     0x4f54
 FILL mask 0xff
                0x00000000                __vectors_start__ = ABSOLUTE (.)
 *(SORT_BY_ALIGNMENT(.isr_vector))
 .isr_vector    0x00000000       0xc0 ./startup/startup_mkl46z4.o
                0x00000000                g_pfnVectors
                0x00000000                __Vectors
                0x000000c0                . = ALIGN (0x4)
                0x000000c0                __section_table_start = .
                0x000000c0                __data_section_table = .
                0x000000c0        0x4 LONG 0x4f5c LOADADDR (.data)
                0x000000c4        0x4 LONG 0x1fffe080 ADDR (.data)
                0x000000c8        0x4 LONG 0x9b0 SIZEOF (.data)
                0x000000cc                __data_section_table_end = .
                0x000000cc                __bss_section_table = .
                0x000000cc        0x4 LONG 0x1fffea30 ADDR (.bss)
                0x000000d0        0x4 LONG 0x98 SIZEOF (.bss)
                0x000000d4                __bss_section_table_end = .
                0x000000d4                __section_table_end = .
 *(SORT_BY_ALIGNMENT(.after_vectors*))
 .after_vectors.reset
                0x000000d4       0x50 ./startup/startup_mkl46z4.o
                0x000000d4                ResetISR
 .after_vectors.init_data
                0x00000124       0x12 ./startup/startup_mkl46z4.o
                0x00000124                data_init(unsigned int, unsigned int, unsigned int)
 .after_vectors.init_bss
                0x00000136       0x10 ./startup/startup_mkl46z4.o
                0x00000136                bss_init(unsigned int, unsigned int)
 .after_vectors
                0x00000146      0x10c ./startup/startup_mkl46z4.o
                0x00000146                NMI_Handler
                0x0000014a                SVC_Handler
                0x0000014c                PendSV_Handler
                0x0000014e                SysTick_Handler
                0x00000150                LPTMR0_DriverIRQHandler
                0x00000150                PORTC_PORTD_DriverIRQHandler
                0x00000150                SPI1_DriverIRQHandler
                0x00000150                DMA0_DriverIRQHandler
                0x00000150                DMA2_DriverIRQHandler
                0x00000150                CMP0_DriverIRQHandler
                0x00000150                ADC0_DriverIRQHandler
                0x00000150                I2S0_DriverIRQHandler
                0x00000150                SPI0_DriverIRQHandler
                0x00000150                TPM0_DriverIRQHandler
                0x00000150                TPM2_DriverIRQHandler
                0x00000150                DMA1_DriverIRQHandler
                0x00000150                PIT_DriverIRQHandler
                0x00000150                LCD_DriverIRQHandler
                0x00000150                TSI0_DriverIRQHandler
                0x00000150                RTC_Seconds_DriverIRQHandler
                0x00000150                RTC_DriverIRQHandler
                0x00000150                TPM1_DriverIRQHandler
                0x00000150                LLWU_DriverIRQHandler
                0x00000150                MCG_DriverIRQHandler
                0x00000150                PORTA_DriverIRQHandler
                0x00000150                DMA3_DriverIRQHandler
                0x00000150                FTFA_DriverIRQHandler
                0x00000150                IntDefaultHandler
                0x00000150                USB0_DriverIRQHandler
                0x00000150                DAC0_DriverIRQHandler
                0x00000150                LVD_LVW_DriverIRQHandler
                0x00000150                Reserved20_DriverIRQHandler
                0x00000152                DMA0_IRQHandler
                0x0000015a                DMA1_IRQHandler
                0x00000162                DMA2_IRQHandler
                0x0000016a                DMA3_IRQHandler
                0x00000172                Reserved20_IRQHandler
                0x0000017a                FTFA_IRQHandler
                0x00000182                LVD_LVW_IRQHandler
                0x0000018a                LLWU_IRQHandler
                0x00000192                I2C0_IRQHandler
                0x0000019a                I2C1_IRQHandler
                0x000001a2                SPI0_IRQHandler
                0x000001aa                SPI1_IRQHandler
                0x000001b2                UART0_IRQHandler
                0x000001ba                UART1_IRQHandler
                0x000001c2                UART2_IRQHandler
                0x000001ca                ADC0_IRQHandler
                0x000001d2                CMP0_IRQHandler
                0x000001da                TPM0_IRQHandler
                0x000001e2                TPM1_IRQHandler
                0x000001ea                TPM2_IRQHandler
                0x000001f2                RTC_IRQHandler
                0x000001fa                RTC_Seconds_IRQHandler
                0x00000202                PIT_IRQHandler
                0x0000020a                I2S0_IRQHandler
                0x00000212                USB0_IRQHandler
                0x0000021a                DAC0_IRQHandler
                0x00000222                TSI0_IRQHandler
                0x0000022a                MCG_IRQHandler
                0x00000232                LPTMR0_IRQHandler
                0x0000023a                LCD_IRQHandler
                0x00000242                PORTA_IRQHandler
                0x0000024a                PORTC_PORTD_IRQHandler
                0x00000400                . = 0x400
 *fill*         0x00000252      0x1ae ff
                0x00000400                PROVIDE (__FLASH_CONFIG_START__ = .)
 *(SORT_BY_ALIGNMENT(.FlashConfig))
 .FlashConfig   0x00000400       0x10 ./startup/startup_mkl46z4.o
                0x00000410                PROVIDE (__FLASH_CONFIG_END__ = .)
                0x00000001                ASSERT (! ((__FLASH_CONFIG_START__ == __FLASH_CONFIG_END__)), Linker Flash Config Support Enabled, but no .FlashConfig section provided within application)
 *(SORT_BY_ALIGNMENT(.text*))
 .text.DbgConsole_Init
                0x00000410       0x4c ./utilities/fsl_debug_console.o
                0x00000410                DbgConsole_Init
 .text.IO_Init  0x0000045c       0xd4 ./utilities/fsl_io.o
                0x0000045c                IO_Init
 .text.CLOCK_EnableClock
                0x00000530       0x34 ./source/contador_led.o
 .text.PORT_SetPinMux
                0x00000564       0x40 ./source/contador_led.o
 .text.main     0x000005a4       0x90 ./source/contador_led.o
                0x000005a4                main
 .text.HardFault_Handler
                0x00000634       0x30 ./source/semihost_hardfault.o
                0x00000634                HardFault_Handler
 .text.CLOCK_SetEr32kClock
                0x00000664       0x34 ./drivers/fsl_clock.o
 .text.CLOCK_SetPllFllSelClock
                0x00000698       0x38 ./drivers/fsl_clock.o
 .text.CLOCK_GetMcgExtClkFreq
                0x000006d0       0x34 ./drivers/fsl_clock.o
 .text.CLOCK_GetFllExtRefClkFreq
                0x00000704       0xa8 ./drivers/fsl_clock.o
 .text.CLOCK_GetFllRefClkFreq
                0x000007ac       0x2c ./drivers/fsl_clock.o
 .text.CLOCK_GetPllFllSelClkFreq
                0x000007d8       0x4c ./drivers/fsl_clock.o
                0x000007d8                CLOCK_GetPllFllSelClkFreq
 .text.CLOCK_SetSimConfig
                0x00000824       0x38 ./drivers/fsl_clock.o
                0x00000824                CLOCK_SetSimConfig
 .text.CLOCK_GetFllFreq
                0x0000085c       0x84 ./drivers/fsl_clock.o
                0x0000085c                CLOCK_GetFllFreq
 .text.CLOCK_GetPll0Freq
                0x000008e0       0x80 ./drivers/fsl_clock.o
                0x000008e0                CLOCK_GetPll0Freq
 .text.CLOCK_SetInternalRefClkConfig
                0x00000960      0x124 ./drivers/fsl_clock.o
                0x00000960                CLOCK_SetInternalRefClkConfig
 .text.CLOCK_SetFeiMode
                0x00000a84       0xdc ./drivers/fsl_clock.o
                0x00000a84                CLOCK_SetFeiMode
 .text.GPIO_PinInit
                0x00000b60       0x70 ./drivers/fsl_gpio.o
                0x00000b60                GPIO_PinInit
 .text.I2C_TransferCommonIRQHandler
                0x00000bd0       0x58 ./drivers/fsl_i2c.o
 .text.I2C0_DriverIRQHandler
                0x00000c28       0x20 ./drivers/fsl_i2c.o
                0x00000c28                I2C0_DriverIRQHandler
 .text.I2C1_DriverIRQHandler
                0x00000c48       0x20 ./drivers/fsl_i2c.o
                0x00000c48                I2C1_DriverIRQHandler
 .text.CLOCK_EnableClock
                0x00000c68       0x34 ./drivers/fsl_lpsci.o
 .text.LPSCI_GetInstance
                0x00000c9c       0x54 ./drivers/fsl_lpsci.o
                0x00000c9c                LPSCI_GetInstance
 .text.LPSCI_Init
                0x00000cf0      0x280 ./drivers/fsl_lpsci.o
                0x00000cf0                LPSCI_Init
 .text.LPSCI_GetDefaultConfig
                0x00000f70       0x58 ./drivers/fsl_lpsci.o
                0x00000f70                LPSCI_GetDefaultConfig
 .text.UART0_DriverIRQHandler
                0x00000fc8       0x24 ./drivers/fsl_lpsci.o
                0x00000fc8                UART0_DriverIRQHandler
 .text.CLOCK_EnableClock
                0x00000fec       0x34 ./drivers/fsl_uart.o
 .text.UART_GetInstance
                0x00001020       0x60 ./drivers/fsl_uart.o
                0x00001020                UART_GetInstance
 .text.UART_Init
                0x00001080      0x208 ./drivers/fsl_uart.o
                0x00001080                UART_Init
 .text.UART_GetDefaultConfig
                0x00001288       0x58 ./drivers/fsl_uart.o
                0x00001288                UART_GetDefaultConfig
 .text.UART1_DriverIRQHandler
                0x000012e0       0x24 ./drivers/fsl_uart.o
                0x000012e0                UART1_DriverIRQHandler
 .text.UART2_DriverIRQHandler
                0x00001304       0x24 ./drivers/fsl_uart.o
                0x00001304                UART2_DriverIRQHandler
 .text.CLOCK_SetLpsci0Clock
                0x00001328       0x38 ./board/board.o
 .text.BOARD_InitDebugConsole
                0x00001360       0x30 ./board/board.o
                0x00001360                BOARD_InitDebugConsole
 .text.CLOCK_SetSimSafeDivs
                0x00001390       0x20 ./board/clock_config.o
 .text.CLOCK_CONFIG_FllStableDelay
                0x000013b0       0x28 ./board/clock_config.o
 .text.BOARD_BootClockRUN
                0x000013d8       0x44 ./board/clock_config.o
                0x000013d8                BOARD_BootClockRUN
 .text.CLOCK_EnableClock
                0x0000141c       0x34 ./board/pin_mux.o
 .text.PORT_SetPinConfig
                0x00001450       0x48 ./board/pin_mux.o
 .text.BOARD_InitDEBUG_UART
                0x00001498       0x80 ./board/pin_mux.o
                0x00001498                BOARD_InitDEBUG_UART
 .text.SystemInit
                0x00001518       0x1c ./CMSIS/system_MKL46Z4.o
                0x00001518                SystemInit
 .text          0x00001534      0x114 c:/nxp/mcuxpressoide_11.4.0_6237/ide/plugins/com.nxp.mcuxpresso.tools.win32_11.4.0.202103011116/tools/bin/../lib/gcc/arm-none-eabi/10.2.1/thumb/v6-m/nofp\libgcc.a(_udivsi3.o)
                0x00001534                __aeabi_uidiv
                0x00001534                __udivsi3
                0x00001640                __aeabi_uidivmod
 .text          0x00001648      0x1d4 c:/nxp/mcuxpressoide_11.4.0_6237/ide/plugins/com.nxp.mcuxpresso.tools.win32_11.4.0.202103011116/tools/bin/../lib/gcc/arm-none-eabi/10.2.1/thumb/v6-m/nofp\libgcc.a(_divsi3.o)
                0x00001648                __divsi3
                0x00001648                __aeabi_idiv
                0x00001814                __aeabi_idivmod
 .text          0x0000181c        0x4 c:/nxp/mcuxpressoide_11.4.0_6237/ide/plugins/com.nxp.mcuxpresso.tools.win32_11.4.0.202103011116/tools/bin/../lib/gcc/arm-none-eabi/10.2.1/thumb/v6-m/nofp\libgcc.a(_dvmd_tls.o)
                0x0000181c                __aeabi_idiv0
                0x0000181c                __aeabi_ldiv0
 .text.__assert_func
                0x00001820       0x40 c:/nxp/mcuxpressoide_11.4.0_6237/ide/plugins/com.nxp.mcuxpresso.tools.win32_11.4.0.202103011116/tools/bin/../lib/gcc/arm-none-eabi/10.2.1/../../../../arm-none-eabi/lib/thumb/v6-m/nofp\libc.a(lib_a-assert.o)
                0x00001820                __assert_func
 .text.fiprintf
                0x00001860       0x24 c:/nxp/mcuxpressoide_11.4.0_6237/ide/plugins/com.nxp.mcuxpresso.tools.win32_11.4.0.202103011116/tools/bin/../lib/gcc/arm-none-eabi/10.2.1/../../../../arm-none-eabi/lib/thumb/v6-m/nofp\libc.a(lib_a-fiprintf.o)
                0x00001860                fiprintf
 .text.__libc_init_array
                0x00001884       0x44 c:/nxp/mcuxpressoide_11.4.0_6237/ide/plugins/com.nxp.mcuxpresso.tools.win32_11.4.0.202103011116/tools/bin/../lib/gcc/arm-none-eabi/10.2.1/../../../../arm-none-eabi/lib/thumb/v6-m/nofp\libc.a(lib_a-init.o)
                0x00001884                __libc_init_array
 .text._malloc_r
                0x000018c8      0x580 c:/nxp/mcuxpressoide_11.4.0_6237/ide/plugins/com.nxp.mcuxpresso.tools.win32_11.4.0.202103011116/tools/bin/../lib/gcc/arm-none-eabi/10.2.1/../../../../arm-none-eabi/lib/thumb/v6-m/nofp\libc.a(lib_a-mallocr.o)
                0x000018c8                _malloc_r
 .text.memcpy   0x00001e48       0xa4 c:/nxp/mcuxpressoide_11.4.0_6237/ide/plugins/com.nxp.mcuxpresso.tools.win32_11.4.0.202103011116/tools/bin/../lib/gcc/arm-none-eabi/10.2.1/../../../../arm-none-eabi/lib/thumb/v6-m/nofp\libc.a(lib_a-memcpy-stub.o)
                0x00001e48                memcpy
 .text.memset   0x00001eec       0xa8 c:/nxp/mcuxpressoide_11.4.0_6237/ide/plugins/com.nxp.mcuxpresso.tools.win32_11.4.0.202103011116/tools/bin/../lib/gcc/arm-none-eabi/10.2.1/../../../../arm-none-eabi/lib/thumb/v6-m/nofp\libc.a(lib_a-memset.o)
                0x00001eec                memset
 .text.__malloc_lock
                0x00001f94       0x10 c:/nxp/mcuxpressoide_11.4.0_6237/ide/plugins/com.nxp.mcuxpresso.tools.win32_11.4.0.202103011116/tools/bin/../lib/gcc/arm-none-eabi/10.2.1/../../../../arm-none-eabi/lib/thumb/v6-m/nofp\libc.a(lib_a-mlock.o)
                0x00001f94                __malloc_lock
 .text.__malloc_unlock
                0x00001fa4       0x10 c:/nxp/mcuxpressoide_11.4.0_6237/ide/plugins/com.nxp.mcuxpresso.tools.win32_11.4.0.202103011116/tools/bin/../lib/gcc/arm-none-eabi/10.2.1/../../../../arm-none-eabi/lib/thumb/v6-m/nofp\libc.a(lib_a-mlock.o)
                0x00001fa4                __malloc_unlock
 .text._sbrk_r  0x00001fb4       0x24 c:/nxp/mcuxpressoide_11.4.0_6237/ide/plugins/com.nxp.mcuxpresso.tools.win32_11.4.0.202103011116/tools/bin/../lib/gcc/arm-none-eabi/10.2.1/../../../../arm-none-eabi/lib/thumb/v6-m/nofp\libc.a(lib_a-sbrkr.o)
                0x00001fb4                _sbrk_r
 .text.strlen   0x00001fd8       0x5c c:/nxp/mcuxpressoide_11.4.0_6237/ide/plugins/com.nxp.mcuxpresso.tools.win32_11.4.0.202103011116/tools/bin/../lib/gcc/arm-none-eabi/10.2.1/../../../../arm-none-eabi/lib/thumb/v6-m/nofp\libc.a(lib_a-strlen-stub.o)
                0x00001fd8                strlen
 .text.__sprint_r.part.0
                0x00002034       0x88 c:/nxp/mcuxpressoide_11.4.0_6237/ide/plugins/com.nxp.mcuxpresso.tools.win32_11.4.0.202103011116/tools/bin/../lib/gcc/arm-none-eabi/10.2.1/../../../../arm-none-eabi/lib/thumb/v6-m/nofp\libc.a(lib_a-vfiprintf.o)
 .text._vfiprintf_r
                0x000020bc      0xdb8 c:/nxp/mcuxpressoide_11.4.0_6237/ide/plugins/com.nxp.mcuxpresso.tools.win32_11.4.0.202103011116/tools/bin/../lib/gcc/arm-none-eabi/10.2.1/../../../../arm-none-eabi/lib/thumb/v6-m/nofp\libc.a(lib_a-vfiprintf.o)
                0x000020bc                _vfiprintf_r
 .text.__sbprintf
                0x00002e74       0x8c c:/nxp/mcuxpressoide_11.4.0_6237/ide/plugins/com.nxp.mcuxpresso.tools.win32_11.4.0.202103011116/tools/bin/../lib/gcc/arm-none-eabi/10.2.1/../../../../arm-none-eabi/lib/thumb/v6-m/nofp\libc.a(lib_a-vfiprintf.o)
 .text.__swsetup_r
                0x00002f00       0xdc c:/nxp/mcuxpressoide_11.4.0_6237/ide/plugins/com.nxp.mcuxpresso.tools.win32_11.4.0.202103011116/tools/bin/../lib/gcc/arm-none-eabi/10.2.1/../../../../arm-none-eabi/lib/thumb/v6-m/nofp\libc.a(lib_a-wsetup.o)
                0x00002f00                __swsetup_r
 .text.abort    0x00002fdc       0x10 c:/nxp/mcuxpressoide_11.4.0_6237/ide/plugins/com.nxp.mcuxpresso.tools.win32_11.4.0.202103011116/tools/bin/../lib/gcc/arm-none-eabi/10.2.1/../../../../arm-none-eabi/lib/thumb/v6-m/nofp\libc.a(lib_a-abort.o)
                0x00002fdc                abort
 .text.__sflush_r
                0x00002fec      0x140 c:/nxp/mcuxpressoide_11.4.0_6237/ide/plugins/com.nxp.mcuxpresso.tools.win32_11.4.0.202103011116/tools/bin/../lib/gcc/arm-none-eabi/10.2.1/../../../../arm-none-eabi/lib/thumb/v6-m/nofp\libc.a(lib_a-fflush.o)
                0x00002fec                __sflush_r
 .text._fflush_r
                0x0000312c       0x6c c:/nxp/mcuxpressoide_11.4.0_6237/ide/plugins/com.nxp.mcuxpresso.tools.win32_11.4.0.202103011116/tools/bin/../lib/gcc/arm-none-eabi/10.2.1/../../../../arm-none-eabi/lib/thumb/v6-m/nofp\libc.a(lib_a-fflush.o)
                0x0000312c                _fflush_r
 .text._cleanup_r
                0x00003198       0x10 c:/nxp/mcuxpressoide_11.4.0_6237/ide/plugins/com.nxp.mcuxpresso.tools.win32_11.4.0.202103011116/tools/bin/../lib/gcc/arm-none-eabi/10.2.1/../../../../arm-none-eabi/lib/thumb/v6-m/nofp\libc.a(lib_a-findfp.o)
                0x00003198                _cleanup_r
 .text.__sinit  0x000031a8      0x120 c:/nxp/mcuxpressoide_11.4.0_6237/ide/plugins/com.nxp.mcuxpresso.tools.win32_11.4.0.202103011116/tools/bin/../lib/gcc/arm-none-eabi/10.2.1/../../../../arm-none-eabi/lib/thumb/v6-m/nofp\libc.a(lib_a-findfp.o)
                0x000031a8                __sinit
 .text.__sfp_lock_acquire
                0x000032c8       0x10 c:/nxp/mcuxpressoide_11.4.0_6237/ide/plugins/com.nxp.mcuxpresso.tools.win32_11.4.0.202103011116/tools/bin/../lib/gcc/arm-none-eabi/10.2.1/../../../../arm-none-eabi/lib/thumb/v6-m/nofp\libc.a(lib_a-findfp.o)
                0x000032c8                __sfp_lock_acquire
 .text.__sfp_lock_release
                0x000032d8       0x10 c:/nxp/mcuxpressoide_11.4.0_6237/ide/plugins/com.nxp.mcuxpresso.tools.win32_11.4.0.202103011116/tools/bin/../lib/gcc/arm-none-eabi/10.2.1/../../../../arm-none-eabi/lib/thumb/v6-m/nofp\libc.a(lib_a-findfp.o)
                0x000032d8                __sfp_lock_release
 .text.__fputwc
                0x000032e8       0x98 c:/nxp/mcuxpressoide_11.4.0_6237/ide/plugins/com.nxp.mcuxpresso.tools.win32_11.4.0.202103011116/tools/bin/../lib/gcc/arm-none-eabi/10.2.1/../../../../arm-none-eabi/lib/thumb/v6-m/nofp\libc.a(lib_a-fputwc.o)
                0x000032e8                __fputwc
 .text._fputwc_r
                0x00003380       0x5c c:/nxp/mcuxpressoide_11.4.0_6237/ide/plugins/com.nxp.mcuxpresso.tools.win32_11.4.0.202103011116/tools/bin/../lib/gcc/arm-none-eabi/10.2.1/../../../../arm-none-eabi/lib/thumb/v6-m/nofp\libc.a(lib_a-fputwc.o)
                0x00003380                _fputwc_r
 .text._malloc_trim_r
                0x000033dc       0x9c c:/nxp/mcuxpressoide_11.4.0_6237/ide/plugins/com.nxp.mcuxpresso.tools.win32_11.4.0.202103011116/tools/bin/../lib/gcc/arm-none-eabi/10.2.1/../../../../arm-none-eabi/lib/thumb/v6-m/nofp\libc.a(lib_a-freer.o)
                0x000033dc                _malloc_trim_r
 .text._free_r  0x00003478      0x1c4 c:/nxp/mcuxpressoide_11.4.0_6237/ide/plugins/com.nxp.mcuxpresso.tools.win32_11.4.0.202103011116/tools/bin/../lib/gcc/arm-none-eabi/10.2.1/../../../../arm-none-eabi/lib/thumb/v6-m/nofp\libc.a(lib_a-freer.o)
                0x00003478                _free_r
 .text.__sfvwrite_r
                0x0000363c      0x2f4 c:/nxp/mcuxpressoide_11.4.0_6237/ide/plugins/com.nxp.mcuxpresso.tools.win32_11.4.0.202103011116/tools/bin/../lib/gcc/arm-none-eabi/10.2.1/../../../../arm-none-eabi/lib/thumb/v6-m/nofp\libc.a(lib_a-fvwrite.o)
                0x0000363c                __sfvwrite_r
 .text._fwalk_reent
                0x00003930       0x48 c:/nxp/mcuxpressoide_11.4.0_6237/ide/plugins/com.nxp.mcuxpresso.tools.win32_11.4.0.202103011116/tools/bin/../lib/gcc/arm-none-eabi/10.2.1/../../../../arm-none-eabi/lib/thumb/v6-m/nofp\libc.a(lib_a-fwalk.o)
                0x00003930                _fwalk_reent
 .text.__locale_mb_cur_max
                0x00003978       0x10 c:/nxp/mcuxpressoide_11.4.0_6237/ide/plugins/com.nxp.mcuxpresso.tools.win32_11.4.0.202103011116/tools/bin/../lib/gcc/arm-none-eabi/10.2.1/../../../../arm-none-eabi/lib/thumb/v6-m/nofp\libc.a(lib_a-locale.o)
                0x00003978                __locale_mb_cur_max
 .text._localeconv_r
                0x00003988        0x8 c:/nxp/mcuxpressoide_11.4.0_6237/ide/plugins/com.nxp.mcuxpresso.tools.win32_11.4.0.202103011116/tools/bin/../lib/gcc/arm-none-eabi/10.2.1/../../../../arm-none-eabi/lib/thumb/v6-m/nofp\libc.a(lib_a-localeconv.o)
                0x00003988                _localeconv_r
 .text.__retarget_lock_init_recursive
                0x00003990        0x4 c:/nxp/mcuxpressoide_11.4.0_6237/ide/plugins/com.nxp.mcuxpresso.tools.win32_11.4.0.202103011116/tools/bin/../lib/gcc/arm-none-eabi/10.2.1/../../../../arm-none-eabi/lib/thumb/v6-m/nofp\libc.a(lib_a-lock.o)
                0x00003990                __retarget_lock_init_recursive
 .text.__retarget_lock_close_recursive
                0x00003994        0x4 c:/nxp/mcuxpressoide_11.4.0_6237/ide/plugins/com.nxp.mcuxpresso.tools.win32_11.4.0.202103011116/tools/bin/../lib/gcc/arm-none-eabi/10.2.1/../../../../arm-none-eabi/lib/thumb/v6-m/nofp\libc.a(lib_a-lock.o)
                0x00003994                __retarget_lock_close_recursive
 .text.__retarget_lock_acquire_recursive
                0x00003998        0x4 c:/nxp/mcuxpressoide_11.4.0_6237/ide/plugins/com.nxp.mcuxpresso.tools.win32_11.4.0.202103011116/tools/bin/../lib/gcc/arm-none-eabi/10.2.1/../../../../arm-none-eabi/lib/thumb/v6-m/nofp\libc.a(lib_a-lock.o)
                0x00003998                __retarget_lock_acquire_recursive
 .text.__retarget_lock_release_recursive
                0x0000399c        0x4 c:/nxp/mcuxpressoide_11.4.0_6237/ide/plugins/com.nxp.mcuxpresso.tools.win32_11.4.0.202103011116/tools/bin/../lib/gcc/arm-none-eabi/10.2.1/../../../../arm-none-eabi/lib/thumb/v6-m/nofp\libc.a(lib_a-lock.o)
                0x0000399c                __retarget_lock_release_recursive
 .text.__smakebuf_r
                0x000039a0       0xe4 c:/nxp/mcuxpressoide_11.4.0_6237/ide/plugins/com.nxp.mcuxpresso.tools.win32_11.4.0.202103011116/tools/bin/../lib/gcc/arm-none-eabi/10.2.1/../../../../arm-none-eabi/lib/thumb/v6-m/nofp\libc.a(lib_a-makebuf.o)
                0x000039a0                __smakebuf_r
 .text.__ascii_mbtowc
                0x00003a84       0x2c c:/nxp/mcuxpressoide_11.4.0_6237/ide/plugins/com.nxp.mcuxpresso.tools.win32_11.4.0.202103011116/tools/bin/../lib/gcc/arm-none-eabi/10.2.1/../../../../arm-none-eabi/lib/thumb/v6-m/nofp\libc.a(lib_a-mbtowc_r.o)
                0x00003a84                __ascii_mbtowc
 .text.memchr   0x00003ab0       0x74 c:/nxp/mcuxpressoide_11.4.0_6237/ide/plugins/com.nxp.mcuxpresso.tools.win32_11.4.0.202103011116/tools/bin/../lib/gcc/arm-none-eabi/10.2.1/../../../../arm-none-eabi/lib/thumb/v6-m/nofp\libc.a(lib_a-memchr-stub.o)
                0x00003ab0                memchr
 .text.memmove  0x00003b24       0xac c:/nxp/mcuxpressoide_11.4.0_6237/ide/plugins/com.nxp.mcuxpresso.tools.win32_11.4.0.202103011116/tools/bin/../lib/gcc/arm-none-eabi/10.2.1/../../../../arm-none-eabi/lib/thumb/v6-m/nofp\libc.a(lib_a-memmove.o)
                0x00003b24                memmove
 .text._realloc_r
                0x00003bd0      0x358 c:/nxp/mcuxpressoide_11.4.0_6237/ide/plugins/com.nxp.mcuxpresso.tools.win32_11.4.0.202103011116/tools/bin/../lib/gcc/arm-none-eabi/10.2.1/../../../../arm-none-eabi/lib/thumb/v6-m/nofp\libc.a(lib_a-reallocr.o)
                0x00003bd0                _realloc_r
 .text.raise    0x00003f28       0x60 c:/nxp/mcuxpressoide_11.4.0_6237/ide/plugins/com.nxp.mcuxpresso.tools.win32_11.4.0.202103011116/tools/bin/../lib/gcc/arm-none-eabi/10.2.1/../../../../arm-none-eabi/lib/thumb/v6-m/nofp\libc.a(lib_a-signal.o)
                0x00003f28                raise
 .text._kill_r  0x00003f88       0x28 c:/nxp/mcuxpressoide_11.4.0_6237/ide/plugins/com.nxp.mcuxpresso.tools.win32_11.4.0.202103011116/tools/bin/../lib/gcc/arm-none-eabi/10.2.1/../../../../arm-none-eabi/lib/thumb/v6-m/nofp\libc.a(lib_a-signalr.o)
                0x00003f88                _kill_r
 .text._getpid_r
                0x00003fb0        0x8 c:/nxp/mcuxpressoide_11.4.0_6237/ide/plugins/com.nxp.mcuxpresso.tools.win32_11.4.0.202103011116/tools/bin/../lib/gcc/arm-none-eabi/10.2.1/../../../../arm-none-eabi/lib/thumb/v6-m/nofp\libc.a(lib_a-signalr.o)
                0x00003fb0                _getpid_r
 .text.__sread  0x00003fb8       0x28 c:/nxp/mcuxpressoide_11.4.0_6237/ide/plugins/com.nxp.mcuxpresso.tools.win32_11.4.0.202103011116/tools/bin/../lib/gcc/arm-none-eabi/10.2.1/../../../../arm-none-eabi/lib/thumb/v6-m/nofp\libc.a(lib_a-stdio.o)
                0x00003fb8                __sread
 .text.__swrite
                0x00003fe0       0x40 c:/nxp/mcuxpressoide_11.4.0_6237/ide/plugins/com.nxp.mcuxpresso.tools.win32_11.4.0.202103011116/tools/bin/../lib/gcc/arm-none-eabi/10.2.1/../../../../arm-none-eabi/lib/thumb/v6-m/nofp\libc.a(lib_a-stdio.o)
                0x00003fe0                __swrite
 .text.__sseek  0x00004020       0x2c c:/nxp/mcuxpressoide_11.4.0_6237/ide/plugins/com.nxp.mcuxpresso.tools.win32_11.4.0.202103011116/tools/bin/../lib/gcc/arm-none-eabi/10.2.1/../../../../arm-none-eabi/lib/thumb/v6-m/nofp\libc.a(lib_a-stdio.o)
                0x00004020                __sseek
 .text.__sclose
                0x0000404c        0xc c:/nxp/mcuxpressoide_11.4.0_6237/ide/plugins/com.nxp.mcuxpresso.tools.win32_11.4.0.202103011116/tools/bin/../lib/gcc/arm-none-eabi/10.2.1/../../../../arm-none-eabi/lib/thumb/v6-m/nofp\libc.a(lib_a-stdio.o)
                0x0000404c                __sclose
 .text.strncpy  0x00004058       0x6c c:/nxp/mcuxpressoide_11.4.0_6237/ide/plugins/com.nxp.mcuxpresso.tools.win32_11.4.0.202103011116/tools/bin/../lib/gcc/arm-none-eabi/10.2.1/../../../../arm-none-eabi/lib/thumb/v6-m/nofp\libc.a(lib_a-strncpy.o)
                0x00004058                strncpy
 .text.__swbuf_r
                0x000040c4       0xc8 c:/nxp/mcuxpressoide_11.4.0_6237/ide/plugins/com.nxp.mcuxpresso.tools.win32_11.4.0.202103011116/tools/bin/../lib/gcc/arm-none-eabi/10.2.1/../../../../arm-none-eabi/lib/thumb/v6-m/nofp\libc.a(lib_a-wbuf.o)
                0x000040c4                __swbuf_r
 .text._wcrtomb_r
                0x0000418c       0x40 c:/nxp/mcuxpressoide_11.4.0_6237/ide/plugins/com.nxp.mcuxpresso.tools.win32_11.4.0.202103011116/tools/bin/../lib/gcc/arm-none-eabi/10.2.1/../../../../arm-none-eabi/lib/thumb/v6-m/nofp\libc.a(lib_a-wcrtomb.o)
                0x0000418c                _wcrtomb_r
 .text.__ascii_wctomb
                0x000041cc       0x1c c:/nxp/mcuxpressoide_11.4.0_6237/ide/plugins/com.nxp.mcuxpresso.tools.win32_11.4.0.202103011116/tools/bin/../lib/gcc/arm-none-eabi/10.2.1/../../../../arm-none-eabi/lib/thumb/v6-m/nofp\libc.a(lib_a-wctomb_r.o)
                0x000041cc                __ascii_wctomb
 .text._write_r
                0x000041e8       0x28 c:/nxp/mcuxpressoide_11.4.0_6237/ide/plugins/com.nxp.mcuxpresso.tools.win32_11.4.0.202103011116/tools/bin/../lib/gcc/arm-none-eabi/10.2.1/../../../../arm-none-eabi/lib/thumb/v6-m/nofp\libc.a(lib_a-writer.o)
                0x000041e8                _write_r
 .text._close_r
                0x00004210       0x24 c:/nxp/mcuxpressoide_11.4.0_6237/ide/plugins/com.nxp.mcuxpresso.tools.win32_11.4.0.202103011116/tools/bin/../lib/gcc/arm-none-eabi/10.2.1/../../../../arm-none-eabi/lib/thumb/v6-m/nofp\libc.a(lib_a-closer.o)
                0x00004210                _close_r
 .text._fclose_r
                0x00004234       0xdc c:/nxp/mcuxpressoide_11.4.0_6237/ide/plugins/com.nxp.mcuxpresso.tools.win32_11.4.0.202103011116/tools/bin/../lib/gcc/arm-none-eabi/10.2.1/../../../../arm-none-eabi/lib/thumb/v6-m/nofp\libc.a(lib_a-fclose.o)
                0x00004234                _fclose_r
 .text._fstat_r
                0x00004310       0x28 c:/nxp/mcuxpressoide_11.4.0_6237/ide/plugins/com.nxp.mcuxpresso.tools.win32_11.4.0.202103011116/tools/bin/../lib/gcc/arm-none-eabi/10.2.1/../../../../arm-none-eabi/lib/thumb/v6-m/nofp\libc.a(lib_a-fstatr.o)
                0x00004310                _fstat_r
 .text._isatty_r
                0x00004338       0x24 c:/nxp/mcuxpressoide_11.4.0_6237/ide/plugins/com.nxp.mcuxpresso.tools.win32_11.4.0.202103011116/tools/bin/../lib/gcc/arm-none-eabi/10.2.1/../../../../arm-none-eabi/lib/thumb/v6-m/nofp\libc.a(lib_a-isattyr.o)
                0x00004338                _isatty_r
 .text._lseek_r
                0x0000435c       0x28 c:/nxp/mcuxpressoide_11.4.0_6237/ide/plugins/com.nxp.mcuxpresso.tools.win32_11.4.0.202103011116/tools/bin/../lib/gcc/arm-none-eabi/10.2.1/../../../../arm-none-eabi/lib/thumb/v6-m/nofp\libc.a(lib_a-lseekr.o)
                0x0000435c                _lseek_r
 .text._read_r  0x00004384       0x28 c:/nxp/mcuxpressoide_11.4.0_6237/ide/plugins/com.nxp.mcuxpresso.tools.win32_11.4.0.202103011116/tools/bin/../lib/gcc/arm-none-eabi/10.2.1/../../../../arm-none-eabi/lib/thumb/v6-m/nofp\libc.a(lib_a-readr.o)
                0x00004384                _read_r
 .text._sbrk    0x000043ac       0x40 c:/nxp/mcuxpressoide_11.4.0_6237/ide/plugins/com.nxp.mcuxpresso.tools.win32_11.4.0.202103011116/tools/bin/../lib/gcc/arm-none-eabi/10.2.1/../../../../arm-none-eabi/lib/thumb/v6-m/nofp\libcr_newlib_nohost.a(_cr_sbrk.o)
                0x000043ac                _sbrk
 .text._close   0x000043ec       0x10 c:/nxp/mcuxpressoide_11.4.0_6237/ide/plugins/com.nxp.mcuxpresso.tools.win32_11.4.0.202103011116/tools/bin/../lib/gcc/arm-none-eabi/10.2.1/../../../../arm-none-eabi/lib/thumb/v6-m/nofp\libcr_newlib_nohost.a(close.o)
                0x000043ec                _close
 .text._fstat   0x000043fc       0x10 c:/nxp/mcuxpressoide_11.4.0_6237/ide/plugins/com.nxp.mcuxpresso.tools.win32_11.4.0.202103011116/tools/bin/../lib/gcc/arm-none-eabi/10.2.1/../../../../arm-none-eabi/lib/thumb/v6-m/nofp\libcr_newlib_nohost.a(fstat.o)
                0x000043fc                _fstat
 .text._getpid  0x0000440c       0x10 c:/nxp/mcuxpressoide_11.4.0_6237/ide/plugins/com.nxp.mcuxpresso.tools.win32_11.4.0.202103011116/tools/bin/../lib/gcc/arm-none-eabi/10.2.1/../../../../arm-none-eabi/lib/thumb/v6-m/nofp\libcr_newlib_nohost.a(getpid.o)
                0x0000440c                _getpid
 .text._isatty  0x0000441c       0x10 c:/nxp/mcuxpressoide_11.4.0_6237/ide/plugins/com.nxp.mcuxpresso.tools.win32_11.4.0.202103011116/tools/bin/../lib/gcc/arm-none-eabi/10.2.1/../../../../arm-none-eabi/lib/thumb/v6-m/nofp\libcr_newlib_nohost.a(isatty.o)
                0x0000441c                _isatty
 .text._kill    0x0000442c       0x10 c:/nxp/mcuxpressoide_11.4.0_6237/ide/plugins/com.nxp.mcuxpresso.tools.win32_11.4.0.202103011116/tools/bin/../lib/gcc/arm-none-eabi/10.2.1/../../../../arm-none-eabi/lib/thumb/v6-m/nofp\libcr_newlib_nohost.a(kill.o)
                0x0000442c                _kill
 .text._lseek   0x0000443c       0x10 c:/nxp/mcuxpressoide_11.4.0_6237/ide/plugins/com.nxp.mcuxpresso.tools.win32_11.4.0.202103011116/tools/bin/../lib/gcc/arm-none-eabi/10.2.1/../../../../arm-none-eabi/lib/thumb/v6-m/nofp\libcr_newlib_nohost.a(lseek.o)
                0x0000443c                _lseek
 .text._read    0x0000444c       0x10 c:/nxp/mcuxpressoide_11.4.0_6237/ide/plugins/com.nxp.mcuxpresso.tools.win32_11.4.0.202103011116/tools/bin/../lib/gcc/arm-none-eabi/10.2.1/../../../../arm-none-eabi/lib/thumb/v6-m/nofp\libcr_newlib_nohost.a(read.o)
                0x0000444c                _read
 .text._write   0x0000445c       0x10 c:/nxp/mcuxpressoide_11.4.0_6237/ide/plugins/com.nxp.mcuxpresso.tools.win32_11.4.0.202103011116/tools/bin/../lib/gcc/arm-none-eabi/10.2.1/../../../../arm-none-eabi/lib/thumb/v6-m/nofp\libcr_newlib_nohost.a(write.o)
                0x0000445c                _write
 .text.__check_heap_overflow
                0x0000446c       0x18 c:/nxp/mcuxpressoide_11.4.0_6237/ide/plugins/com.nxp.mcuxpresso.tools.win32_11.4.0.202103011116/tools/bin/../lib/gcc/arm-none-eabi/10.2.1/../../../../arm-none-eabi/lib/thumb/v6-m/nofp\libcr_newlib_nohost.a(_cr_check_heap.o)
                0x0000446c                __check_heap_overflow
 .text          0x00004484       0x48 c:/nxp/mcuxpressoide_11.4.0_6237/ide/plugins/com.nxp.mcuxpresso.tools.win32_11.4.0.202103011116/tools/bin/../lib/gcc/arm-none-eabi/10.2.1/thumb/v6-m/nofp\crtbegin.o
 .text          0x000044cc       0x40 c:/nxp/mcuxpressoide_11.4.0_6237/ide/plugins/com.nxp.mcuxpresso.tools.win32_11.4.0.202103011116/tools/bin/../lib/gcc/arm-none-eabi/10.2.1/thumb/v6-m/nofp\libgcc.a(_aeabi_uldivmod.o)
                0x000044cc                __aeabi_uldivmod
 .text          0x0000450c      0x198 c:/nxp/mcuxpressoide_11.4.0_6237/ide/plugins/com.nxp.mcuxpresso.tools.win32_11.4.0.202103011116/tools/bin/../lib/gcc/arm-none-eabi/10.2.1/thumb/v6-m/nofp\libgcc.a(_udivmoddi4.o)
                0x0000450c                __udivmoddi4
 .text          0x000046a4       0x18 c:/nxp/mcuxpressoide_11.4.0_6237/ide/plugins/com.nxp.mcuxpresso.tools.win32_11.4.0.202103011116/tools/bin/../lib/gcc/arm-none-eabi/10.2.1/thumb/v6-m/nofp\libgcc.a(_clzdi2.o)
                0x000046a4                __clzdi2
 .text          0x000046bc       0x3c c:/nxp/mcuxpressoide_11.4.0_6237/ide/plugins/com.nxp.mcuxpresso.tools.win32_11.4.0.202103011116/tools/bin/../lib/gcc/arm-none-eabi/10.2.1/thumb/v6-m/nofp\libgcc.a(_clzsi2.o)
                0x000046bc                __clzsi2
 .text.__errno  0x000046f8        0xc c:/nxp/mcuxpressoide_11.4.0_6237/ide/plugins/com.nxp.mcuxpresso.tools.win32_11.4.0.202103011116/tools/bin/../lib/gcc/arm-none-eabi/10.2.1/../../../../arm-none-eabi/lib/thumb/v6-m/nofp\libc.a(lib_a-errno.o)
                0x000046f8                __errno
 .text.UART_EnableTx
                0x00004704       0x40 ./utilities/fsl_io.o
 .text.UART_EnableRx
                0x00004744       0x40 ./utilities/fsl_io.o
 .text.LPSCI_EnableTx
                0x00004784       0x40 ./utilities/fsl_io.o
 .text.LPSCI_EnableRx
                0x000047c4       0x40 ./utilities/fsl_io.o
 .text.LOG_Init
                0x00004804       0x3a ./utilities/fsl_log.o
                0x00004804                LOG_Init
 .text.GPIO_PinWrite
                0x0000483e       0x34 ./source/contador_led.o
 .text._ZN8ContadorC2Ev
                0x00004872       0x18 ./source/contador_led.o
                0x00004872                Contador::Contador()
                0x00004872                Contador::Contador()
 .text._ZN8Contador11incrementarEv
                0x0000488a       0x1a ./source/contador_led.o
                0x0000488a                Contador::incrementar()
 .text._ZN8Contador10get_cuentaEv
                0x000048a4       0x14 ./source/contador_led.o
                0x000048a4                Contador::get_cuenta()
 .text.CLOCK_GetPll0RefFreq
                0x000048b8       0x10 ./drivers/fsl_clock.o
 .text.CLOCK_BootToFeiMode
                0x000048c8       0x2e ./drivers/fsl_clock.o
                0x000048c8                CLOCK_BootToFeiMode
 .text.GPIO_PinWrite
                0x000048f6       0x34 ./drivers/fsl_gpio.o
 .text.GPIO_WritePinOutput
                0x0000492a       0x24 ./drivers/fsl_gpio.o
 .text.BOARD_InitBootClocks
                0x0000494e        0xe ./board/clock_config.o
                0x0000494e                BOARD_InitBootClocks
 .text.BOARD_InitPeripherals
                0x0000495c        0xa ./board/peripherals.o
                0x0000495c                BOARD_InitPeripherals
 .text.BOARD_InitBootPeripherals
                0x00004966        0xe ./board/peripherals.o
                0x00004966                BOARD_InitBootPeripherals
 .text.BOARD_InitBootPins
                0x00004974       0x12 ./board/pin_mux.o
                0x00004974                BOARD_InitBootPins
 .text.BOARD_InitPins
                0x00004986        0xa ./board/pin_mux.o
                0x00004986                BOARD_InitPins
 .text.SystemInitHook
                0x00004990        0xa ./CMSIS/system_MKL46Z4.o
                0x00004990                SystemInitHook
 .text._exit    0x0000499a        0x2 c:/nxp/mcuxpressoide_11.4.0_6237/ide/plugins/com.nxp.mcuxpresso.tools.win32_11.4.0.202103011116/tools/bin/../lib/gcc/arm-none-eabi/10.2.1/../../../../arm-none-eabi/lib/thumb/v6-m/nofp\libcr_newlib_nohost.a(_exit.o)
                0x0000499a                _exit
 *(SORT_BY_ALIGNMENT(.rodata) SORT_BY_ALIGNMENT(.rodata.*) SORT_BY_ALIGNMENT(.constdata) SORT_BY_ALIGNMENT(.constdata.*))
 .rodata.DbgConsole_Init.str1.4
                0x0000499c       0x41 ./utilities/fsl_debug_console.o
 *fill*         0x000049dd        0x3 ff
 .rodata.__func__.0
                0x000049e0       0x10 ./utilities/fsl_debug_console.o
 .rodata.IO_Init.str1.4
                0x000049f0       0x16 ./utilities/fsl_io.o
 *fill*         0x00004a06        0x2 ff
 .rodata.__func__.0
                0x00004a08        0x8 ./utilities/fsl_io.o
 .rodata        0x00004a10        0x2 ./source/contador_led.o
 *fill*         0x00004a12        0x2 ff
 .rodata.CLOCK_GetMcgExtClkFreq.str1.4
                0x00004a14       0x19 ./drivers/fsl_clock.o
 *fill*         0x00004a2d        0x3 ff
 .rodata.CLOCK_GetPll0Freq.str1.4
                0x00004a30        0xb ./drivers/fsl_clock.o
 *fill*         0x00004a3b        0x1 ff
 .rodata.__func__.8
                0x00004a3c       0x17 ./drivers/fsl_clock.o
 *fill*         0x00004a53        0x1 ff
 .rodata.fllFactorTable.5
                0x00004a54       0x10 ./drivers/fsl_clock.o
 .rodata.__func__.4
                0x00004a64       0x12 ./drivers/fsl_clock.o
 *fill*         0x00004a76        0x2 ff
 .rodata.GPIO_GetInstance.str1.4
                0x00004a78       0x30 ./drivers/fsl_gpio.o
 .rodata.GPIO_PinInit.str1.4
                0x00004aa8        0x7 ./drivers/fsl_gpio.o
 *fill*         0x00004aaf        0x1 ff
 .rodata.__func__.2
                0x00004ab0        0xd ./drivers/fsl_gpio.o
 *fill*         0x00004abd        0x3 ff
 .rodata.LPSCI_GetInstance.str1.4
                0x00004ac0       0x31 ./drivers/fsl_lpsci.o
 *fill*         0x00004af1        0x3 ff
 .rodata.LPSCI_Init.str1.4
                0x00004af4       0x15 ./drivers/fsl_lpsci.o
                                 0x1d (size before relaxing)
 *fill*         0x00004b09        0x3 ff
 .rodata.__func__.19
                0x00004b0c       0x12 ./drivers/fsl_lpsci.o
 *fill*         0x00004b1e        0x2 ff
 .rodata.__func__.14
                0x00004b20        0xb ./drivers/fsl_lpsci.o
 *fill*         0x00004b2b        0x1 ff
 .rodata.__func__.13
                0x00004b2c       0x17 ./drivers/fsl_lpsci.o
 *fill*         0x00004b43        0x1 ff
 .rodata.s_uartBases
                0x00004b44        0xc ./drivers/fsl_uart.o
 .rodata.s_uartClock
                0x00004b50        0xc ./drivers/fsl_uart.o
 .rodata.UART_GetInstance.str1.4
                0x00004b5c       0x28 ./drivers/fsl_uart.o
 .rodata.UART_Init.str1.4
                0x00004b84       0x1d ./drivers/fsl_uart.o
 .rodata.__func__.18
                0x00004b84       0x11 ./drivers/fsl_uart.o
 *fill*         0x00004b95        0x3 ff
 .rodata.__func__.15
                0x00004b98        0xa ./drivers/fsl_uart.o
 *fill*         0x00004ba2        0x2 ff
 .rodata.__func__.14
                0x00004ba4       0x16 ./drivers/fsl_uart.o
 *fill*         0x00004bba        0x2 ff
 .rodata.simConfig_BOARD_BootClockRUN
                0x00004bbc        0x8 ./board/clock_config.o
                0x00004bbc                simConfig_BOARD_BootClockRUN
 .rodata.PORT_SetPinConfig.str1.4
                0x00004bc4       0x4e ./board/pin_mux.o
                                 0x56 (size before relaxing)
 *fill*         0x00004c12        0x2 ff
 .rodata.__func__.0
                0x00004c14       0x12 ./board/pin_mux.o
 *fill*         0x00004c26        0x2 ff
 .rodata.__assert_func.str1.4
                0x00004c28       0x3f c:/nxp/mcuxpressoide_11.4.0_6237/ide/plugins/com.nxp.mcuxpresso.tools.win32_11.4.0.202103011116/tools/bin/../lib/gcc/arm-none-eabi/10.2.1/../../../../arm-none-eabi/lib/thumb/v6-m/nofp\libc.a(lib_a-assert.o)
                                 0x43 (size before relaxing)
 *fill*         0x00004c67        0x1 ff
 .rodata._vfiprintf_r.str1.4
                0x00004c68       0x2f c:/nxp/mcuxpressoide_11.4.0_6237/ide/plugins/com.nxp.mcuxpresso.tools.win32_11.4.0.202103011116/tools/bin/../lib/gcc/arm-none-eabi/10.2.1/../../../../arm-none-eabi/lib/thumb/v6-m/nofp\libc.a(lib_a-vfiprintf.o)
 *fill*         0x00004c97        0x1 ff
 .rodata._vfiprintf_r
                0x00004c98      0x16c c:/nxp/mcuxpressoide_11.4.0_6237/ide/plugins/com.nxp.mcuxpresso.tools.win32_11.4.0.202103011116/tools/bin/../lib/gcc/arm-none-eabi/10.2.1/../../../../arm-none-eabi/lib/thumb/v6-m/nofp\libc.a(lib_a-vfiprintf.o)
 .rodata.blanks.1
                0x00004e04       0x10 c:/nxp/mcuxpressoide_11.4.0_6237/ide/plugins/com.nxp.mcuxpresso.tools.win32_11.4.0.202103011116/tools/bin/../lib/gcc/arm-none-eabi/10.2.1/../../../../arm-none-eabi/lib/thumb/v6-m/nofp\libc.a(lib_a-vfiprintf.o)
 .rodata.zeroes.0
                0x00004e14       0x10 c:/nxp/mcuxpressoide_11.4.0_6237/ide/plugins/com.nxp.mcuxpresso.tools.win32_11.4.0.202103011116/tools/bin/../lib/gcc/arm-none-eabi/10.2.1/../../../../arm-none-eabi/lib/thumb/v6-m/nofp\libc.a(lib_a-vfiprintf.o)
 .rodata._setlocale_r.str1.4
                0x00004e24        0xa c:/nxp/mcuxpressoide_11.4.0_6237/ide/plugins/com.nxp.mcuxpresso.tools.win32_11.4.0.202103011116/tools/bin/../lib/gcc/arm-none-eabi/10.2.1/../../../../arm-none-eabi/lib/thumb/v6-m/nofp\libc.a(lib_a-locale.o)
                                  0xd (size before relaxing)
 *fill*         0x00004e2e        0x2 ff
 .rodata.str1.4
                0x00004e30        0x2 c:/nxp/mcuxpressoide_11.4.0_6237/ide/plugins/com.nxp.mcuxpresso.tools.win32_11.4.0.202103011116/tools/bin/../lib/gcc/arm-none-eabi/10.2.1/../../../../arm-none-eabi/lib/thumb/v6-m/nofp\libc.a(lib_a-locale.o)
 *fill*         0x00004e32        0x2 ff
 .rodata._ctype_
                0x00004e34      0x101 c:/nxp/mcuxpressoide_11.4.0_6237/ide/plugins/com.nxp.mcuxpresso.tools.win32_11.4.0.202103011116/tools/bin/../lib/gcc/arm-none-eabi/10.2.1/../../../../arm-none-eabi/lib/thumb/v6-m/nofp\libc.a(lib_a-ctype_.o)
                0x00004e34                _ctype_
                0x00004f38                . = ALIGN (0x4)
 *fill*         0x00004f35        0x3 ff
                0x00004f38                . = ALIGN (0x4)
 *(.init)
 .init          0x00004f38        0x4 c:/nxp/mcuxpressoide_11.4.0_6237/ide/plugins/com.nxp.mcuxpresso.tools.win32_11.4.0.202103011116/tools/bin/../lib/gcc/arm-none-eabi/10.2.1/thumb/v6-m/nofp\crti.o
                0x00004f38                _init
 .init          0x00004f3c        0x8 c:/nxp/mcuxpressoide_11.4.0_6237/ide/plugins/com.nxp.mcuxpresso.tools.win32_11.4.0.202103011116/tools/bin/../lib/gcc/arm-none-eabi/10.2.1/thumb/v6-m/nofp\crtn.o
                0x00004f44                . = ALIGN (0x4)
                0x00004f44                __preinit_array_start = .
 *(SORT_BY_ALIGNMENT(.preinit_array))
                0x00004f44                __preinit_array_end = .
                0x00004f44                . = ALIGN (0x4)
                0x00004f44                __init_array_start = .
 *(SORT_BY_NAME(SORT_BY_ALIGNMENT(.init_array.*)))
 *(SORT_BY_ALIGNMENT(.init_array))
 .init_array    0x00004f44        0x4 c:/nxp/mcuxpressoide_11.4.0_6237/ide/plugins/com.nxp.mcuxpresso.tools.win32_11.4.0.202103011116/tools/bin/../lib/gcc/arm-none-eabi/10.2.1/thumb/v6-m/nofp\crtbegin.o
                0x00004f48                __init_array_end = .
 *(.fini)
 .fini          0x00004f48        0x4 c:/nxp/mcuxpressoide_11.4.0_6237/ide/plugins/com.nxp.mcuxpresso.tools.win32_11.4.0.202103011116/tools/bin/../lib/gcc/arm-none-eabi/10.2.1/thumb/v6-m/nofp\crti.o
                0x00004f48                _fini
 .fini          0x00004f4c        0x8 c:/nxp/mcuxpressoide_11.4.0_6237/ide/plugins/com.nxp.mcuxpresso.tools.win32_11.4.0.202103011116/tools/bin/../lib/gcc/arm-none-eabi/10.2.1/thumb/v6-m/nofp\crtn.o
                0x00004f54                . = ALIGN (0x4)
 *crtbegin.o(SORT_BY_ALIGNMENT(.ctors))
 *(SORT_BY_ALIGNMENT(EXCLUDE_FILE(*crtend.o) .ctors))
 *(SORT_BY_NAME(SORT_BY_ALIGNMENT(.ctors.*)))
 *crtend.o(SORT_BY_ALIGNMENT(.ctors))
                0x00004f54                . = ALIGN (0x4)
 *crtbegin.o(SORT_BY_ALIGNMENT(.dtors))
 *(SORT_BY_ALIGNMENT(EXCLUDE_FILE(*crtend.o) .dtors))
 *(SORT_BY_NAME(SORT_BY_ALIGNMENT(.dtors.*)))
 *crtend.o(SORT_BY_ALIGNMENT(.dtors))
                0x00004f54                . = ALIGN (0x4)

.glue_7         0x00004f54        0x0
 .glue_7        0x00004f54        0x0 linker stubs

.glue_7t        0x00004f54        0x0
 .glue_7t       0x00004f54        0x0 linker stubs

.vfp11_veneer   0x00004f54        0x0
 .vfp11_veneer  0x00004f54        0x0 linker stubs

.v4_bx          0x00004f54        0x0
 .v4_bx         0x00004f54        0x0 linker stubs

.iplt           0x00004f54        0x0
 .iplt          0x00004f54        0x0 ./utilities/fsl_debug_console.o

.ARM.extab
 *(SORT_BY_ALIGNMENT(.ARM.extab*) SORT_BY_ALIGNMENT(.gnu.linkonce.armextab.*))

.ARM.exidx      0x00004f54        0x8
                0x00004f54                __exidx_start = .
 *(SORT_BY_ALIGNMENT(.ARM.exidx*) SORT_BY_ALIGNMENT(.gnu.linkonce.armexidx.*))
 .ARM.exidx     0x00004f54        0x8 c:/nxp/mcuxpressoide_11.4.0_6237/ide/plugins/com.nxp.mcuxpresso.tools.win32_11.4.0.202103011116/tools/bin/../lib/gcc/arm-none-eabi/10.2.1/thumb/v6-m/nofp\libgcc.a(_udivmoddi4.o)
                0x00004f5c                __exidx_end = .
                0x00004f5c                _etext = .

.rel.dyn        0x00004f5c        0x0
 .rel.iplt      0x00004f5c        0x0 ./utilities/fsl_debug_console.o

.eh_frame       0x00004f5c        0x0
 .eh_frame      0x00004f5c        0x0 c:/nxp/mcuxpressoide_11.4.0_6237/ide/plugins/com.nxp.mcuxpresso.tools.win32_11.4.0.202103011116/tools/bin/../lib/gcc/arm-none-eabi/10.2.1/thumb/v6-m/nofp\crtbegin.o

.m_usb_data
 *(SORT_BY_ALIGNMENT(m_usb_bdt))

.mtb_buffer_default
                0x1fffe000       0x80
 *(SORT_BY_ALIGNMENT(.mtb*))
 .mtb.$RAM1     0x1fffe000       0x80 ./source/mtb.o
                0x1fffe000                __mtb_buffer__

.uninit_RESERVED
                0x1fffe080        0x0
                0x1fffe080                _start_uninit_RESERVED = .
 *(SORT_BY_ALIGNMENT(.bss.$RESERVED*))
                0x1fffe080                . = ALIGN (0x4)
                0x1fffe080                _end_uninit_RESERVED = .

.data           0x1fffe080      0x9b0 load address 0x00004f5c
 FILL mask 0xff
                0x1fffe080                _data = .
                [!provide]                PROVIDE (__start_data_RAM = .)
                [!provide]                PROVIDE (__start_data_SRAM = .)
 *(SORT_BY_ALIGNMENT(vtable))
 *(SORT_BY_ALIGNMENT(.ramfunc*))
 *(SORT_BY_ALIGNMENT(CodeQuickAccess))
 *(SORT_BY_ALIGNMENT(DataQuickAccess))
 *(SORT_BY_ALIGNMENT(RamFunction))
 *(SORT_BY_ALIGNMENT(.data*))
 .data.impure_data
                0x1fffe080      0x428 c:/nxp/mcuxpressoide_11.4.0_6237/ide/plugins/com.nxp.mcuxpresso.tools.win32_11.4.0.202103011116/tools/bin/../lib/gcc/arm-none-eabi/10.2.1/../../../../arm-none-eabi/lib/thumb/v6-m/nofp\libc.a(lib_a-impure.o)
 .data.s_slowIrcFreq
                0x1fffe4a8        0x4 ./drivers/fsl_clock.o
 .data.SystemCoreClock
                0x1fffe4ac        0x4 ./CMSIS/system_MKL46Z4.o
                0x1fffe4ac                SystemCoreClock
 .data._impure_ptr
                0x1fffe4b0        0x4 c:/nxp/mcuxpressoide_11.4.0_6237/ide/plugins/com.nxp.mcuxpresso.tools.win32_11.4.0.202103011116/tools/bin/../lib/gcc/arm-none-eabi/10.2.1/../../../../arm-none-eabi/lib/thumb/v6-m/nofp\libc.a(lib_a-impure.o)
                0x1fffe4b0                _impure_ptr
 .data.__malloc_av_
                0x1fffe4b4      0x408 c:/nxp/mcuxpressoide_11.4.0_6237/ide/plugins/com.nxp.mcuxpresso.tools.win32_11.4.0.202103011116/tools/bin/../lib/gcc/arm-none-eabi/10.2.1/../../../../arm-none-eabi/lib/thumb/v6-m/nofp\libc.a(lib_a-mallocr.o)
                0x1fffe4b4                __malloc_av_
 .data.__malloc_sbrk_base
                0x1fffe8bc        0x4 c:/nxp/mcuxpressoide_11.4.0_6237/ide/plugins/com.nxp.mcuxpresso.tools.win32_11.4.0.202103011116/tools/bin/../lib/gcc/arm-none-eabi/10.2.1/../../../../arm-none-eabi/lib/thumb/v6-m/nofp\libc.a(lib_a-mallocr.o)
                0x1fffe8bc                __malloc_sbrk_base
 .data.__malloc_trim_threshold
                0x1fffe8c0        0x4 c:/nxp/mcuxpressoide_11.4.0_6237/ide/plugins/com.nxp.mcuxpresso.tools.win32_11.4.0.202103011116/tools/bin/../lib/gcc/arm-none-eabi/10.2.1/../../../../arm-none-eabi/lib/thumb/v6-m/nofp\libc.a(lib_a-mallocr.o)
                0x1fffe8c0                __malloc_trim_threshold
 .data.__global_locale
                0x1fffe8c4      0x16c c:/nxp/mcuxpressoide_11.4.0_6237/ide/plugins/com.nxp.mcuxpresso.tools.win32_11.4.0.202103011116/tools/bin/../lib/gcc/arm-none-eabi/10.2.1/../../../../arm-none-eabi/lib/thumb/v6-m/nofp\libc.a(lib_a-locale.o)
                0x1fffe8c4                __global_locale
                0x1fffea30                . = ALIGN (0x4)
                0x1fffea30                _edata = .
                [!provide]                PROVIDE (__end_data_RAM = .)
                [!provide]                PROVIDE (__end_data_SRAM = .)

.igot.plt       0x1fffea30        0x0 load address 0x0000590c
 .igot.plt      0x1fffea30        0x0 ./utilities/fsl_debug_console.o

.bss            0x1fffea30       0x98
                0x1fffea30                _bss = .
                [!provide]                PROVIDE (__start_bss_RAM = .)
                [!provide]                PROVIDE (__start_bss_SRAM = .)
 *(SORT_BY_ALIGNMENT(.bss*))
 .bss.s_debugConsoleIO
                0x1fffea30        0x8 ./utilities/fsl_io.o
 .bss.g_xtal0Freq
                0x1fffea38        0x4 ./drivers/fsl_clock.o
                0x1fffea38                g_xtal0Freq
 .bss.s_i2cHandle
                0x1fffea3c        0x8 ./drivers/fsl_i2c.o
 .bss.s_i2cMasterIsr
                0x1fffea44        0x4 ./drivers/fsl_i2c.o
 .bss.s_i2cSlaveIsr
                0x1fffea48        0x4 ./drivers/fsl_i2c.o
 .bss.s_lpsciHandle
                0x1fffea4c        0x4 ./drivers/fsl_lpsci.o
 .bss.s_lpsciIsr
                0x1fffea50        0x4 ./drivers/fsl_lpsci.o
 .bss.s_uartHandle
                0x1fffea54        0xc ./drivers/fsl_uart.o
 .bss.s_uartIsr
                0x1fffea60        0x4 ./drivers/fsl_uart.o
 .bss.__malloc_current_mallinfo
                0x1fffea64       0x28 c:/nxp/mcuxpressoide_11.4.0_6237/ide/plugins/com.nxp.mcuxpresso.tools.win32_11.4.0.202103011116/tools/bin/../lib/gcc/arm-none-eabi/10.2.1/../../../../arm-none-eabi/lib/thumb/v6-m/nofp\libc.a(lib_a-mallocr.o)
                0x1fffea64                __malloc_current_mallinfo
 .bss.__malloc_max_sbrked_mem
                0x1fffea8c        0x4 c:/nxp/mcuxpressoide_11.4.0_6237/ide/plugins/com.nxp.mcuxpresso.tools.win32_11.4.0.202103011116/tools/bin/../lib/gcc/arm-none-eabi/10.2.1/../../../../arm-none-eabi/lib/thumb/v6-m/nofp\libc.a(lib_a-mallocr.o)
                0x1fffea8c                __malloc_max_sbrked_mem
 .bss.__malloc_max_total_mem
                0x1fffea90        0x4 c:/nxp/mcuxpressoide_11.4.0_6237/ide/plugins/com.nxp.mcuxpresso.tools.win32_11.4.0.202103011116/tools/bin/../lib/gcc/arm-none-eabi/10.2.1/../../../../arm-none-eabi/lib/thumb/v6-m/nofp\libc.a(lib_a-mallocr.o)
                0x1fffea90                __malloc_max_total_mem
 .bss.__malloc_top_pad
                0x1fffea94        0x4 c:/nxp/mcuxpressoide_11.4.0_6237/ide/plugins/com.nxp.mcuxpresso.tools.win32_11.4.0.202103011116/tools/bin/../lib/gcc/arm-none-eabi/10.2.1/../../../../arm-none-eabi/lib/thumb/v6-m/nofp\libc.a(lib_a-mallocr.o)
                0x1fffea94                __malloc_top_pad
 .bss.__lock___malloc_recursive_mutex
                0x1fffea98        0x1 c:/nxp/mcuxpressoide_11.4.0_6237/ide/plugins/com.nxp.mcuxpresso.tools.win32_11.4.0.202103011116/tools/bin/../lib/gcc/arm-none-eabi/10.2.1/../../../../arm-none-eabi/lib/thumb/v6-m/nofp\libc.a(lib_a-lock.o)
                0x1fffea98                __lock___malloc_recursive_mutex
 *fill*         0x1fffea99        0x3 
 .bss.__lock___sfp_recursive_mutex
                0x1fffea9c        0x1 c:/nxp/mcuxpressoide_11.4.0_6237/ide/plugins/com.nxp.mcuxpresso.tools.win32_11.4.0.202103011116/tools/bin/../lib/gcc/arm-none-eabi/10.2.1/../../../../arm-none-eabi/lib/thumb/v6-m/nofp\libc.a(lib_a-lock.o)
                0x1fffea9c                __lock___sfp_recursive_mutex
 *fill*         0x1fffea9d        0x3 
 .bss.__lock___sinit_recursive_mutex
                0x1fffeaa0        0x1 c:/nxp/mcuxpressoide_11.4.0_6237/ide/plugins/com.nxp.mcuxpresso.tools.win32_11.4.0.202103011116/tools/bin/../lib/gcc/arm-none-eabi/10.2.1/../../../../arm-none-eabi/lib/thumb/v6-m/nofp\libc.a(lib_a-lock.o)
                0x1fffeaa0                __lock___sinit_recursive_mutex
 *fill*         0x1fffeaa1        0x3 
 .bss.errno     0x1fffeaa4        0x4 c:/nxp/mcuxpressoide_11.4.0_6237/ide/plugins/com.nxp.mcuxpresso.tools.win32_11.4.0.202103011116/tools/bin/../lib/gcc/arm-none-eabi/10.2.1/../../../../arm-none-eabi/lib/thumb/v6-m/nofp\libc.a(lib_a-reent.o)
                0x1fffeaa4                errno
 .bss.__end_of_heap
                0x1fffeaa8        0x4 c:/nxp/mcuxpressoide_11.4.0_6237/ide/plugins/com.nxp.mcuxpresso.tools.win32_11.4.0.202103011116/tools/bin/../lib/gcc/arm-none-eabi/10.2.1/../../../../arm-none-eabi/lib/thumb/v6-m/nofp\libcr_newlib_nohost.a(_cr_sbrk.o)
                0x1fffeaa8                __end_of_heap
 .bss           0x1fffeaac       0x1c c:/nxp/mcuxpressoide_11.4.0_6237/ide/plugins/com.nxp.mcuxpresso.tools.win32_11.4.0.202103011116/tools/bin/../lib/gcc/arm-none-eabi/10.2.1/thumb/v6-m/nofp\crtbegin.o
 *(SORT_BY_ALIGNMENT(COMMON))
                0x1fffeac8                . = ALIGN (0x4)
                0x1fffeac8                _ebss = .
                [!provide]                PROVIDE (__end_bss_RAM = .)
                [!provide]                PROVIDE (__end_bss_SRAM = .)
                [!provide]                PROVIDE (end = .)

.noinit         0x1fffeac8        0x0
                0x1fffeac8                _noinit = .
                [!provide]                PROVIDE (__start_noinit_RAM = .)
                [!provide]                PROVIDE (__start_noinit_SRAM = .)
 *(SORT_BY_ALIGNMENT(.noinit*))
                0x1fffeac8                . = ALIGN (0x4)
                0x1fffeac8                _end_noinit = .
                [!provide]                PROVIDE (__end_noinit_RAM = .)
                [!provide]                PROVIDE (__end_noinit_SRAM = .)
                0x00000800                _HeapSize = 0x800

.heap           0x1fffeac8      0x800
                0x1fffeac8                _pvHeapStart = .
                0x1ffff2c8                . = (. + _HeapSize)
 *fill*         0x1fffeac8      0x800 
                0x1ffff2c8                . = ALIGN (0x4)
                0x1ffff2c8                _pvHeapLimit = .
                0x00000800                _StackSize = 0x800

.heap2stackfill
                0x1ffff2c8      0x800
                0x1ffffac8                . = (. + _StackSize)
 *fill*         0x1ffff2c8      0x800 

.stack          0x20005800        0x0
                0x20005800                _vStackBase = .
                0x20005800                . = ALIGN (0x4)
                0x20006000                _vStackTop = (. + _StackSize)
                0x00000000                _image_start = LOADADDR (.text)
                0x0000590c                _image_end = (LOADADDR (.data) + SIZEOF (.data))
                0x0000590c                _image_size = (_image_end - _image_start)
OUTPUT(contador_led.axf elf32-littlearm)
LOAD linker stubs

.debug_info     0x00000000     0xbe46
 .debug_info    0x00000000      0x36a ./utilities/fsl_debug_console.o
 .debug_info    0x0000036a      0x8fd ./utilities/fsl_io.o
 .debug_info    0x00000c67      0x374 ./utilities/fsl_log.o
 .debug_info    0x00000fdb      0x4ee ./startup/startup_mkl46z4.o
 .debug_info    0x000014c9      0xe09 ./source/contador_led.o
 .debug_info    0x000022d2       0x53 ./source/mtb.o
 .debug_info    0x00002325       0x3c ./source/semihost_hardfault.o
 .debug_info    0x00002361     0x1b7a ./drivers/fsl_clock.o
 .debug_info    0x00003edb      0x87f ./drivers/fsl_gpio.o
 .debug_info    0x0000475a     0x1ca4 ./drivers/fsl_i2c.o
 .debug_info    0x000063fe     0x16e7 ./drivers/fsl_lpsci.o
 .debug_info    0x00007ae5     0x1664 ./drivers/fsl_uart.o
 .debug_info    0x00009149      0x3a2 ./board/board.o
 .debug_info    0x000094eb      0x97f ./board/clock_config.o
 .debug_info    0x00009e6a      0x6db ./board/peripherals.o
 .debug_info    0x0000a545      0xa9f ./board/pin_mux.o
 .debug_info    0x0000afe4      0x40e ./CMSIS/system_MKL46Z4.o
 .debug_info    0x0000b3f2      0x132 c:/nxp/mcuxpressoide_11.4.0_6237/ide/plugins/com.nxp.mcuxpresso.tools.win32_11.4.0.202103011116/tools/bin/../lib/gcc/arm-none-eabi/10.2.1/../../../../arm-none-eabi/lib/thumb/v6-m/nofp\libcr_newlib_nohost.a(_cr_sbrk.o)
 .debug_info    0x0000b524       0xa3 c:/nxp/mcuxpressoide_11.4.0_6237/ide/plugins/com.nxp.mcuxpresso.tools.win32_11.4.0.202103011116/tools/bin/../lib/gcc/arm-none-eabi/10.2.1/../../../../arm-none-eabi/lib/thumb/v6-m/nofp\libcr_newlib_nohost.a(_exit.o)
 .debug_info    0x0000b5c7       0xb1 c:/nxp/mcuxpressoide_11.4.0_6237/ide/plugins/com.nxp.mcuxpresso.tools.win32_11.4.0.202103011116/tools/bin/../lib/gcc/arm-none-eabi/10.2.1/../../../../arm-none-eabi/lib/thumb/v6-m/nofp\libcr_newlib_nohost.a(close.o)
 .debug_info    0x0000b678      0x2cc c:/nxp/mcuxpressoide_11.4.0_6237/ide/plugins/com.nxp.mcuxpresso.tools.win32_11.4.0.202103011116/tools/bin/../lib/gcc/arm-none-eabi/10.2.1/../../../../arm-none-eabi/lib/thumb/v6-m/nofp\libcr_newlib_nohost.a(fstat.o)
 .debug_info    0x0000b944       0x9c c:/nxp/mcuxpressoide_11.4.0_6237/ide/plugins/com.nxp.mcuxpresso.tools.win32_11.4.0.202103011116/tools/bin/../lib/gcc/arm-none-eabi/10.2.1/../../../../arm-none-eabi/lib/thumb/v6-m/nofp\libcr_newlib_nohost.a(getpid.o)
 .debug_info    0x0000b9e0       0xb1 c:/nxp/mcuxpressoide_11.4.0_6237/ide/plugins/com.nxp.mcuxpresso.tools.win32_11.4.0.202103011116/tools/bin/../lib/gcc/arm-none-eabi/10.2.1/../../../../arm-none-eabi/lib/thumb/v6-m/nofp\libcr_newlib_nohost.a(isatty.o)
 .debug_info    0x0000ba91       0xbf c:/nxp/mcuxpressoide_11.4.0_6237/ide/plugins/com.nxp.mcuxpresso.tools.win32_11.4.0.202103011116/tools/bin/../lib/gcc/arm-none-eabi/10.2.1/../../../../arm-none-eabi/lib/thumb/v6-m/nofp\libcr_newlib_nohost.a(kill.o)
 .debug_info    0x0000bb50       0xd3 c:/nxp/mcuxpressoide_11.4.0_6237/ide/plugins/com.nxp.mcuxpresso.tools.win32_11.4.0.202103011116/tools/bin/../lib/gcc/arm-none-eabi/10.2.1/../../../../arm-none-eabi/lib/thumb/v6-m/nofp\libcr_newlib_nohost.a(lseek.o)
 .debug_info    0x0000bc23       0xd9 c:/nxp/mcuxpressoide_11.4.0_6237/ide/plugins/com.nxp.mcuxpresso.tools.win32_11.4.0.202103011116/tools/bin/../lib/gcc/arm-none-eabi/10.2.1/../../../../arm-none-eabi/lib/thumb/v6-m/nofp\libcr_newlib_nohost.a(read.o)
 .debug_info    0x0000bcfc       0xd9 c:/nxp/mcuxpressoide_11.4.0_6237/ide/plugins/com.nxp.mcuxpresso.tools.win32_11.4.0.202103011116/tools/bin/../lib/gcc/arm-none-eabi/10.2.1/../../../../arm-none-eabi/lib/thumb/v6-m/nofp\libcr_newlib_nohost.a(write.o)
 .debug_info    0x0000bdd5       0x71 c:/nxp/mcuxpressoide_11.4.0_6237/ide/plugins/com.nxp.mcuxpresso.tools.win32_11.4.0.202103011116/tools/bin/../lib/gcc/arm-none-eabi/10.2.1/../../../../arm-none-eabi/lib/thumb/v6-m/nofp\libcr_newlib_nohost.a(_cr_check_heap.o)

.debug_abbrev   0x00000000     0x27c7
 .debug_abbrev  0x00000000      0x149 ./utilities/fsl_debug_console.o
 .debug_abbrev  0x00000149      0x1f3 ./utilities/fsl_io.o
 .debug_abbrev  0x0000033c      0x182 ./utilities/fsl_log.o
 .debug_abbrev  0x000004be      0x18e ./startup/startup_mkl46z4.o
 .debug_abbrev  0x0000064c      0x3d7 ./source/contador_led.o
 .debug_abbrev  0x00000a23       0x46 ./source/mtb.o
 .debug_abbrev  0x00000a69       0x31 ./source/semihost_hardfault.o
 .debug_abbrev  0x00000a9a      0x33e ./drivers/fsl_clock.o
 .debug_abbrev  0x00000dd8      0x203 ./drivers/fsl_gpio.o
 .debug_abbrev  0x00000fdb      0x383 ./drivers/fsl_i2c.o
 .debug_abbrev  0x0000135e      0x300 ./drivers/fsl_lpsci.o
 .debug_abbrev  0x0000165e      0x300 ./drivers/fsl_uart.o
 .debug_abbrev  0x0000195e      0x11b ./board/board.o
 .debug_abbrev  0x00001a79      0x201 ./board/clock_config.o
 .debug_abbrev  0x00001c7a      0x163 ./board/peripherals.o
 .debug_abbrev  0x00001ddd      0x2a8 ./board/pin_mux.o
 .debug_abbrev  0x00002085      0x148 ./CMSIS/system_MKL46Z4.o
 .debug_abbrev  0x000021cd       0xe3 c:/nxp/mcuxpressoide_11.4.0_6237/ide/plugins/com.nxp.mcuxpresso.tools.win32_11.4.0.202103011116/tools/bin/../lib/gcc/arm-none-eabi/10.2.1/../../../../arm-none-eabi/lib/thumb/v6-m/nofp\libcr_newlib_nohost.a(_cr_sbrk.o)
 .debug_abbrev  0x000022b0       0x67 c:/nxp/mcuxpressoide_11.4.0_6237/ide/plugins/com.nxp.mcuxpresso.tools.win32_11.4.0.202103011116/tools/bin/../lib/gcc/arm-none-eabi/10.2.1/../../../../arm-none-eabi/lib/thumb/v6-m/nofp\libcr_newlib_nohost.a(_exit.o)
 .debug_abbrev  0x00002317       0x6d c:/nxp/mcuxpressoide_11.4.0_6237/ide/plugins/com.nxp.mcuxpresso.tools.win32_11.4.0.202103011116/tools/bin/../lib/gcc/arm-none-eabi/10.2.1/../../../../arm-none-eabi/lib/thumb/v6-m/nofp\libcr_newlib_nohost.a(close.o)
 .debug_abbrev  0x00002384       0xcc c:/nxp/mcuxpressoide_11.4.0_6237/ide/plugins/com.nxp.mcuxpresso.tools.win32_11.4.0.202103011116/tools/bin/../lib/gcc/arm-none-eabi/10.2.1/../../../../arm-none-eabi/lib/thumb/v6-m/nofp\libcr_newlib_nohost.a(fstat.o)
 .debug_abbrev  0x00002450       0x59 c:/nxp/mcuxpressoide_11.4.0_6237/ide/plugins/com.nxp.mcuxpresso.tools.win32_11.4.0.202103011116/tools/bin/../lib/gcc/arm-none-eabi/10.2.1/../../../../arm-none-eabi/lib/thumb/v6-m/nofp\libcr_newlib_nohost.a(getpid.o)
 .debug_abbrev  0x000024a9       0x6d c:/nxp/mcuxpressoide_11.4.0_6237/ide/plugins/com.nxp.mcuxpresso.tools.win32_11.4.0.202103011116/tools/bin/../lib/gcc/arm-none-eabi/10.2.1/../../../../arm-none-eabi/lib/thumb/v6-m/nofp\libcr_newlib_nohost.a(isatty.o)
 .debug_abbrev  0x00002516       0x7e c:/nxp/mcuxpressoide_11.4.0_6237/ide/plugins/com.nxp.mcuxpresso.tools.win32_11.4.0.202103011116/tools/bin/../lib/gcc/arm-none-eabi/10.2.1/../../../../arm-none-eabi/lib/thumb/v6-m/nofp\libcr_newlib_nohost.a(kill.o)
 .debug_abbrev  0x00002594       0x92 c:/nxp/mcuxpressoide_11.4.0_6237/ide/plugins/com.nxp.mcuxpresso.tools.win32_11.4.0.202103011116/tools/bin/../lib/gcc/arm-none-eabi/10.2.1/../../../../arm-none-eabi/lib/thumb/v6-m/nofp\libcr_newlib_nohost.a(lseek.o)
 .debug_abbrev  0x00002626       0x9b c:/nxp/mcuxpressoide_11.4.0_6237/ide/plugins/com.nxp.mcuxpresso.tools.win32_11.4.0.202103011116/tools/bin/../lib/gcc/arm-none-eabi/10.2.1/../../../../arm-none-eabi/lib/thumb/v6-m/nofp\libcr_newlib_nohost.a(read.o)
 .debug_abbrev  0x000026c1       0x9b c:/nxp/mcuxpressoide_11.4.0_6237/ide/plugins/com.nxp.mcuxpresso.tools.win32_11.4.0.202103011116/tools/bin/../lib/gcc/arm-none-eabi/10.2.1/../../../../arm-none-eabi/lib/thumb/v6-m/nofp\libcr_newlib_nohost.a(write.o)
 .debug_abbrev  0x0000275c       0x6b c:/nxp/mcuxpressoide_11.4.0_6237/ide/plugins/com.nxp.mcuxpresso.tools.win32_11.4.0.202103011116/tools/bin/../lib/gcc/arm-none-eabi/10.2.1/../../../../arm-none-eabi/lib/thumb/v6-m/nofp\libcr_newlib_nohost.a(_cr_check_heap.o)

.debug_aranges  0x00000000      0xc28
 .debug_aranges
                0x00000000       0x58 ./utilities/fsl_debug_console.o
 .debug_aranges
                0x00000058       0x58 ./utilities/fsl_io.o
 .debug_aranges
                0x000000b0       0x58 ./utilities/fsl_log.o
 .debug_aranges
                0x00000108      0x160 ./startup/startup_mkl46z4.o
 .debug_aranges
                0x00000268       0x50 ./source/contador_led.o
 .debug_aranges
                0x000002b8       0x18 ./source/mtb.o
 .debug_aranges
                0x000002d0       0x20 ./source/semihost_hardfault.o
 .debug_aranges
                0x000002f0      0x1d8 ./drivers/fsl_clock.o
 .debug_aranges
                0x000004c8       0x78 ./drivers/fsl_gpio.o
 .debug_aranges
                0x00000540      0x178 ./drivers/fsl_i2c.o
 .debug_aranges
                0x000006b8      0x118 ./drivers/fsl_lpsci.o
 .debug_aranges
                0x000007d0      0x130 ./drivers/fsl_uart.o
 .debug_aranges
                0x00000900       0x28 ./board/board.o
 .debug_aranges
                0x00000928       0x50 ./board/clock_config.o
 .debug_aranges
                0x00000978       0x98 ./board/peripherals.o
 .debug_aranges
                0x00000a10       0x88 ./board/pin_mux.o
 .debug_aranges
                0x00000a98       0x30 ./CMSIS/system_MKL46Z4.o
 .debug_aranges
                0x00000ac8       0x20 c:/nxp/mcuxpressoide_11.4.0_6237/ide/plugins/com.nxp.mcuxpresso.tools.win32_11.4.0.202103011116/tools/bin/../lib/gcc/arm-none-eabi/10.2.1/../../../../arm-none-eabi/lib/thumb/v6-m/nofp\libcr_newlib_nohost.a(_cr_sbrk.o)
 .debug_aranges
                0x00000ae8       0x20 c:/nxp/mcuxpressoide_11.4.0_6237/ide/plugins/com.nxp.mcuxpresso.tools.win32_11.4.0.202103011116/tools/bin/../lib/gcc/arm-none-eabi/10.2.1/../../../../arm-none-eabi/lib/thumb/v6-m/nofp\libcr_newlib_nohost.a(_exit.o)
 .debug_aranges
                0x00000b08       0x20 c:/nxp/mcuxpressoide_11.4.0_6237/ide/plugins/com.nxp.mcuxpresso.tools.win32_11.4.0.202103011116/tools/bin/../lib/gcc/arm-none-eabi/10.2.1/../../../../arm-none-eabi/lib/thumb/v6-m/nofp\libcr_newlib_nohost.a(close.o)
 .debug_aranges
                0x00000b28       0x20 c:/nxp/mcuxpressoide_11.4.0_6237/ide/plugins/com.nxp.mcuxpresso.tools.win32_11.4.0.202103011116/tools/bin/../lib/gcc/arm-none-eabi/10.2.1/../../../../arm-none-eabi/lib/thumb/v6-m/nofp\libcr_newlib_nohost.a(fstat.o)
 .debug_aranges
                0x00000b48       0x20 c:/nxp/mcuxpressoide_11.4.0_6237/ide/plugins/com.nxp.mcuxpresso.tools.win32_11.4.0.202103011116/tools/bin/../lib/gcc/arm-none-eabi/10.2.1/../../../../arm-none-eabi/lib/thumb/v6-m/nofp\libcr_newlib_nohost.a(getpid.o)
 .debug_aranges
                0x00000b68       0x20 c:/nxp/mcuxpressoide_11.4.0_6237/ide/plugins/com.nxp.mcuxpresso.tools.win32_11.4.0.202103011116/tools/bin/../lib/gcc/arm-none-eabi/10.2.1/../../../../arm-none-eabi/lib/thumb/v6-m/nofp\libcr_newlib_nohost.a(isatty.o)
 .debug_aranges
                0x00000b88       0x20 c:/nxp/mcuxpressoide_11.4.0_6237/ide/plugins/com.nxp.mcuxpresso.tools.win32_11.4.0.202103011116/tools/bin/../lib/gcc/arm-none-eabi/10.2.1/../../../../arm-none-eabi/lib/thumb/v6-m/nofp\libcr_newlib_nohost.a(kill.o)
 .debug_aranges
                0x00000ba8       0x20 c:/nxp/mcuxpressoide_11.4.0_6237/ide/plugins/com.nxp.mcuxpresso.tools.win32_11.4.0.202103011116/tools/bin/../lib/gcc/arm-none-eabi/10.2.1/../../../../arm-none-eabi/lib/thumb/v6-m/nofp\libcr_newlib_nohost.a(lseek.o)
 .debug_aranges
                0x00000bc8       0x20 c:/nxp/mcuxpressoide_11.4.0_6237/ide/plugins/com.nxp.mcuxpresso.tools.win32_11.4.0.202103011116/tools/bin/../lib/gcc/arm-none-eabi/10.2.1/../../../../arm-none-eabi/lib/thumb/v6-m/nofp\libcr_newlib_nohost.a(read.o)
 .debug_aranges
                0x00000be8       0x20 c:/nxp/mcuxpressoide_11.4.0_6237/ide/plugins/com.nxp.mcuxpresso.tools.win32_11.4.0.202103011116/tools/bin/../lib/gcc/arm-none-eabi/10.2.1/../../../../arm-none-eabi/lib/thumb/v6-m/nofp\libcr_newlib_nohost.a(write.o)
 .debug_aranges
                0x00000c08       0x20 c:/nxp/mcuxpressoide_11.4.0_6237/ide/plugins/com.nxp.mcuxpresso.tools.win32_11.4.0.202103011116/tools/bin/../lib/gcc/arm-none-eabi/10.2.1/../../../../arm-none-eabi/lib/thumb/v6-m/nofp\libcr_newlib_nohost.a(_cr_check_heap.o)

.debug_ranges   0x00000000      0xa60
 .debug_ranges  0x00000000       0x48 ./utilities/fsl_debug_console.o
 .debug_ranges  0x00000048       0x48 ./utilities/fsl_io.o
 .debug_ranges  0x00000090       0x48 ./utilities/fsl_log.o
 .debug_ranges  0x000000d8      0x150 ./startup/startup_mkl46z4.o
 .debug_ranges  0x00000228       0x40 ./source/contador_led.o
 .debug_ranges  0x00000268       0x10 ./source/semihost_hardfault.o
 .debug_ranges  0x00000278      0x1c8 ./drivers/fsl_clock.o
 .debug_ranges  0x00000440       0x68 ./drivers/fsl_gpio.o
 .debug_ranges  0x000004a8      0x168 ./drivers/fsl_i2c.o
 .debug_ranges  0x00000610      0x108 ./drivers/fsl_lpsci.o
 .debug_ranges  0x00000718      0x120 ./drivers/fsl_uart.o
 .debug_ranges  0x00000838       0x18 ./board/board.o
 .debug_ranges  0x00000850       0x40 ./board/clock_config.o
 .debug_ranges  0x00000890       0x88 ./board/peripherals.o
 .debug_ranges  0x00000918       0x78 ./board/pin_mux.o
 .debug_ranges  0x00000990       0x20 ./CMSIS/system_MKL46Z4.o
 .debug_ranges  0x000009b0       0x10 c:/nxp/mcuxpressoide_11.4.0_6237/ide/plugins/com.nxp.mcuxpresso.tools.win32_11.4.0.202103011116/tools/bin/../lib/gcc/arm-none-eabi/10.2.1/../../../../arm-none-eabi/lib/thumb/v6-m/nofp\libcr_newlib_nohost.a(_cr_sbrk.o)
 .debug_ranges  0x000009c0       0x10 c:/nxp/mcuxpressoide_11.4.0_6237/ide/plugins/com.nxp.mcuxpresso.tools.win32_11.4.0.202103011116/tools/bin/../lib/gcc/arm-none-eabi/10.2.1/../../../../arm-none-eabi/lib/thumb/v6-m/nofp\libcr_newlib_nohost.a(_exit.o)
 .debug_ranges  0x000009d0       0x10 c:/nxp/mcuxpressoide_11.4.0_6237/ide/plugins/com.nxp.mcuxpresso.tools.win32_11.4.0.202103011116/tools/bin/../lib/gcc/arm-none-eabi/10.2.1/../../../../arm-none-eabi/lib/thumb/v6-m/nofp\libcr_newlib_nohost.a(close.o)
 .debug_ranges  0x000009e0       0x10 c:/nxp/mcuxpressoide_11.4.0_6237/ide/plugins/com.nxp.mcuxpresso.tools.win32_11.4.0.202103011116/tools/bin/../lib/gcc/arm-none-eabi/10.2.1/../../../../arm-none-eabi/lib/thumb/v6-m/nofp\libcr_newlib_nohost.a(fstat.o)
 .debug_ranges  0x000009f0       0x10 c:/nxp/mcuxpressoide_11.4.0_6237/ide/plugins/com.nxp.mcuxpresso.tools.win32_11.4.0.202103011116/tools/bin/../lib/gcc/arm-none-eabi/10.2.1/../../../../arm-none-eabi/lib/thumb/v6-m/nofp\libcr_newlib_nohost.a(getpid.o)
 .debug_ranges  0x00000a00       0x10 c:/nxp/mcuxpressoide_11.4.0_6237/ide/plugins/com.nxp.mcuxpresso.tools.win32_11.4.0.202103011116/tools/bin/../lib/gcc/arm-none-eabi/10.2.1/../../../../arm-none-eabi/lib/thumb/v6-m/nofp\libcr_newlib_nohost.a(isatty.o)
 .debug_ranges  0x00000a10       0x10 c:/nxp/mcuxpressoide_11.4.0_6237/ide/plugins/com.nxp.mcuxpresso.tools.win32_11.4.0.202103011116/tools/bin/../lib/gcc/arm-none-eabi/10.2.1/../../../../arm-none-eabi/lib/thumb/v6-m/nofp\libcr_newlib_nohost.a(kill.o)
 .debug_ranges  0x00000a20       0x10 c:/nxp/mcuxpressoide_11.4.0_6237/ide/plugins/com.nxp.mcuxpresso.tools.win32_11.4.0.202103011116/tools/bin/../lib/gcc/arm-none-eabi/10.2.1/../../../../arm-none-eabi/lib/thumb/v6-m/nofp\libcr_newlib_nohost.a(lseek.o)
 .debug_ranges  0x00000a30       0x10 c:/nxp/mcuxpressoide_11.4.0_6237/ide/plugins/com.nxp.mcuxpresso.tools.win32_11.4.0.202103011116/tools/bin/../lib/gcc/arm-none-eabi/10.2.1/../../../../arm-none-eabi/lib/thumb/v6-m/nofp\libcr_newlib_nohost.a(read.o)
 .debug_ranges  0x00000a40       0x10 c:/nxp/mcuxpressoide_11.4.0_6237/ide/plugins/com.nxp.mcuxpresso.tools.win32_11.4.0.202103011116/tools/bin/../lib/gcc/arm-none-eabi/10.2.1/../../../../arm-none-eabi/lib/thumb/v6-m/nofp\libcr_newlib_nohost.a(write.o)
 .debug_ranges  0x00000a50       0x10 c:/nxp/mcuxpressoide_11.4.0_6237/ide/plugins/com.nxp.mcuxpresso.tools.win32_11.4.0.202103011116/tools/bin/../lib/gcc/arm-none-eabi/10.2.1/../../../../arm-none-eabi/lib/thumb/v6-m/nofp\libcr_newlib_nohost.a(_cr_check_heap.o)

.debug_macro    0x00000000     0xfbcc
 .debug_macro   0x00000000      0x1fc ./utilities/fsl_debug_console.o
 .debug_macro   0x000001fc      0xa78 ./utilities/fsl_debug_console.o
 .debug_macro   0x00000c74       0x58 ./utilities/fsl_debug_console.o
 .debug_macro   0x00000ccc       0x18 ./utilities/fsl_debug_console.o
 .debug_macro   0x00000ce4       0x22 ./utilities/fsl_debug_console.o
 .debug_macro   0x00000d06       0x5e ./utilities/fsl_debug_console.o
 .debug_macro   0x00000d64       0x94 ./utilities/fsl_debug_console.o
 .debug_macro   0x00000df8       0x35 ./utilities/fsl_debug_console.o
 .debug_macro   0x00000e2d       0x34 ./utilities/fsl_debug_console.o
 .debug_macro   0x00000e61       0x16 ./utilities/fsl_debug_console.o
 .debug_macro   0x00000e77      0x10e ./utilities/fsl_debug_console.o
 .debug_macro   0x00000f85       0x8d ./utilities/fsl_debug_console.o
 .debug_macro   0x00001012       0x16 ./utilities/fsl_debug_console.o
 .debug_macro   0x00001028       0x43 ./utilities/fsl_debug_console.o
 .debug_macro   0x0000106b       0x57 ./utilities/fsl_debug_console.o
 .debug_macro   0x000010c2       0x34 ./utilities/fsl_debug_console.o
 .debug_macro   0x000010f6       0x10 ./utilities/fsl_debug_console.o
 .debug_macro   0x00001106       0x58 ./utilities/fsl_debug_console.o
 .debug_macro   0x0000115e      0x182 ./utilities/fsl_debug_console.o
 .debug_macro   0x000012e0      0x333 ./utilities/fsl_debug_console.o
 .debug_macro   0x00001613       0x16 ./utilities/fsl_debug_console.o
 .debug_macro   0x00001629       0x29 ./utilities/fsl_debug_console.o
 .debug_macro   0x00001652       0x1c ./utilities/fsl_debug_console.o
 .debug_macro   0x0000166e       0x22 ./utilities/fsl_debug_console.o
 .debug_macro   0x00001690      0x34e ./utilities/fsl_debug_console.o
 .debug_macro   0x000019de       0x16 ./utilities/fsl_debug_console.o
 .debug_macro   0x000019f4       0x35 ./utilities/fsl_debug_console.o
 .debug_macro   0x00001a29       0x10 ./utilities/fsl_debug_console.o
 .debug_macro   0x00001a39       0x3f ./utilities/fsl_debug_console.o
 .debug_macro   0x00001a78       0x1c ./utilities/fsl_debug_console.o
 .debug_macro   0x00001a94       0x22 ./utilities/fsl_debug_console.o
 .debug_macro   0x00001ab6       0xaf ./utilities/fsl_debug_console.o
 .debug_macro   0x00001b65      0x37c ./utilities/fsl_debug_console.o
 .debug_macro   0x00001ee1       0x38 ./utilities/fsl_debug_console.o
 .debug_macro   0x00001f19     0x87f8 ./utilities/fsl_debug_console.o
 .debug_macro   0x0000a711     0x121a ./utilities/fsl_debug_console.o
 .debug_macro   0x0000b92b       0x52 ./utilities/fsl_debug_console.o
 .debug_macro   0x0000b97d      0x10a ./utilities/fsl_debug_console.o
 .debug_macro   0x0000ba87       0x74 ./utilities/fsl_debug_console.o
 .debug_macro   0x0000bafb       0x1c ./utilities/fsl_debug_console.o
 .debug_macro   0x0000bb17       0x57 ./utilities/fsl_debug_console.o
 .debug_macro   0x0000bb6e      0x1fe ./utilities/fsl_io.o
 .debug_macro   0x0000bd6c      0x174 ./utilities/fsl_io.o
 .debug_macro   0x0000bee0       0x10 ./utilities/fsl_io.o
 .debug_macro   0x0000bef0       0x10 ./utilities/fsl_io.o
 .debug_macro   0x0000bf00       0x10 ./utilities/fsl_io.o
 .debug_macro   0x0000bf10      0x222 ./utilities/fsl_log.o
 .debug_macro   0x0000c132       0x2a ./startup/startup_mkl46z4.o
 .debug_macro   0x0000c15c      0xb50 ./startup/startup_mkl46z4.o
 .debug_macro   0x0000ccac      0x350 ./source/contador_led.o
 .debug_macro   0x0000cffc       0x34 ./source/contador_led.o
 .debug_macro   0x0000d030       0x16 ./source/contador_led.o
 .debug_macro   0x0000d046       0x97 ./source/contador_led.o
 .debug_macro   0x0000d0dd      0x356 ./source/contador_led.o
 .debug_macro   0x0000d433      0x104 ./source/contador_led.o
 .debug_macro   0x0000d537       0x10 ./source/contador_led.o
 .debug_macro   0x0000d547       0x43 ./source/contador_led.o
 .debug_macro   0x0000d58a       0x10 ./source/contador_led.o
 .debug_macro   0x0000d59a       0x6a ./source/contador_led.o
 .debug_macro   0x0000d604       0x1c ./source/contador_led.o
 .debug_macro   0x0000d620       0x52 ./source/contador_led.o
 .debug_macro   0x0000d672       0x22 ./source/contador_led.o
 .debug_macro   0x0000d694       0x10 ./source/contador_led.o
 .debug_macro   0x0000d6a4       0x40 ./source/contador_led.o
 .debug_macro   0x0000d6e4       0xd5 ./source/contador_led.o
 .debug_macro   0x0000d7b9       0x1c ./source/contador_led.o
 .debug_macro   0x0000d7d5       0x3d ./source/contador_led.o
 .debug_macro   0x0000d812       0x16 ./source/contador_led.o
 .debug_macro   0x0000d828      0x137 ./source/contador_led.o
 .debug_macro   0x0000d95f       0x16 ./source/contador_led.o
 .debug_macro   0x0000d975       0x16 ./source/contador_led.o
 .debug_macro   0x0000d98b       0x35 ./source/contador_led.o
 .debug_macro   0x0000d9c0      0x18a ./source/contador_led.o
 .debug_macro   0x0000db4a       0x10 ./source/contador_led.o
 .debug_macro   0x0000db5a      0x448 ./source/contador_led.o
 .debug_macro   0x0000dfa2       0x10 ./source/contador_led.o
 .debug_macro   0x0000dfb2       0x1c ./source/contador_led.o
 .debug_macro   0x0000dfce       0xde ./source/contador_led.o
 .debug_macro   0x0000e0ac      0x37c ./source/contador_led.o
 .debug_macro   0x0000e428       0x10 ./source/contador_led.o
 .debug_macro   0x0000e438       0x10 ./source/contador_led.o
 .debug_macro   0x0000e448      0x15b ./source/contador_led.o
 .debug_macro   0x0000e5a3       0x16 ./source/contador_led.o
 .debug_macro   0x0000e5b9       0x1c ./source/contador_led.o
 .debug_macro   0x0000e5d5       0x58 ./source/contador_led.o
 .debug_macro   0x0000e62d      0x1d2 ./source/contador_led.o
 .debug_macro   0x0000e7ff       0x22 ./source/contador_led.o
 .debug_macro   0x0000e821       0x2f ./source/mtb.o
 .debug_macro   0x0000e850       0x82 ./source/mtb.o
 .debug_macro   0x0000e8d2       0x10 ./source/mtb.o
 .debug_macro   0x0000e8e2       0x11 ./source/semihost_hardfault.o
 .debug_macro   0x0000e8f3      0x293 ./drivers/fsl_clock.o
 .debug_macro   0x0000eb86      0x1e3 ./drivers/fsl_gpio.o
 .debug_macro   0x0000ed69      0x1e2 ./drivers/fsl_i2c.o
 .debug_macro   0x0000ef4b       0x16 ./drivers/fsl_i2c.o
 .debug_macro   0x0000ef61      0x1e3 ./drivers/fsl_lpsci.o
 .debug_macro   0x0000f144      0x1e9 ./drivers/fsl_uart.o
 .debug_macro   0x0000f32d      0x200 ./board/board.o
 .debug_macro   0x0000f52d       0x16 ./board/board.o
 .debug_macro   0x0000f543      0x21a ./board/clock_config.o
 .debug_macro   0x0000f75d      0x204 ./board/peripherals.o
 .debug_macro   0x0000f961      0x1ec ./board/pin_mux.o
 .debug_macro   0x0000fb4d       0x7f ./CMSIS/system_MKL46Z4.o

.debug_line     0x00000000     0x9393
 .debug_line    0x00000000      0x65e ./utilities/fsl_debug_console.o
 .debug_line    0x0000065e      0x702 ./utilities/fsl_io.o
 .debug_line    0x00000d60      0x665 ./utilities/fsl_log.o
 .debug_line    0x000013c5      0x1f1 ./startup/startup_mkl46z4.o
 .debug_line    0x000015b6      0x9ae ./source/contador_led.o
 .debug_line    0x00001f64       0xd6 ./source/mtb.o
 .debug_line    0x0000203a       0x59 ./source/semihost_hardfault.o
 .debug_line    0x00002093     0x14d3 ./drivers/fsl_clock.o
 .debug_line    0x00003566      0x699 ./drivers/fsl_gpio.o
 .debug_line    0x00003bff     0x157f ./drivers/fsl_i2c.o
 .debug_line    0x0000517e      0xf94 ./drivers/fsl_lpsci.o
 .debug_line    0x00006112      0xf9e ./drivers/fsl_uart.o
 .debug_line    0x000070b0      0x58a ./board/board.o
 .debug_line    0x0000763a      0x5b4 ./board/clock_config.o
 .debug_line    0x00007bee      0x669 ./board/peripherals.o
 .debug_line    0x00008257      0x78a ./board/pin_mux.o
 .debug_line    0x000089e1      0x2c6 ./CMSIS/system_MKL46Z4.o
 .debug_line    0x00008ca7      0x1e1 c:/nxp/mcuxpressoide_11.4.0_6237/ide/plugins/com.nxp.mcuxpresso.tools.win32_11.4.0.202103011116/tools/bin/../lib/gcc/arm-none-eabi/10.2.1/../../../../arm-none-eabi/lib/thumb/v6-m/nofp\libcr_newlib_nohost.a(_cr_sbrk.o)
 .debug_line    0x00008e88       0x55 c:/nxp/mcuxpressoide_11.4.0_6237/ide/plugins/com.nxp.mcuxpresso.tools.win32_11.4.0.202103011116/tools/bin/../lib/gcc/arm-none-eabi/10.2.1/../../../../arm-none-eabi/lib/thumb/v6-m/nofp\libcr_newlib_nohost.a(_exit.o)
 .debug_line    0x00008edd       0x5e c:/nxp/mcuxpressoide_11.4.0_6237/ide/plugins/com.nxp.mcuxpresso.tools.win32_11.4.0.202103011116/tools/bin/../lib/gcc/arm-none-eabi/10.2.1/../../../../arm-none-eabi/lib/thumb/v6-m/nofp\libcr_newlib_nohost.a(close.o)
 .debug_line    0x00008f3b      0x1c6 c:/nxp/mcuxpressoide_11.4.0_6237/ide/plugins/com.nxp.mcuxpresso.tools.win32_11.4.0.202103011116/tools/bin/../lib/gcc/arm-none-eabi/10.2.1/../../../../arm-none-eabi/lib/thumb/v6-m/nofp\libcr_newlib_nohost.a(fstat.o)
 .debug_line    0x00009101       0x5f c:/nxp/mcuxpressoide_11.4.0_6237/ide/plugins/com.nxp.mcuxpresso.tools.win32_11.4.0.202103011116/tools/bin/../lib/gcc/arm-none-eabi/10.2.1/../../../../arm-none-eabi/lib/thumb/v6-m/nofp\libcr_newlib_nohost.a(getpid.o)
 .debug_line    0x00009160       0x5c c:/nxp/mcuxpressoide_11.4.0_6237/ide/plugins/com.nxp.mcuxpresso.tools.win32_11.4.0.202103011116/tools/bin/../lib/gcc/arm-none-eabi/10.2.1/../../../../arm-none-eabi/lib/thumb/v6-m/nofp\libcr_newlib_nohost.a(isatty.o)
 .debug_line    0x000091bc       0x5d c:/nxp/mcuxpressoide_11.4.0_6237/ide/plugins/com.nxp.mcuxpresso.tools.win32_11.4.0.202103011116/tools/bin/../lib/gcc/arm-none-eabi/10.2.1/../../../../arm-none-eabi/lib/thumb/v6-m/nofp\libcr_newlib_nohost.a(kill.o)
 .debug_line    0x00009219       0x5e c:/nxp/mcuxpressoide_11.4.0_6237/ide/plugins/com.nxp.mcuxpresso.tools.win32_11.4.0.202103011116/tools/bin/../lib/gcc/arm-none-eabi/10.2.1/../../../../arm-none-eabi/lib/thumb/v6-m/nofp\libcr_newlib_nohost.a(lseek.o)
 .debug_line    0x00009277       0x5d c:/nxp/mcuxpressoide_11.4.0_6237/ide/plugins/com.nxp.mcuxpresso.tools.win32_11.4.0.202103011116/tools/bin/../lib/gcc/arm-none-eabi/10.2.1/../../../../arm-none-eabi/lib/thumb/v6-m/nofp\libcr_newlib_nohost.a(read.o)
 .debug_line    0x000092d4       0x5e c:/nxp/mcuxpressoide_11.4.0_6237/ide/plugins/com.nxp.mcuxpresso.tools.win32_11.4.0.202103011116/tools/bin/../lib/gcc/arm-none-eabi/10.2.1/../../../../arm-none-eabi/lib/thumb/v6-m/nofp\libcr_newlib_nohost.a(write.o)
 .debug_line    0x00009332       0x61 c:/nxp/mcuxpressoide_11.4.0_6237/ide/plugins/com.nxp.mcuxpresso.tools.win32_11.4.0.202103011116/tools/bin/../lib/gcc/arm-none-eabi/10.2.1/../../../../arm-none-eabi/lib/thumb/v6-m/nofp\libcr_newlib_nohost.a(_cr_check_heap.o)

.debug_str      0x00000000    0x567c2
 .debug_str     0x00000000    0x4c6e5 ./utilities/fsl_debug_console.o
                              0x4cb03 (size before relaxing)
 .debug_str     0x0004c6e5      0xb93 ./utilities/fsl_io.o
                              0x4d3e7 (size before relaxing)
 .debug_str     0x0004d278      0x1d8 ./utilities/fsl_log.o
                              0x4ca4e (size before relaxing)
 .debug_str     0x0004d450      0x9e1 ./startup/startup_mkl46z4.o
                               0x34c0 (size before relaxing)
 .debug_str     0x0004de31     0x415e ./source/contador_led.o
                              0x50bd7 (size before relaxing)
 .debug_str     0x00051f8f      0x532 ./source/mtb.o
                               0x31bc (size before relaxing)
 .debug_str     0x000524c1       0x1f ./source/semihost_hardfault.o
                               0x2ca9 (size before relaxing)
 .debug_str     0x000524e0     0x1744 ./drivers/fsl_clock.o
                              0x4e51d (size before relaxing)
 .debug_str     0x00053c24       0xff ./drivers/fsl_gpio.o
                              0x4cdaa (size before relaxing)
 .debug_str     0x00053d23      0xe1b ./drivers/fsl_i2c.o
                              0x4dcc3 (size before relaxing)
 .debug_str     0x00054b3e      0x84e ./drivers/fsl_lpsci.o
                              0x4db46 (size before relaxing)
 .debug_str     0x0005538c      0x777 ./drivers/fsl_uart.o
                              0x4db63 (size before relaxing)
 .debug_str     0x00055b03       0x4c ./board/board.o
                              0x4d0cb (size before relaxing)
 .debug_str     0x00055b4f      0x387 ./board/clock_config.o
                              0x4d2de (size before relaxing)
 .debug_str     0x00055ed6      0x198 ./board/peripherals.o
                              0x4d29e (size before relaxing)
 .debug_str     0x0005606e      0x38e ./board/pin_mux.o
                              0x4d4e0 (size before relaxing)
 .debug_str     0x000563fc       0x5e ./CMSIS/system_MKL46Z4.o
                              0x48ae6 (size before relaxing)
 .debug_str     0x0005645a      0x18d c:/nxp/mcuxpressoide_11.4.0_6237/ide/plugins/com.nxp.mcuxpresso.tools.win32_11.4.0.202103011116/tools/bin/../lib/gcc/arm-none-eabi/10.2.1/../../../../arm-none-eabi/lib/thumb/v6-m/nofp\libcr_newlib_nohost.a(_cr_sbrk.o)
                                0x229 (size before relaxing)
 .debug_str     0x000565e7       0x15 c:/nxp/mcuxpressoide_11.4.0_6237/ide/plugins/com.nxp.mcuxpresso.tools.win32_11.4.0.202103011116/tools/bin/../lib/gcc/arm-none-eabi/10.2.1/../../../../arm-none-eabi/lib/thumb/v6-m/nofp\libcr_newlib_nohost.a(_exit.o)
                                0x1bc (size before relaxing)
 .debug_str     0x000565fc       0x1d c:/nxp/mcuxpressoide_11.4.0_6237/ide/plugins/com.nxp.mcuxpresso.tools.win32_11.4.0.202103011116/tools/bin/../lib/gcc/arm-none-eabi/10.2.1/../../../../arm-none-eabi/lib/thumb/v6-m/nofp\libcr_newlib_nohost.a(close.o)
                                0x1cf (size before relaxing)
 .debug_str     0x00056619       0xfb c:/nxp/mcuxpressoide_11.4.0_6237/ide/plugins/com.nxp.mcuxpresso.tools.win32_11.4.0.202103011116/tools/bin/../lib/gcc/arm-none-eabi/10.2.1/../../../../arm-none-eabi/lib/thumb/v6-m/nofp\libcr_newlib_nohost.a(fstat.o)
                                0x31b (size before relaxing)
 .debug_str     0x00056714       0x18 c:/nxp/mcuxpressoide_11.4.0_6237/ide/plugins/com.nxp.mcuxpresso.tools.win32_11.4.0.202103011116/tools/bin/../lib/gcc/arm-none-eabi/10.2.1/../../../../arm-none-eabi/lib/thumb/v6-m/nofp\libcr_newlib_nohost.a(getpid.o)
                                0x1ca (size before relaxing)
 .debug_str     0x0005672c       0x1d c:/nxp/mcuxpressoide_11.4.0_6237/ide/plugins/com.nxp.mcuxpresso.tools.win32_11.4.0.202103011116/tools/bin/../lib/gcc/arm-none-eabi/10.2.1/../../../../arm-none-eabi/lib/thumb/v6-m/nofp\libcr_newlib_nohost.a(isatty.o)
                                0x1cf (size before relaxing)
 .debug_str     0x00056749       0x14 c:/nxp/mcuxpressoide_11.4.0_6237/ide/plugins/com.nxp.mcuxpresso.tools.win32_11.4.0.202103011116/tools/bin/../lib/gcc/arm-none-eabi/10.2.1/../../../../arm-none-eabi/lib/thumb/v6-m/nofp\libcr_newlib_nohost.a(kill.o)
                                0x1c6 (size before relaxing)
 .debug_str     0x0005675d       0x16 c:/nxp/mcuxpressoide_11.4.0_6237/ide/plugins/com.nxp.mcuxpresso.tools.win32_11.4.0.202103011116/tools/bin/../lib/gcc/arm-none-eabi/10.2.1/../../../../arm-none-eabi/lib/thumb/v6-m/nofp\libcr_newlib_nohost.a(lseek.o)
                                0x1cd (size before relaxing)
 .debug_str     0x00056773       0x14 c:/nxp/mcuxpressoide_11.4.0_6237/ide/plugins/com.nxp.mcuxpresso.tools.win32_11.4.0.202103011116/tools/bin/../lib/gcc/arm-none-eabi/10.2.1/../../../../arm-none-eabi/lib/thumb/v6-m/nofp\libcr_newlib_nohost.a(read.o)
                                0x1cb (size before relaxing)
 .debug_str     0x00056787       0x16 c:/nxp/mcuxpressoide_11.4.0_6237/ide/plugins/com.nxp.mcuxpresso.tools.win32_11.4.0.202103011116/tools/bin/../lib/gcc/arm-none-eabi/10.2.1/../../../../arm-none-eabi/lib/thumb/v6-m/nofp\libcr_newlib_nohost.a(write.o)
                                0x1cd (size before relaxing)
 .debug_str     0x0005679d       0x25 c:/nxp/mcuxpressoide_11.4.0_6237/ide/plugins/com.nxp.mcuxpresso.tools.win32_11.4.0.202103011116/tools/bin/../lib/gcc/arm-none-eabi/10.2.1/../../../../arm-none-eabi/lib/thumb/v6-m/nofp\libcr_newlib_nohost.a(_cr_check_heap.o)
                                0x174 (size before relaxing)

.comment        0x00000000       0x4d
 .comment       0x00000000       0x4d ./utilities/fsl_debug_console.o
                                 0x4e (size before relaxing)
 .comment       0x0000004d       0x4e ./utilities/fsl_io.o
 .comment       0x0000004d       0x4e ./utilities/fsl_log.o
 .comment       0x0000004d       0x4e ./startup/startup_mkl46z4.o
 .comment       0x0000004d       0x4e ./source/contador_led.o
 .comment       0x0000004d       0x4e ./source/mtb.o
 .comment       0x0000004d       0x4e ./source/semihost_hardfault.o
 .comment       0x0000004d       0x4e ./drivers/fsl_clock.o
 .comment       0x0000004d       0x4e ./drivers/fsl_gpio.o
 .comment       0x0000004d       0x4e ./drivers/fsl_i2c.o
 .comment       0x0000004d       0x4e ./drivers/fsl_lpsci.o
 .comment       0x0000004d       0x4e ./drivers/fsl_uart.o
 .comment       0x0000004d       0x4e ./board/board.o
 .comment       0x0000004d       0x4e ./board/clock_config.o
 .comment       0x0000004d       0x4e ./board/peripherals.o
 .comment       0x0000004d       0x4e ./board/pin_mux.o
 .comment       0x0000004d       0x4e ./CMSIS/system_MKL46Z4.o
 .comment       0x0000004d       0x4e c:/nxp/mcuxpressoide_11.4.0_6237/ide/plugins/com.nxp.mcuxpresso.tools.win32_11.4.0.202103011116/tools/bin/../lib/gcc/arm-none-eabi/10.2.1/../../../../arm-none-eabi/lib/thumb/v6-m/nofp\libcr_newlib_nohost.a(_cr_sbrk.o)
 .comment       0x0000004d       0x4e c:/nxp/mcuxpressoide_11.4.0_6237/ide/plugins/com.nxp.mcuxpresso.tools.win32_11.4.0.202103011116/tools/bin/../lib/gcc/arm-none-eabi/10.2.1/../../../../arm-none-eabi/lib/thumb/v6-m/nofp\libcr_newlib_nohost.a(_exit.o)