../startup/startup_mkl46z4.cpp:266:6:void data_init(unsigned int, unsigned int, unsigned int)	8	static
../startup/startup_mkl46z4.cpp:275:6:void bss_init(unsigned int, unsigned int)	0	static
../startup/startup_mkl46z4.cpp:300:6:void ResetISR()	8	static
../startup/startup_mkl46z4.cpp:383:14:void NMI_Handler()	0	static
../startup/startup_mkl46z4.cpp:387:14:void HardFault_Handler()	0	static
../startup/startup_mkl46z4.cpp:391:14:void SVC_Handler()	0	static
../startup/startup_mkl46z4.cpp:395:14:void PendSV_Handler()	0	static
../startup/startup_mkl46z4.cpp:399:14:void SysTick_Handler()	0	static
../startup/startup_mkl46z4.cpp:407:14:void IntDefaultHandler()	0	static
../startup/startup_mkl46z4.cpp:417:14:void DMA0_IRQHandler()	8	static
../startup/startup_mkl46z4.cpp:421:14:void DMA1_IRQHandler()	8	static
../startup/startup_mkl46z4.cpp:425:14:void DMA2_IRQHandler()	8	static
../startup/startup_mkl46z4.cpp:429:14:void DMA3_IRQHandler()	8	static
../startup/startup_mkl46z4.cpp:433:14:void Reserved20_IRQHandler()	8	static
../startup/startup_mkl46z4.cpp:437:14:void FTFA_IRQHandler()	8	static
../startup/startup_mkl46z4.cpp:441:14:void LVD_LVW_IRQHandler()	8	static
../startup/startup_mkl46z4.cpp:445:14:void LLWU_IRQHandler()	8	static
../startup/startup_mkl46z4.cpp:449:14:void I2C0_IRQHandler()	8	static
../startup/startup_mkl46z4.cpp:453:14:void I2C1_IRQHandler()	8	static
../startup/startup_mkl46z4.cpp:457:14:void SPI0_IRQHandler()	8	static
../startup/startup_mkl46z4.cpp:461:14:void SPI1_IRQHandler()	8	static
../startup/startup_mkl46z4.cpp:465:14:void UART0_IRQHandler()	8	static
../startup/startup_mkl46z4.cpp:469:14:void UART1_IRQHandler()	8	static
../startup/startup_mkl46z4.cpp:473:14:void UART2_IRQHandler()	8	static
../startup/startup_mkl46z4.cpp:477:14:void ADC0_IRQHandler()	8	static
../startup/startup_mkl46z4.cpp:481:14:void CMP0_IRQHandler()	8	static
../startup/startup_mkl46z4.cpp:485:14:void TPM0_IRQHandler()	8	static
../startup/startup_mkl46z4.cpp:489:14:void TPM1_IRQHandler()	8	static
../startup/startup_mkl46z4.cpp:493:14:void TPM2_IRQHandler()	8	static
../startup/startup_mkl46z4.cpp:497:14:void RTC_IRQHandler()	8	static
../startup/startup_mkl46z4.cpp:501:14:void RTC_Seconds_IRQHandler()	8	static
../startup/startup_mkl46z4.cpp:505:14:void PIT_IRQHandler()	8	static
../startup/startup_mkl46z4.cpp:509:14:void I2S0_IRQHandler()	8	static
../startup/startup_mkl46z4.cpp:513:14:void USB0_IRQHandler()	8	static
../startup/startup_mkl46z4.cpp:517:14:void DAC0_IRQHandler()	8	static
../startup/startup_mkl46z4.cpp:521:14:void TSI0_IRQHandler()	8	static
../startup/startup_mkl46z4.cpp:525:14:void MCG_IRQHandler()	8	static
../startup/startup_mkl46z4.cpp:529:14:void LPTMR0_IRQHandler()	8	static
../startup/startup_mkl46z4.cpp:533:14:void LCD_IRQHandler()	8	static
../startup/startup_mkl46z4.cpp:537:14:void PORTA_IRQHandler()	8	static
../startup/startup_mkl46z4.cpp:541:14:void PORTC_PORTD_IRQHandler()	8	static
