C:\Users\valen\Documents\MCUXpresso\workspace\frdmkl46z_led_blinky\CMSIS/core_cm0plus.h:840:22:__NVIC_SetPriority	24	static
C:\Users\valen\Documents\MCUXpresso\workspace\frdmkl46z_led_blinky\CMSIS/core_cm0plus.h:994:26:SysTick_Config	16	static
C:\Users\valen\Documents\MCUXpresso\workspace\frdmkl46z_led_blinky\drivers/fsl_gpio.h:231:20:GPIO_PortToggle	16	static
../source/led_blinky.c:56:6:SysTick_Handler	8	static
../source/led_blinky.c:64:6:SysTick_DelayTicks	16	static
../source/led_blinky.c:75:5:main	16	static
