Archive member included to satisfy reference by file (symbol)

c:/nxp/mcuxpressoide_11.4.0_6237/ide/plugins/com.nxp.mcuxpresso.tools.win32_11.4.0.202103011116/tools/bin/../lib/gcc/arm-none-eabi/10.2.1/thumb/v6-m/nofp\libgcc.a(_udivsi3.o)
                              ./utilities/fsl_str.o (__aeabi_uidiv)
c:/nxp/mcuxpressoide_11.4.0_6237/ide/plugins/com.nxp.mcuxpresso.tools.win32_11.4.0.202103011116/tools/bin/../lib/gcc/arm-none-eabi/10.2.1/thumb/v6-m/nofp\libgcc.a(_divsi3.o)
                              ./utilities/fsl_str.o (__aeabi_idiv)
c:/nxp/mcuxpressoide_11.4.0_6237/ide/plugins/com.nxp.mcuxpresso.tools.win32_11.4.0.202103011116/tools/bin/../lib/gcc/arm-none-eabi/10.2.1/thumb/v6-m/nofp\libgcc.a(_dvmd_tls.o)
                              c:/nxp/mcuxpressoide_11.4.0_6237/ide/plugins/com.nxp.mcuxpresso.tools.win32_11.4.0.202103011116/tools/bin/../lib/gcc/arm-none-eabi/10.2.1/thumb/v6-m/nofp\libgcc.a(_udivsi3.o) (__aeabi_idiv0)
c:/nxp/mcuxpressoide_11.4.0_6237/ide/plugins/com.nxp.mcuxpresso.tools.win32_11.4.0.202103011116/tools/bin/../lib/gcc/arm-none-eabi/10.2.1/../../../../arm-none-eabi/lib/thumb/v6-m/nofp\libc.a(lib_a-assert.o)
                              ./utilities/fsl_debug_console.o (__assert_func)
c:/nxp/mcuxpressoide_11.4.0_6237/ide/plugins/com.nxp.mcuxpresso.tools.win32_11.4.0.202103011116/tools/bin/../lib/gcc/arm-none-eabi/10.2.1/../../../../arm-none-eabi/lib/thumb/v6-m/nofp\libc.a(lib_a-fiprintf.o)
                              c:/nxp/mcuxpressoide_11.4.0_6237/ide/plugins/com.nxp.mcuxpresso.tools.win32_11.4.0.202103011116/tools/bin/../lib/gcc/arm-none-eabi/10.2.1/../../../../arm-none-eabi/lib/thumb/v6-m/nofp\libc.a(lib_a-assert.o) (fiprintf)
c:/nxp/mcuxpressoide_11.4.0_6237/ide/plugins/com.nxp.mcuxpresso.tools.win32_11.4.0.202103011116/tools/bin/../lib/gcc/arm-none-eabi/10.2.1/../../../../arm-none-eabi/lib/thumb/v6-m/nofp\libc.a(lib_a-impure.o)
                              c:/nxp/mcuxpressoide_11.4.0_6237/ide/plugins/com.nxp.mcuxpresso.tools.win32_11.4.0.202103011116/tools/bin/../lib/gcc/arm-none-eabi/10.2.1/../../../../arm-none-eabi/lib/thumb/v6-m/nofp\libc.a(lib_a-assert.o) (_impure_ptr)
c:/nxp/mcuxpressoide_11.4.0_6237/ide/plugins/com.nxp.mcuxpresso.tools.win32_11.4.0.202103011116/tools/bin/../lib/gcc/arm-none-eabi/10.2.1/../../../../arm-none-eabi/lib/thumb/v6-m/nofp\libc.a(lib_a-init.o)
                              ./startup/startup_mkl46z4.o (__libc_init_array)
c:/nxp/mcuxpressoide_11.4.0_6237/ide/plugins/com.nxp.mcuxpresso.tools.win32_11.4.0.202103011116/tools/bin/../lib/gcc/arm-none-eabi/10.2.1/../../../../arm-none-eabi/lib/thumb/v6-m/nofp\libc.a(lib_a-malloc.o)
                              ./source/cpp_config.o (malloc)
c:/nxp/mcuxpressoide_11.4.0_6237/ide/plugins/com.nxp.mcuxpresso.tools.win32_11.4.0.202103011116/tools/bin/../lib/gcc/arm-none-eabi/10.2.1/../../../../arm-none-eabi/lib/thumb/v6-m/nofp\libc.a(lib_a-mallocr.o)
                              c:/nxp/mcuxpressoide_11.4.0_6237/ide/plugins/com.nxp.mcuxpresso.tools.win32_11.4.0.202103011116/tools/bin/../lib/gcc/arm-none-eabi/10.2.1/../../../../arm-none-eabi/lib/thumb/v6-m/nofp\libc.a(lib_a-malloc.o) (_malloc_r)
c:/nxp/mcuxpressoide_11.4.0_6237/ide/plugins/com.nxp.mcuxpresso.tools.win32_11.4.0.202103011116/tools/bin/../lib/gcc/arm-none-eabi/10.2.1/../../../../arm-none-eabi/lib/thumb/v6-m/nofp\libc.a(lib_a-memcpy-stub.o)
                              ./drivers/fsl_ftfx_cache.o (memcpy)
c:/nxp/mcuxpressoide_11.4.0_6237/ide/plugins/com.nxp.mcuxpresso.tools.win32_11.4.0.202103011116/tools/bin/../lib/gcc/arm-none-eabi/10.2.1/../../../../arm-none-eabi/lib/thumb/v6-m/nofp\libc.a(lib_a-memset.o)
                              ./utilities/fsl_debug_console.o (memset)
c:/nxp/mcuxpressoide_11.4.0_6237/ide/plugins/com.nxp.mcuxpresso.tools.win32_11.4.0.202103011116/tools/bin/../lib/gcc/arm-none-eabi/10.2.1/../../../../arm-none-eabi/lib/thumb/v6-m/nofp\libc.a(lib_a-mlock.o)
                              c:/nxp/mcuxpressoide_11.4.0_6237/ide/plugins/com.nxp.mcuxpresso.tools.win32_11.4.0.202103011116/tools/bin/../lib/gcc/arm-none-eabi/10.2.1/../../../../arm-none-eabi/lib/thumb/v6-m/nofp\libc.a(lib_a-mallocr.o) (__malloc_lock)
c:/nxp/mcuxpressoide_11.4.0_6237/ide/plugins/com.nxp.mcuxpresso.tools.win32_11.4.0.202103011116/tools/bin/../lib/gcc/arm-none-eabi/10.2.1/../../../../arm-none-eabi/lib/thumb/v6-m/nofp\libc.a(lib_a-printf.o)
                              ./source/contador_hello.o (printf)
c:/nxp/mcuxpressoide_11.4.0_6237/ide/plugins/com.nxp.mcuxpresso.tools.win32_11.4.0.202103011116/tools/bin/../lib/gcc/arm-none-eabi/10.2.1/../../../../arm-none-eabi/lib/thumb/v6-m/nofp\libc.a(lib_a-sbrkr.o)
                              c:/nxp/mcuxpressoide_11.4.0_6237/ide/plugins/com.nxp.mcuxpresso.tools.win32_11.4.0.202103011116/tools/bin/../lib/gcc/arm-none-eabi/10.2.1/../../../../arm-none-eabi/lib/thumb/v6-m/nofp\libc.a(lib_a-mallocr.o) (_sbrk_r)
[...]
Memory Configuration

Name             Origin             Length             Attributes
PROGRAM_FLASH    0x00000000         0x00040000         xr
SRAM             0x1fffe000         0x00008000         xrw
*default*        0x00000000         0xffffffff

Linker script and memory map

LOAD ./utilities/fsl_debug_console.o
LOAD ./utilities/fsl_io.o
LOAD ./utilities/fsl_log.o
LOAD ./utilities/fsl_str.o
LOAD ./startup/startup_mkl46z4.o
LOAD ./source/contador_hello.o
LOAD ./source/cpp_config.o
LOAD ./source/mtb.o
LOAD ./source/semihost_hardfault.o
LOAD ./drivers/fsl_clock.o
LOAD ./drivers/fsl_common.o
LOAD ./drivers/fsl_ftfx_cache.o
LOAD ./drivers/fsl_ftfx_controller.o
LOAD ./drivers/fsl_ftfx_flash.o
LOAD ./drivers/fsl_ftfx_flexnvm.o
LOAD ./drivers/fsl_gpio.o
LOAD ./drivers/fsl_i2c.o
LOAD ./drivers/fsl_lpsci.o
LOAD ./drivers/fsl_smc.o
LOAD ./drivers/fsl_uart.o
LOAD ./board/board.o
LOAD ./board/clock_config.o
LOAD ./board/peripherals.o
LOAD ./board/pin_mux.o
LOAD ./CMSIS/system_MKL46Z4.o
START GROUP
LOAD c:/nxp/mcuxpressoide_11.4.0_6237/ide/plugins/com.nxp.mcuxpresso.tools.win32_11.4.0.202103011116/tools/bin/../lib/gcc/arm-none-eabi/10.2.1/thumb/v6-m/nofp\libgcc.a
LOAD c:/nxp/mcuxpressoide_11.4.0_6237/ide/plugins/com.nxp.mcuxpresso.tools.win32_11.4.0.202103011116/tools/bin/../lib/gcc/arm-none-eabi/10.2.1/../../../../arm-none-eabi/lib/thumb/v6-m/nofp\libc.a
LOAD c:/nxp/mcuxpressoide_11.4.0_6237/ide/plugins/com.nxp.mcuxpresso.tools.win32_11.4.0.202103011116/tools/bin/../lib/gcc/arm-none-eabi/10.2.1/../../../../arm-none-eabi/lib/thumb/v6-m/nofp\libstdc++.a
LOAD c:/nxp/mcuxpressoide_11.4.0_6237/ide/plugins/com.nxp.mcuxpresso.tools.win32_11.4.0.202103011116/tools/bin/../lib/gcc/arm-none-eabi/10.2.1/../../../../arm-none-eabi/lib/thumb/v6-m/nofp\libm.a
LOAD c:/nxp/mcuxpressoide_11.4.0_6237/ide/plugins/com.nxp.mcuxpresso.tools.win32_11.4.0.202103011116/tools/bin/../lib/gcc/arm-none-eabi/10.2.1/../../../../arm-none-eabi/lib/thumb/v6-m/nofp\libcr_newlib_nohost.a
LOAD c:/nxp/mcuxpressoide_11.4.0_6237/ide/plugins/com.nxp.mcuxpresso.tools.win32_11.4.0.202103011116/tools/bin/../lib/gcc/arm-none-eabi/10.2.1/thumb/v6-m/nofp\crti.o
LOAD c:/nxp/mcuxpressoide_11.4.0_6237/ide/plugins/com.nxp.mcuxpresso.tools.win32_11.4.0.202103011116/tools/bin/../lib/gcc/arm-none-eabi/10.2.1/thumb/v6-m/nofp\crtn.o
LOAD c:/nxp/mcuxpressoide_11.4.0_6237/ide/plugins/com.nxp.mcuxpresso.tools.win32_11.4.0.202103011116/tools/bin/../lib/gcc/arm-none-eabi/10.2.1/thumb/v6-m/nofp\crtbegin.o
LOAD c:/nxp/mcuxpressoide_11.4.0_6237/ide/plugins/com.nxp.mcuxpresso.tools.win32_11.4.0.202103011116/tools/bin/../lib/gcc/arm-none-eabi/10.2.1/thumb/v6-m/nofp\crtend.o
END GROUP
                0x00000000                __base_PROGRAM_FLASH = 0x0
                0x00000000                __base_Flash = 0x0
                0x00040000                __top_PROGRAM_FLASH = 0x40000
                0x00040000                __top_Flash = 0x40000
                0x1fffe000                __base_SRAM = 0x1fffe000
                0x1fffe000                __base_RAM = 0x1fffe000
                0x20006000                __top_SRAM = 0x20006000
                0x20006000                __top_RAM = 0x20006000

.text           0x00000000     0xa4e4
 FILL mask 0xff
                0x00000000                __vectors_start__ = ABSOLUTE (.)
 *(SORT_BY_ALIGNMENT(.isr_vector))
 .isr_vector    0x00000000       0xc0 ./startup/startup_mkl46z4.o
                0x00000000                g_pfnVectors
                0x00000000                __Vectors
                0x000000c0                . = ALIGN (0x4)
                0x000000c0                __section_table_start = .
                0x000000c0                __data_section_table = .
                0x000000c0        0x4 LONG 0xa4ec LOADADDR (.data)
                0x000000c4        0x4 LONG 0x1fffe080 ADDR (.data)
                0x000000c8        0x4 LONG 0x9b0 SIZEOF (.data)
                0x000000cc                __data_section_table_end = .
                0x000000cc                __bss_section_table = .
                0x000000cc        0x4 LONG 0x1fffea30 ADDR (.bss)
                0x000000d0        0x4 LONG 0x98 SIZEOF (.bss)
                0x000000d4                __bss_section_table_end = .
                0x000000d4                __section_table_end = .
 *(SORT_BY_ALIGNMENT(.after_vectors*))
 .after_vectors.reset
                0x000000d4       0x50 ./startup/startup_mkl46z4.o
                0x000000d4                ResetISR
 .after_vectors.init_data
                0x00000124       0x12 ./startup/startup_mkl46z4.o
                0x00000124                data_init(unsigned int, unsigned int, unsigned int)
 .after_vectors.init_bss
                0x00000136       0x10 ./startup/startup_mkl46z4.o
                0x00000136                bss_init(unsigned int, unsigned int)
 .after_vectors
                0x00000146      0x10c ./startup/startup_mkl46z4.o
                0x00000146                NMI_Handler
                0x0000014a                SVC_Handler
                0x0000014c                PendSV_Handler
                0x0000014e                SysTick_Handler
                0x00000150                LPTMR0_DriverIRQHandler
                0x00000150                PORTC_PORTD_DriverIRQHandler
                0x00000150                SPI1_DriverIRQHandler
                0x00000150                DMA0_DriverIRQHandler
                0x00000150                DMA2_DriverIRQHandler
                0x00000150                CMP0_DriverIRQHandler
                0x00000150                ADC0_DriverIRQHandler
                0x00000150                I2S0_DriverIRQHandler
                0x00000150                SPI0_DriverIRQHandler
                0x00000150                TPM0_DriverIRQHandler
                0x00000150                TPM2_DriverIRQHandler
                0x00000150                DMA1_DriverIRQHandler
                0x00000150                PIT_DriverIRQHandler
                0x00000150                LCD_DriverIRQHandler
                0x00000150                TSI0_DriverIRQHandler
                0x00000150                RTC_Seconds_DriverIRQHandler
                0x00000150                RTC_DriverIRQHandler
                0x00000150                TPM1_DriverIRQHandler
                0x00000150                LLWU_DriverIRQHandler
                0x00000150                MCG_DriverIRQHandler
                0x00000150                PORTA_DriverIRQHandler
                0x00000150                DMA3_DriverIRQHandler
                0x00000150                FTFA_DriverIRQHandler
                0x00000150                IntDefaultHandler
                0x00000150                USB0_DriverIRQHandler
                0x00000150                DAC0_DriverIRQHandler
                0x00000150                LVD_LVW_DriverIRQHandler
                0x00000150                Reserved20_DriverIRQHandler
                0x00000152                DMA0_IRQHandler
                0x0000015a                DMA1_IRQHandler
                0x00000162                DMA2_IRQHandler
                0x0000016a                DMA3_IRQHandler
                0x00000172                Reserved20_IRQHandler
                0x0000017a                FTFA_IRQHandler
                0x00000182                LVD_LVW_IRQHandler
                0x0000018a                LLWU_IRQHandler
                0x00000192                I2C0_IRQHandler
                0x0000019a                I2C1_IRQHandler
                0x000001a2                SPI0_IRQHandler
                0x000001aa                SPI1_IRQHandler
                0x000001b2                UART0_IRQHandler
                0x000001ba                UART1_IRQHandler
                0x000001c2                UART2_IRQHandler
                0x000001ca                ADC0_IRQHandler
                0x000001d2                CMP0_IRQHandler
                0x000001da                TPM0_IRQHandler
                0x000001e2                TPM1_IRQHandler
                0x000001ea                TPM2_IRQHandler
                0x000001f2                RTC_IRQHandler
                0x000001fa                RTC_Seconds_IRQHandler
                0x00000202                PIT_IRQHandler
                0x0000020a                I2S0_IRQHandler
                0x00000212                USB0_IRQHandler
                0x0000021a                DAC0_IRQHandler
                0x00000222                TSI0_IRQHandler
                0x0000022a                MCG_IRQHandler
                0x00000232                LPTMR0_IRQHandler
                0x0000023a                LCD_IRQHandler
                0x00000242                PORTA_IRQHandler
                0x0000024a                PORTC_PORTD_IRQHandler
                0x00000400                . = 0x400
 *fill*         0x00000252      0x1ae ff
                0x00000400                PROVIDE (__FLASH_CONFIG_START__ = .)
 *(SORT_BY_ALIGNMENT(.FlashConfig))
 .FlashConfig   0x00000400       0x10 ./startup/startup_mkl46z4.o
                0x00000410                PROVIDE (__FLASH_CONFIG_END__ = .)
                0x00000001                ASSERT (! ((__FLASH_CONFIG_START__ == __FLASH_CONFIG_END__)), Linker Flash Config Support Enabled, but no .FlashConfig section provided within application)
 *(SORT_BY_ALIGNMENT(.text*))
 .text.DbgConsole_Init
                0x00000410       0x4c ./utilities/fsl_debug_console.o
                0x00000410                DbgConsole_Init
 .text.IO_Init  0x0000045c       0xd4 ./utilities/fsl_io.o
                0x0000045c                IO_Init
 .text.main     0x00000530       0x58 ./source/contador_hello.o
                0x00000530                main
 .text.HardFault_Handler
                0x00000588       0x30 ./source/semihost_hardfault.o
                0x00000588                HardFault_Handler
 .text.CLOCK_SetEr32kClock
                0x000005b8       0x34 ./drivers/fsl_clock.o
 .text.CLOCK_SetPllFllSelClock
                0x000005ec       0x38 ./drivers/fsl_clock.o
 .text.CLOCK_GetMcgExtClkFreq
                0x00000624       0x34 ./drivers/fsl_clock.o
 .text.CLOCK_GetFllExtRefClkFreq
                0x00000658       0xa8 ./drivers/fsl_clock.o
 .text.CLOCK_GetFllRefClkFreq
                0x00000700       0x2c ./drivers/fsl_clock.o
 .text.CLOCK_GetPllFllSelClkFreq
                0x0000072c       0x4c ./drivers/fsl_clock.o
                0x0000072c                CLOCK_GetPllFllSelClkFreq
 .text.CLOCK_SetSimConfig
                0x00000778       0x38 ./drivers/fsl_clock.o
                0x00000778                CLOCK_SetSimConfig
 .text.CLOCK_GetFllFreq
                0x000007b0       0x84 ./drivers/fsl_clock.o
                0x000007b0                CLOCK_GetFllFreq
 .text.CLOCK_GetPll0Freq
                0x00000834       0x80 ./drivers/fsl_clock.o
                0x00000834                CLOCK_GetPll0Freq
 .text.CLOCK_SetInternalRefClkConfig
                0x000008b4      0x124 ./drivers/fsl_clock.o
                0x000008b4                CLOCK_SetInternalRefClkConfig
 .text.CLOCK_SetFeiMode
                0x000009d8       0xdc ./drivers/fsl_clock.o
                0x000009d8                CLOCK_SetFeiMode
 .text.I2C_TransferCommonIRQHandler
                0x00000ab4       0x58 ./drivers/fsl_i2c.o
 .text.I2C0_DriverIRQHandler
                0x00000b0c       0x20 ./drivers/fsl_i2c.o
                0x00000b0c                I2C0_DriverIRQHandler
 .text.I2C1_DriverIRQHandler
                0x00000b2c       0x20 ./drivers/fsl_i2c.o
                0x00000b2c                I2C1_DriverIRQHandler
 .text.CLOCK_EnableClock
                0x00000b4c       0x34 ./drivers/fsl_lpsci.o
 .text.LPSCI_GetInstance
                0x00000b80       0x54 ./drivers/fsl_lpsci.o
                0x00000b80                LPSCI_GetInstance
 .text.LPSCI_Init
                0x00000bd4      0x280 ./drivers/fsl_lpsci.o
                0x00000bd4                LPSCI_Init
 .text.LPSCI_GetDefaultConfig
                0x00000e54       0x58 ./drivers/fsl_lpsci.o
                0x00000e54                LPSCI_GetDefaultConfig
 .text.UART0_DriverIRQHandler
                0x00000eac       0x24 ./drivers/fsl_lpsci.o
                0x00000eac                UART0_DriverIRQHandler
 .text.CLOCK_EnableClock
                0x00000ed0       0x34 ./drivers/fsl_uart.o
 .text.UART_GetInstance
                0x00000f04       0x60 ./drivers/fsl_uart.o
                0x00000f04                UART_GetInstance
 .text.UART_Init
                0x00000f64      0x208 ./drivers/fsl_uart.o
                0x00000f64                UART_Init
 .text.UART_GetDefaultConfig
                0x0000116c       0x58 ./drivers/fsl_uart.o
                0x0000116c                UART_GetDefaultConfig
 .text.UART1_DriverIRQHandler
                0x000011c4       0x24 ./drivers/fsl_uart.o
                0x000011c4                UART1_DriverIRQHandler
 .text.UART2_DriverIRQHandler
                0x000011e8       0x24 ./drivers/fsl_uart.o
                0x000011e8                UART2_DriverIRQHandler
 .text.CLOCK_SetLpsci0Clock
                0x0000120c       0x38 ./board/board.o
 .text.BOARD_InitDebugConsole
                0x00001244       0x30 ./board/board.o
                0x00001244                BOARD_InitDebugConsole
 .text.CLOCK_SetSimSafeDivs
                0x00001274       0x20 ./board/clock_config.o
 .text.CLOCK_CONFIG_FllStableDelay
                0x00001294       0x28 ./board/clock_config.o
 .text.BOARD_BootClockRUN
                0x000012bc       0x44 ./board/clock_config.o
                0x000012bc                BOARD_BootClockRUN
 .text.CLOCK_EnableClock
                0x00001300       0x34 ./board/pin_mux.o
 .text.PORT_SetPinConfig
                0x00001334       0x48 ./board/pin_mux.o
 .text.BOARD_InitDEBUG_UART
                0x0000137c       0x80 ./board/pin_mux.o
                0x0000137c                BOARD_InitDEBUG_UART
 .text.SystemInit
                0x000013fc       0x1c ./CMSIS/system_MKL46Z4.o
                0x000013fc                SystemInit
 .text          0x00001418      0x114 c:/nxp/mcuxpressoide_11.4.0_6237/ide/plugins/com.nxp.mcuxpresso.tools.win32_11.4.0.202103011116/tools/bin/../lib/gcc/arm-none-eabi/10.2.1/thumb/v6-m/nofp\libgcc.a(_udivsi3.o)
                0x00001418                __aeabi_uidiv
                0x00001418                __udivsi3
                0x00001524                __aeabi_uidivmod
 .text          0x0000152c      0x1d4 c:/nxp/mcuxpressoide_11.4.0_6237/ide/plugins/com.nxp.mcuxpresso.tools.win32_11.4.0.202103011116/tools/bin/../lib/gcc/arm-none-eabi/10.2.1/thumb/v6-m/nofp\libgcc.a(_divsi3.o)
                0x0000152c                __divsi3
                0x0000152c                __aeabi_idiv
                0x000016f8                __aeabi_idivmod
 .text          0x00001700        0x4 c:/nxp/mcuxpressoide_11.4.0_6237/ide/plugins/com.nxp.mcuxpresso.tools.win32_11.4.0.202103011116/tools/bin/../lib/gcc/arm-none-eabi/10.2.1/thumb/v6-m/nofp\libgcc.a(_dvmd_tls.o)
                0x00001700                __aeabi_idiv0
                0x00001700                __aeabi_ldiv0
 .text.__assert_func
                0x00001704       0x40 c:/nxp/mcuxpressoide_11.4.0_6237/ide/plugins/com.nxp.mcuxpresso.tools.win32_11.4.0.202103011116/tools/bin/../lib/gcc/arm-none-eabi/10.2.1/../../../../arm-none-eabi/lib/thumb/v6-m/nofp\libc.a(lib_a-assert.o)
                0x00001704                __assert_func
 .text.fiprintf
                0x00001744       0x24 c:/nxp/mcuxpressoide_11.4.0_6237/ide/plugins/com.nxp.mcuxpresso.tools.win32_11.4.0.202103011116/tools/bin/../lib/gcc/arm-none-eabi/10.2.1/../../../../arm-none-eabi/lib/thumb/v6-m/nofp\libc.a(lib_a-fiprintf.o)
                0x00001744                fiprintf
 .text.__libc_init_array
                0x00001768       0x44 c:/nxp/mcuxpressoide_11.4.0_6237/ide/plugins/com.nxp.mcuxpresso.tools.win32_11.4.0.202103011116/tools/bin/../lib/gcc/arm-none-eabi/10.2.1/../../../../arm-none-eabi/lib/thumb/v6-m/nofp\libc.a(lib_a-init.o)
                0x00001768                __libc_init_array
 .text._malloc_r
                0x000017ac      0x580 c:/nxp/mcuxpressoide_11.4.0_6237/ide/plugins/com.nxp.mcuxpresso.tools.win32_11.4.0.202103011116/tools/bin/../lib/gcc/arm-none-eabi/10.2.1/../../../../arm-none-eabi/lib/thumb/v6-m/nofp\libc.a(lib_a-mallocr.o)
                0x000017ac                _malloc_r
 .text.memcpy   0x00001d2c       0xa4 c:/nxp/mcuxpressoide_11.4.0_6237/ide/plugins/com.nxp.mcuxpresso.tools.win32_11.4.0.202103011116/tools/bin/../lib/gcc/arm-none-eabi/10.2.1/../../../../arm-none-eabi/lib/thumb/v6-m/nofp\libc.a(lib_a-memcpy-stub.o)
                0x00001d2c                memcpy
 .text.memset   0x00001dd0       0xa8 c:/nxp/mcuxpressoide_11.4.0_6237/ide/plugins/com.nxp.mcuxpresso.tools.win32_11.4.0.202103011116/tools/bin/../lib/gcc/arm-none-eabi/10.2.1/../../../../arm-none-eabi/lib/thumb/v6-m/nofp\libc.a(lib_a-memset.o)
                0x00001dd0                memset
 .text.__malloc_lock
                0x00001e78       0x10 c:/nxp/mcuxpressoide_11.4.0_6237/ide/plugins/com.nxp.mcuxpresso.tools.win32_11.4.0.202103011116/tools/bin/../lib/gcc/arm-none-eabi/10.2.1/../../../../arm-none-eabi/lib/thumb/v6-m/nofp\libc.a(lib_a-mlock.o)
                0x00001e78                __malloc_lock
 .text.__malloc_unlock
                0x00001e88       0x10 c:/nxp/mcuxpressoide_11.4.0_6237/ide/plugins/com.nxp.mcuxpresso.tools.win32_11.4.0.202103011116/tools/bin/../lib/gcc/arm-none-eabi/10.2.1/../../../../arm-none-eabi/lib/thumb/v6-m/nofp\libc.a(lib_a-mlock.o)
                0x00001e88                __malloc_unlock
 .text.printf   0x00001e98       0x24 c:/nxp/mcuxpressoide_11.4.0_6237/ide/plugins/com.nxp.mcuxpresso.tools.win32_11.4.0.202103011116/tools/bin/../lib/gcc/arm-none-eabi/10.2.1/../../../../arm-none-eabi/lib/thumb/v6-m/nofp\libc.a(lib_a-printf.o)
                0x00001e98                printf
 .text._sbrk_r  0x00001ebc       0x24 c:/nxp/mcuxpressoide_11.4.0_6237/ide/plugins/com.nxp.mcuxpresso.tools.win32_11.4.0.202103011116/tools/bin/../lib/gcc/arm-none-eabi/10.2.1/../../../../arm-none-eabi/lib/thumb/v6-m/nofp\libc.a(lib_a-sbrkr.o)
                0x00001ebc                _sbrk_r
 .text.strlen   0x00001ee0       0x5c c:/nxp/mcuxpressoide_11.4.0_6237/ide/plugins/com.nxp.mcuxpresso.tools.win32_11.4.0.202103011116/tools/bin/../lib/gcc/arm-none-eabi/10.2.1/../../../../arm-none-eabi/lib/thumb/v6-m/nofp\libc.a(lib_a-strlen-stub.o)
                0x00001ee0                strlen
 .text.__sprint_r.part.0
                0x00001f3c       0x88 c:/nxp/mcuxpressoide_11.4.0_6237/ide/plugins/com.nxp.mcuxpresso.tools.win32_11.4.0.202103011116/tools/bin/../lib/gcc/arm-none-eabi/10.2.1/../../../../arm-none-eabi/lib/thumb/v6-m/nofp\libc.a(lib_a-vfiprintf.o)
 .text.__sprint_r
                0x00001fc4       0x14 c:/nxp/mcuxpressoide_11.4.0_6237/ide/plugins/com.nxp.mcuxpresso.tools.win32_11.4.0.202103011116/tools/bin/../lib/gcc/arm-none-eabi/10.2.1/../../../../arm-none-eabi/lib/thumb/v6-m/nofp\libc.a(lib_a-vfiprintf.o)
                0x00001fc4                __sprint_r
 .text._vfiprintf_r
                0x00001fd8      0xdb8 c:/nxp/mcuxpressoide_11.4.0_6237/ide/plugins/com.nxp.mcuxpresso.tools.win32_11.4.0.202103011116/tools/bin/../lib/gcc/arm-none-eabi/10.2.1/../../../../arm-none-eabi/lib/thumb/v6-m/nofp\libc.a(lib_a-vfiprintf.o)
                0x00001fd8                _vfiprintf_r
 .text.__sbprintf
                0x00002d90       0x8c c:/nxp/mcuxpressoide_11.4.0_6237/ide/plugins/com.nxp.mcuxpresso.tools.win32_11.4.0.202103011116/tools/bin/../lib/gcc/arm-none-eabi/10.2.1/../../../../arm-none-eabi/lib/thumb/v6-m/nofp\libc.a(lib_a-vfiprintf.o)
 .text._vfprintf_r
                0x00002e1c     0x1c44 c:/nxp/mcuxpressoide_11.4.0_6237/ide/plugins/com.nxp.mcuxpresso.tools.win32_11.4.0.202103011116/tools/bin/../lib/gcc/arm-none-eabi/10.2.1/../../../../arm-none-eabi/lib/thumb/v6-m/nofp\libc.a(lib_a-vfprintf.o)
                0x00002e1c                _vfprintf_r
 .text.__sbprintf
                0x00004a60       0x8c c:/nxp/mcuxpressoide_11.4.0_6237/ide/plugins/com.nxp.mcuxpresso.tools.win32_11.4.0.202103011116/tools/bin/../lib/gcc/arm-none-eabi/10.2.1/../../../../arm-none-eabi/lib/thumb/v6-m/nofp\libc.a(lib_a-vfprintf.o)
 .text.__swsetup_r
                0x00004aec       0xdc c:/nxp/mcuxpressoide_11.4.0_6237/ide/plugins/com.nxp.mcuxpresso.tools.win32_11.4.0.202103011116/tools/bin/../lib/gcc/arm-none-eabi/10.2.1/../../../../arm-none-eabi/lib/thumb/v6-m/nofp\libc.a(lib_a-wsetup.o)
                0x00004aec                __swsetup_r
 .text.abort    0x00004bc8       0x10 c:/nxp/mcuxpressoide_11.4.0_6237/ide/plugins/com.nxp.mcuxpresso.tools.win32_11.4.0.202103011116/tools/bin/../lib/gcc/arm-none-eabi/10.2.1/../../../../arm-none-eabi/lib/thumb/v6-m/nofp\libc.a(lib_a-abort.o)
                0x00004bc8                abort
 .text.quorem   0x00004bd8      0x148 c:/nxp/mcuxpressoide_11.4.0_6237/ide/plugins/com.nxp.mcuxpresso.tools.win32_11.4.0.202103011116/tools/bin/../lib/gcc/arm-none-eabi/10.2.1/../../../../arm-none-eabi/lib/thumb/v6-m/nofp\libc.a(lib_a-dtoa.o)
 .text._dtoa_r  0x00004d20      0xfc0 c:/nxp/mcuxpressoide_11.4.0_6237/ide/plugins/com.nxp.mcuxpresso.tools.win32_11.4.0.202103011116/tools/bin/../lib/gcc/arm-none-eabi/10.2.1/../../../../arm-none-eabi/lib/thumb/v6-m/nofp\libc.a(lib_a-dtoa.o)
                0x00004d20                _dtoa_r
 .text.__sflush_r
                0x00005ce0      0x140 c:/nxp/mcuxpressoide_11.4.0_6237/ide/plugins/com.nxp.mcuxpresso.tools.win32_11.4.0.202103011116/tools/bin/../lib/gcc/arm-none-eabi/10.2.1/../../../../arm-none-eabi/lib/thumb/v6-m/nofp\libc.a(lib_a-fflush.o)
                0x00005ce0                __sflush_r
 .text._fflush_r
                0x00005e20       0x6c c:/nxp/mcuxpressoide_11.4.0_6237/ide/plugins/com.nxp.mcuxpresso.tools.win32_11.4.0.202103011116/tools/bin/../lib/gcc/arm-none-eabi/10.2.1/../../../../arm-none-eabi/lib/thumb/v6-m/nofp\libc.a(lib_a-fflush.o)
                0x00005e20                _fflush_r
 .text._cleanup_r
                0x00005e8c       0x10 c:/nxp/mcuxpressoide_11.4.0_6237/ide/plugins/com.nxp.mcuxpresso.tools.win32_11.4.0.202103011116/tools/bin/../lib/gcc/arm-none-eabi/10.2.1/../../../../arm-none-eabi/lib/thumb/v6-m/nofp\libc.a(lib_a-findfp.o)
                0x00005e8c                _cleanup_r
 .text.__sinit  0x00005e9c      0x120 c:/nxp/mcuxpressoide_11.4.0_6237/ide/plugins/com.nxp.mcuxpresso.tools.win32_11.4.0.202103011116/tools/bin/../lib/gcc/arm-none-eabi/10.2.1/../../../../arm-none-eabi/lib/thumb/v6-m/nofp\libc.a(lib_a-findfp.o)
                0x00005e9c                __sinit
 .text.__sfp_lock_acquire
                0x00005fbc       0x10 c:/nxp/mcuxpressoide_11.4.0_6237/ide/plugins/com.nxp.mcuxpresso.tools.win32_11.4.0.202103011116/tools/bin/../lib/gcc/arm-none-eabi/10.2.1/../../../../arm-none-eabi/lib/thumb/v6-m/nofp\libc.a(lib_a-findfp.o)
                0x00005fbc                __sfp_lock_acquire
 .text.__sfp_lock_release
                0x00005fcc       0x10 c:/nxp/mcuxpressoide_11.4.0_6237/ide/plugins/com.nxp.mcuxpresso.tools.win32_11.4.0.202103011116/tools/bin/../lib/gcc/arm-none-eabi/10.2.1/../../../../arm-none-eabi/lib/thumb/v6-m/nofp\libc.a(lib_a-findfp.o)
                0x00005fcc                __sfp_lock_release
 .text.__fputwc
                0x00005fdc       0x98 c:/nxp/mcuxpressoide_11.4.0_6237/ide/plugins/com.nxp.mcuxpresso.tools.win32_11.4.0.202103011116/tools/bin/../lib/gcc/arm-none-eabi/10.2.1/../../../../arm-none-eabi/lib/thumb/v6-m/nofp\libc.a(lib_a-fputwc.o)
                0x00005fdc                __fputwc
 .text._fputwc_r
                0x00006074       0x5c c:/nxp/mcuxpressoide_11.4.0_6237/ide/plugins/com.nxp.mcuxpresso.tools.win32_11.4.0.202103011116/tools/bin/../lib/gcc/arm-none-eabi/10.2.1/../../../../arm-none-eabi/lib/thumb/v6-m/nofp\libc.a(lib_a-fputwc.o)
                0x00006074                _fputwc_r
 .text._malloc_trim_r
                0x000060d0       0x9c c:/nxp/mcuxpressoide_11.4.0_6237/ide/plugins/com.nxp.mcuxpresso.tools.win32_11.4.0.202103011116/tools/bin/../lib/gcc/arm-none-eabi/10.2.1/../../../../arm-none-eabi/lib/thumb/v6-m/nofp\libc.a(lib_a-freer.o)
                0x000060d0                _malloc_trim_r
 .text._free_r  0x0000616c      0x1c4 c:/nxp/mcuxpressoide_11.4.0_6237/ide/plugins/com.nxp.mcuxpresso.tools.win32_11.4.0.202103011116/tools/bin/../lib/gcc/arm-none-eabi/10.2.1/../../../../arm-none-eabi/lib/thumb/v6-m/nofp\libc.a(lib_a-freer.o)
                0x0000616c                _free_r
 .text.__sfvwrite_r
                0x00006330      0x2f4 c:/nxp/mcuxpressoide_11.4.0_6237/ide/plugins/com.nxp.mcuxpresso.tools.win32_11.4.0.202103011116/tools/bin/../lib/gcc/arm-none-eabi/10.2.1/../../../../arm-none-eabi/lib/thumb/v6-m/nofp\libc.a(lib_a-fvwrite.o)
                0x00006330                __sfvwrite_r
 .text._fwalk_reent
                0x00006624       0x48 c:/nxp/mcuxpressoide_11.4.0_6237/ide/plugins/com.nxp.mcuxpresso.tools.win32_11.4.0.202103011116/tools/bin/../lib/gcc/arm-none-eabi/10.2.1/../../../../arm-none-eabi/lib/thumb/v6-m/nofp\libc.a(lib_a-fwalk.o)
                0x00006624                _fwalk_reent
 .text.__locale_mb_cur_max
                0x0000666c       0x10 c:/nxp/mcuxpressoide_11.4.0_6237/ide/plugins/com.nxp.mcuxpresso.tools.win32_11.4.0.202103011116/tools/bin/../lib/gcc/arm-none-eabi/10.2.1/../../../../arm-none-eabi/lib/thumb/v6-m/nofp\libc.a(lib_a-locale.o)
                0x0000666c                __locale_mb_cur_max
 .text._localeconv_r
                0x0000667c        0x8 c:/nxp/mcuxpressoide_11.4.0_6237/ide/plugins/com.nxp.mcuxpresso.tools.win32_11.4.0.202103011116/tools/bin/../lib/gcc/arm-none-eabi/10.2.1/../../../../arm-none-eabi/lib/thumb/v6-m/nofp\libc.a(lib_a-localeconv.o)
                0x0000667c                _localeconv_r
 .text.__retarget_lock_init_recursive
                0x00006684        0x4 c:/nxp/mcuxpressoide_11.4.0_6237/ide/plugins/com.nxp.mcuxpresso.tools.win32_11.4.0.202103011116/tools/bin/../lib/gcc/arm-none-eabi/10.2.1/../../../../arm-none-eabi/lib/thumb/v6-m/nofp\libc.a(lib_a-lock.o)
                0x00006684                __retarget_lock_init_recursive
 .text.__retarget_lock_close_recursive
                0x00006688        0x4 c:/nxp/mcuxpressoide_11.4.0_6237/ide/plugins/com.nxp.mcuxpresso.tools.win32_11.4.0.202103011116/tools/bin/../lib/gcc/arm-none-eabi/10.2.1/../../../../arm-none-eabi/lib/thumb/v6-m/nofp\libc.a(lib_a-lock.o)
                0x00006688                __retarget_lock_close_recursive
 .text.__retarget_lock_acquire_recursive
                0x0000668c        0x4 c:/nxp/mcuxpressoide_11.4.0_6237/ide/plugins/com.nxp.mcuxpresso.tools.win32_11.4.0.202103011116/tools/bin/../lib/gcc/arm-none-eabi/10.2.1/../../../../arm-none-eabi/lib/thumb/v6-m/nofp\libc.a(lib_a-lock.o)
                0x0000668c                __retarget_lock_acquire_recursive
 .text.__retarget_lock_release_recursive
                0x00006690        0x4 c:/nxp/mcuxpressoide_11.4.0_6237/ide/plugins/com.nxp.mcuxpresso.tools.win32_11.4.0.202103011116/tools/bin/../lib/gcc/arm-none-eabi/10.2.1/../../../../arm-none-eabi/lib/thumb/v6-m/nofp\libc.a(lib_a-lock.o)
                0x00006690                __retarget_lock_release_recursive
 .text.__smakebuf_r
                0x00006694       0xe4 c:/nxp/mcuxpressoide_11.4.0_6237/ide/plugins/com.nxp.mcuxpresso.tools.win32_11.4.0.202103011116/tools/bin/../lib/gcc/arm-none-eabi/10.2.1/../../../../arm-none-eabi/lib/thumb/v6-m/nofp\libc.a(lib_a-makebuf.o)
                0x00006694                __smakebuf_r
 .text.__ascii_mbtowc
                0x00006778       0x2c c:/nxp/mcuxpressoide_11.4.0_6237/ide/plugins/com.nxp.mcuxpresso.tools.win32_11.4.0.202103011116/tools/bin/../lib/gcc/arm-none-eabi/10.2.1/../../../../arm-none-eabi/lib/thumb/v6-m/nofp\libc.a(lib_a-mbtowc_r.o)
                0x00006778                __ascii_mbtowc
 .text.memchr   0x000067a4       0x74 c:/nxp/mcuxpressoide_11.4.0_6237/ide/plugins/com.nxp.mcuxpresso.tools.win32_11.4.0.202103011116/tools/bin/../lib/gcc/arm-none-eabi/10.2.1/../../../../arm-none-eabi/lib/thumb/v6-m/nofp\libc.a(lib_a-memchr-stub.o)
                0x000067a4                memchr
 .text.memmove  0x00006818       0xac c:/nxp/mcuxpressoide_11.4.0_6237/ide/plugins/com.nxp.mcuxpresso.tools.win32_11.4.0.202103011116/tools/bin/../lib/gcc/arm-none-eabi/10.2.1/../../../../arm-none-eabi/lib/thumb/v6-m/nofp\libc.a(lib_a-memmove.o)
                0x00006818                memmove
 .text._Balloc  0x000068c4       0x50 c:/nxp/mcuxpressoide_11.4.0_6237/ide/plugins/com.nxp.mcuxpresso.tools.win32_11.4.0.202103011116/tools/bin/../lib/gcc/arm-none-eabi/10.2.1/../../../../arm-none-eabi/lib/thumb/v6-m/nofp\libc.a(lib_a-mprec.o)
                0x000068c4                _Balloc
 .text._Bfree   0x00006914       0x14 c:/nxp/mcuxpressoide_11.4.0_6237/ide/plugins/com.nxp.mcuxpresso.tools.win32_11.4.0.202103011116/tools/bin/../lib/gcc/arm-none-eabi/10.2.1/../../../../arm-none-eabi/lib/thumb/v6-m/nofp\libc.a(lib_a-mprec.o)
                0x00006914                _Bfree
 .text.__multadd
                0x00006928       0xa8 c:/nxp/mcuxpressoide_11.4.0_6237/ide/plugins/com.nxp.mcuxpresso.tools.win32_11.4.0.202103011116/tools/bin/../lib/gcc/arm-none-eabi/10.2.1/../../../../arm-none-eabi/lib/thumb/v6-m/nofp\libc.a(lib_a-mprec.o)
                0x00006928                __multadd
 .text.__hi0bits
                0x000069d0       0x38 c:/nxp/mcuxpressoide_11.4.0_6237/ide/plugins/com.nxp.mcuxpresso.tools.win32_11.4.0.202103011116/tools/bin/../lib/gcc/arm-none-eabi/10.2.1/../../../../arm-none-eabi/lib/thumb/v6-m/nofp\libc.a(lib_a-mprec.o)
                0x000069d0                __hi0bits
 .text.__lo0bits
                0x00006a08       0x5c c:/nxp/mcuxpressoide_11.4.0_6237/ide/plugins/com.nxp.mcuxpresso.tools.win32_11.4.0.202103011116/tools/bin/../lib/gcc/arm-none-eabi/10.2.1/../../../../arm-none-eabi/lib/thumb/v6-m/nofp\libc.a(lib_a-mprec.o)
                0x00006a08                __lo0bits
 .text.__i2b    0x00006a64       0x60 c:/nxp/mcuxpressoide_11.4.0_6237/ide/plugins/com.nxp.mcuxpresso.tools.win32_11.4.0.202103011116/tools/bin/../lib/gcc/arm-none-eabi/10.2.1/../../../../arm-none-eabi/lib/thumb/v6-m/nofp\libc.a(lib_a-mprec.o)
                0x00006a64                __i2b
 .text.__multiply
                0x00006ac4      0x1a4 c:/nxp/mcuxpressoide_11.4.0_6237/ide/plugins/com.nxp.mcuxpresso.tools.win32_11.4.0.202103011116/tools/bin/../lib/gcc/arm-none-eabi/10.2.1/../../../../arm-none-eabi/lib/thumb/v6-m/nofp\libc.a(lib_a-mprec.o)
                0x00006ac4                __multiply
 .text.__pow5mult
                0x00006c68       0xd8 c:/nxp/mcuxpressoide_11.4.0_6237/ide/plugins/com.nxp.mcuxpresso.tools.win32_11.4.0.202103011116/tools/bin/../lib/gcc/arm-none-eabi/10.2.1/../../../../arm-none-eabi/lib/thumb/v6-m/nofp\libc.a(lib_a-mprec.o)
                0x00006c68                __pow5mult
 .text.__lshift
                0x00006d40       0xfc c:/nxp/mcuxpressoide_11.4.0_6237/ide/plugins/com.nxp.mcuxpresso.tools.win32_11.4.0.202103011116/tools/bin/../lib/gcc/arm-none-eabi/10.2.1/../../../../arm-none-eabi/lib/thumb/v6-m/nofp\libc.a(lib_a-mprec.o)
                0x00006d40                __lshift
 .text.__mcmp   0x00006e3c       0x34 c:/nxp/mcuxpressoide_11.4.0_6237/ide/plugins/com.nxp.mcuxpresso.tools.win32_11.4.0.202103011116/tools/bin/../lib/gcc/arm-none-eabi/10.2.1/../../../../arm-none-eabi/lib/thumb/v6-m/nofp\libc.a(lib_a-mprec.o)
                0x00006e3c                __mcmp
 .text.__mdiff  0x00006e70      0x18c c:/nxp/mcuxpressoide_11.4.0_6237/ide/plugins/com.nxp.mcuxpresso.tools.win32_11.4.0.202103011116/tools/bin/../lib/gcc/arm-none-eabi/10.2.1/../../../../arm-none-eabi/lib/thumb/v6-m/nofp\libc.a(lib_a-mprec.o)
                0x00006e70                __mdiff
 .text.__d2b    0x00006ffc       0xd8 c:/nxp/mcuxpressoide_11.4.0_6237/ide/plugins/com.nxp.mcuxpresso.tools.win32_11.4.0.202103011116/tools/bin/../lib/gcc/arm-none-eabi/10.2.1/../../../../arm-none-eabi/lib/thumb/v6-m/nofp\libc.a(lib_a-mprec.o)
                0x00006ffc                __d2b
 .text._realloc_r
                0x000070d4      0x358 c:/nxp/mcuxpressoide_11.4.0_6237/ide/plugins/com.nxp.mcuxpresso.tools.win32_11.4.0.202103011116/tools/bin/../lib/gcc/arm-none-eabi/10.2.1/../../../../arm-none-eabi/lib/thumb/v6-m/nofp\libc.a(lib_a-reallocr.o)
                0x000070d4                _realloc_r
 .text.frexp    0x0000742c       0x64 c:/nxp/mcuxpressoide_11.4.0_6237/ide/plugins/com.nxp.mcuxpresso.tools.win32_11.4.0.202103011116/tools/bin/../lib/gcc/arm-none-eabi/10.2.1/../../../../arm-none-eabi/lib/thumb/v6-m/nofp\libc.a(lib_a-s_frexp.o)
                0x0000742c                frexp
 .text.raise    0x00007490       0x60 c:/nxp/mcuxpressoide_11.4.0_6237/ide/plugins/com.nxp.mcuxpresso.tools.win32_11.4.0.202103011116/tools/bin/../lib/gcc/arm-none-eabi/10.2.1/../../../../arm-none-eabi/lib/thumb/v6-m/nofp\libc.a(lib_a-signal.o)
                0x00007490                raise
 .text._kill_r  0x000074f0       0x28 c:/nxp/mcuxpressoide_11.4.0_6237/ide/plugins/com.nxp.mcuxpresso.tools.win32_11.4.0.202103011116/tools/bin/../lib/gcc/arm-none-eabi/10.2.1/../../../../arm-none-eabi/lib/thumb/v6-m/nofp\libc.a(lib_a-signalr.o)
                0x000074f0                _kill_r
 .text._getpid_r
                0x00007518        0x8 c:/nxp/mcuxpressoide_11.4.0_6237/ide/plugins/com.nxp.mcuxpresso.tools.win32_11.4.0.202103011116/tools/bin/../lib/gcc/arm-none-eabi/10.2.1/../../../../arm-none-eabi/lib/thumb/v6-m/nofp\libc.a(lib_a-signalr.o)
                0x00007518                _getpid_r
 .text.__sread  0x00007520       0x28 c:/nxp/mcuxpressoide_11.4.0_6237/ide/plugins/com.nxp.mcuxpresso.tools.win32_11.4.0.202103011116/tools/bin/../lib/gcc/arm-none-eabi/10.2.1/../../../../arm-none-eabi/lib/thumb/v6-m/nofp\libc.a(lib_a-stdio.o)
                0x00007520                __sread
 .text.__swrite
                0x00007548       0x40 c:/nxp/mcuxpressoide_11.4.0_6237/ide/plugins/com.nxp.mcuxpresso.tools.win32_11.4.0.202103011116/tools/bin/../lib/gcc/arm-none-eabi/10.2.1/../../../../arm-none-eabi/lib/thumb/v6-m/nofp\libc.a(lib_a-stdio.o)
                0x00007548                __swrite
 .text.__sseek  0x00007588       0x2c c:/nxp/mcuxpressoide_11.4.0_6237/ide/plugins/com.nxp.mcuxpresso.tools.win32_11.4.0.202103011116/tools/bin/../lib/gcc/arm-none-eabi/10.2.1/../../../../arm-none-eabi/lib/thumb/v6-m/nofp\libc.a(lib_a-stdio.o)
                0x00007588                __sseek
 .text.__sclose
                0x000075b4        0xc c:/nxp/mcuxpressoide_11.4.0_6237/ide/plugins/com.nxp.mcuxpresso.tools.win32_11.4.0.202103011116/tools/bin/../lib/gcc/arm-none-eabi/10.2.1/../../../../arm-none-eabi/lib/thumb/v6-m/nofp\libc.a(lib_a-stdio.o)
                0x000075b4                __sclose
 .text.strncpy  0x000075c0       0x6c c:/nxp/mcuxpressoide_11.4.0_6237/ide/plugins/com.nxp.mcuxpresso.tools.win32_11.4.0.202103011116/tools/bin/../lib/gcc/arm-none-eabi/10.2.1/../../../../arm-none-eabi/lib/thumb/v6-m/nofp\libc.a(lib_a-strncpy.o)
                0x000075c0                strncpy
 .text.__swbuf_r
                0x0000762c       0xc8 c:/nxp/mcuxpressoide_11.4.0_6237/ide/plugins/com.nxp.mcuxpresso.tools.win32_11.4.0.202103011116/tools/bin/../lib/gcc/arm-none-eabi/10.2.1/../../../../arm-none-eabi/lib/thumb/v6-m/nofp\libc.a(lib_a-wbuf.o)
                0x0000762c                __swbuf_r
 .text._wcrtomb_r
                0x000076f4       0x40 c:/nxp/mcuxpressoide_11.4.0_6237/ide/plugins/com.nxp.mcuxpresso.tools.win32_11.4.0.202103011116/tools/bin/../lib/gcc/arm-none-eabi/10.2.1/../../../../arm-none-eabi/lib/thumb/v6-m/nofp\libc.a(lib_a-wcrtomb.o)
                0x000076f4                _wcrtomb_r
 .text.__ascii_wctomb
                0x00007734       0x1c c:/nxp/mcuxpressoide_11.4.0_6237/ide/plugins/com.nxp.mcuxpresso.tools.win32_11.4.0.202103011116/tools/bin/../lib/gcc/arm-none-eabi/10.2.1/../../../../arm-none-eabi/lib/thumb/v6-m/nofp\libc.a(lib_a-wctomb_r.o)
                0x00007734                __ascii_wctomb
 .text._write_r
                0x00007750       0x28 c:/nxp/mcuxpressoide_11.4.0_6237/ide/plugins/com.nxp.mcuxpresso.tools.win32_11.4.0.202103011116/tools/bin/../lib/gcc/arm-none-eabi/10.2.1/../../../../arm-none-eabi/lib/thumb/v6-m/nofp\libc.a(lib_a-writer.o)
                0x00007750                _write_r
 .text._calloc_r
                0x00007778       0x5c c:/nxp/mcuxpressoide_11.4.0_6237/ide/plugins/com.nxp.mcuxpresso.tools.win32_11.4.0.202103011116/tools/bin/../lib/gcc/arm-none-eabi/10.2.1/../../../../arm-none-eabi/lib/thumb/v6-m/nofp\libc.a(lib_a-callocr.o)
                0x00007778                _calloc_r
 .text._close_r
                0x000077d4       0x24 c:/nxp/mcuxpressoide_11.4.0_6237/ide/plugins/com.nxp.mcuxpresso.tools.win32_11.4.0.202103011116/tools/bin/../lib/gcc/arm-none-eabi/10.2.1/../../../../arm-none-eabi/lib/thumb/v6-m/nofp\libc.a(lib_a-closer.o)
                0x000077d4                _close_r
 .text._fclose_r
                0x000077f8       0xdc c:/nxp/mcuxpressoide_11.4.0_6237/ide/plugins/com.nxp.mcuxpresso.tools.win32_11.4.0.202103011116/tools/bin/../lib/gcc/arm-none-eabi/10.2.1/../../../../arm-none-eabi/lib/thumb/v6-m/nofp\libc.a(lib_a-fclose.o)
                0x000077f8                _fclose_r
 .text._fstat_r
                0x000078d4       0x28 c:/nxp/mcuxpressoide_11.4.0_6237/ide/plugins/com.nxp.mcuxpresso.tools.win32_11.4.0.202103011116/tools/bin/../lib/gcc/arm-none-eabi/10.2.1/../../../../arm-none-eabi/lib/thumb/v6-m/nofp\libc.a(lib_a-fstatr.o)
                0x000078d4                _fstat_r
 .text._isatty_r
                0x000078fc       0x24 c:/nxp/mcuxpressoide_11.4.0_6237/ide/plugins/com.nxp.mcuxpresso.tools.win32_11.4.0.202103011116/tools/bin/../lib/gcc/arm-none-eabi/10.2.1/../../../../arm-none-eabi/lib/thumb/v6-m/nofp\libc.a(lib_a-isattyr.o)
                0x000078fc                _isatty_r
 .text._lseek_r
                0x00007920       0x28 c:/nxp/mcuxpressoide_11.4.0_6237/ide/plugins/com.nxp.mcuxpresso.tools.win32_11.4.0.202103011116/tools/bin/../lib/gcc/arm-none-eabi/10.2.1/../../../../arm-none-eabi/lib/thumb/v6-m/nofp\libc.a(lib_a-lseekr.o)
                0x00007920                _lseek_r
 .text._read_r  0x00007948       0x28 c:/nxp/mcuxpressoide_11.4.0_6237/ide/plugins/com.nxp.mcuxpresso.tools.win32_11.4.0.202103011116/tools/bin/../lib/gcc/arm-none-eabi/10.2.1/../../../../arm-none-eabi/lib/thumb/v6-m/nofp\libc.a(lib_a-readr.o)
                0x00007948                _read_r
 .text._sbrk    0x00007970       0x40 c:/nxp/mcuxpressoide_11.4.0_6237/ide/plugins/com.nxp.mcuxpresso.tools.win32_11.4.0.202103011116/tools/bin/../lib/gcc/arm-none-eabi/10.2.1/../../../../arm-none-eabi/lib/thumb/v6-m/nofp\libcr_newlib_nohost.a(_cr_sbrk.o)
                0x00007970                _sbrk
 .text._close   0x000079b0       0x10 c:/nxp/mcuxpressoide_11.4.0_6237/ide/plugins/com.nxp.mcuxpresso.tools.win32_11.4.0.202103011116/tools/bin/../lib/gcc/arm-none-eabi/10.2.1/../../../../arm-none-eabi/lib/thumb/v6-m/nofp\libcr_newlib_nohost.a(close.o)
                0x000079b0                _close
 .text._fstat   0x000079c0       0x10 c:/nxp/mcuxpressoide_11.4.0_6237/ide/plugins/com.nxp.mcuxpresso.tools.win32_11.4.0.202103011116/tools/bin/../lib/gcc/arm-none-eabi/10.2.1/../../../../arm-none-eabi/lib/thumb/v6-m/nofp\libcr_newlib_nohost.a(fstat.o)
                0x000079c0                _fstat
 .text._getpid  0x000079d0       0x10 c:/nxp/mcuxpressoide_11.4.0_6237/ide/plugins/com.nxp.mcuxpresso.tools.win32_11.4.0.202103011116/tools/bin/../lib/gcc/arm-none-eabi/10.2.1/../../../../arm-none-eabi/lib/thumb/v6-m/nofp\libcr_newlib_nohost.a(getpid.o)
                0x000079d0                _getpid
 .text._isatty  0x000079e0       0x10 c:/nxp/mcuxpressoide_11.4.0_6237/ide/plugins/com.nxp.mcuxpresso.tools.win32_11.4.0.202103011116/tools/bin/../lib/gcc/arm-none-eabi/10.2.1/../../../../arm-none-eabi/lib/thumb/v6-m/nofp\libcr_newlib_nohost.a(isatty.o)
                0x000079e0                _isatty
 .text._kill    0x000079f0       0x10 c:/nxp/mcuxpressoide_11.4.0_6237/ide/plugins/com.nxp.mcuxpresso.tools.win32_11.4.0.202103011116/tools/bin/../lib/gcc/arm-none-eabi/10.2.1/../../../../arm-none-eabi/lib/thumb/v6-m/nofp\libcr_newlib_nohost.a(kill.o)
                0x000079f0                _kill
 .text._lseek   0x00007a00       0x10 c:/nxp/mcuxpressoide_11.4.0_6237/ide/plugins/com.nxp.mcuxpresso.tools.win32_11.4.0.202103011116/tools/bin/../lib/gcc/arm-none-eabi/10.2.1/../../../../arm-none-eabi/lib/thumb/v6-m/nofp\libcr_newlib_nohost.a(lseek.o)
                0x00007a00                _lseek
 .text._read    0x00007a10       0x10 c:/nxp/mcuxpressoide_11.4.0_6237/ide/plugins/com.nxp.mcuxpresso.tools.win32_11.4.0.202103011116/tools/bin/../lib/gcc/arm-none-eabi/10.2.1/../../../../arm-none-eabi/lib/thumb/v6-m/nofp\libcr_newlib_nohost.a(read.o)
                0x00007a10                _read
 .text._write   0x00007a20       0x10 c:/nxp/mcuxpressoide_11.4.0_6237/ide/plugins/com.nxp.mcuxpresso.tools.win32_11.4.0.202103011116/tools/bin/../lib/gcc/arm-none-eabi/10.2.1/../../../../arm-none-eabi/lib/thumb/v6-m/nofp\libcr_newlib_nohost.a(write.o)
                0x00007a20                _write
 .text.__check_heap_overflow
                0x00007a30       0x18 c:/nxp/mcuxpressoide_11.4.0_6237/ide/plugins/com.nxp.mcuxpresso.tools.win32_11.4.0.202103011116/tools/bin/../lib/gcc/arm-none-eabi/10.2.1/../../../../arm-none-eabi/lib/thumb/v6-m/nofp\libcr_newlib_nohost.a(_cr_check_heap.o)
                0x00007a30                __check_heap_overflow
 .text          0x00007a48       0x48 c:/nxp/mcuxpressoide_11.4.0_6237/ide/plugins/com.nxp.mcuxpresso.tools.win32_11.4.0.202103011116/tools/bin/../lib/gcc/arm-none-eabi/10.2.1/thumb/v6-m/nofp\crtbegin.o
 .text          0x00007a90       0x7c c:/nxp/mcuxpressoide_11.4.0_6237/ide/plugins/com.nxp.mcuxpresso.tools.win32_11.4.0.202103011116/tools/bin/../lib/gcc/arm-none-eabi/10.2.1/thumb/v6-m/nofp\libgcc.a(_arm_cmpdf2.o)
                0x00007a90                __aeabi_cdrcmple
                0x00007aa0                __aeabi_cdcmple
                0x00007aa0                __aeabi_cdcmpeq
                0x00007ab0                __aeabi_dcmpeq
                0x00007abc                __aeabi_dcmplt
                0x00007ad0                __aeabi_dcmple
                0x00007ae4                __aeabi_dcmpgt
                0x00007af8                __aeabi_dcmpge
 .text          0x00007b0c       0x40 c:/nxp/mcuxpressoide_11.4.0_6237/ide/plugins/com.nxp.mcuxpresso.tools.win32_11.4.0.202103011116/tools/bin/../lib/gcc/arm-none-eabi/10.2.1/thumb/v6-m/nofp\libgcc.a(_aeabi_uldivmod.o)
                0x00007b0c                __aeabi_uldivmod
 .text          0x00007b4c      0x198 c:/nxp/mcuxpressoide_11.4.0_6237/ide/plugins/com.nxp.mcuxpresso.tools.win32_11.4.0.202103011116/tools/bin/../lib/gcc/arm-none-eabi/10.2.1/thumb/v6-m/nofp\libgcc.a(_udivmoddi4.o)
                0x00007b4c                __udivmoddi4
 .text          0x00007ce4      0x678 c:/nxp/mcuxpressoide_11.4.0_6237/ide/plugins/com.nxp.mcuxpresso.tools.win32_11.4.0.202103011116/tools/bin/../lib/gcc/arm-none-eabi/10.2.1/thumb/v6-m/nofp\libgcc.a(adddf3.o)
                0x00007ce4                __aeabi_dadd
 .text          0x0000835c      0x5ec c:/nxp/mcuxpressoide_11.4.0_6237/ide/plugins/com.nxp.mcuxpresso.tools.win32_11.4.0.202103011116/tools/bin/../lib/gcc/arm-none-eabi/10.2.1/thumb/v6-m/nofp\libgcc.a(divdf3.o)
                0x0000835c                __aeabi_ddiv
 .text          0x00008948       0x84 c:/nxp/mcuxpressoide_11.4.0_6237/ide/plugins/com.nxp.mcuxpresso.tools.win32_11.4.0.202103011116/tools/bin/../lib/gcc/arm-none-eabi/10.2.1/thumb/v6-m/nofp\libgcc.a(eqdf2.o)
                0x00008948                __nedf2
                0x00008948                __eqdf2
 .text          0x000089cc       0xcc c:/nxp/mcuxpressoide_11.4.0_6237/ide/plugins/com.nxp.mcuxpresso.tools.win32_11.4.0.202103011116/tools/bin/../lib/gcc/arm-none-eabi/10.2.1/thumb/v6-m/nofp\libgcc.a(gedf2.o)
                0x000089cc                __gedf2
                0x000089cc                __gtdf2
 .text          0x00008a98       0xc8 c:/nxp/mcuxpressoide_11.4.0_6237/ide/plugins/com.nxp.mcuxpresso.tools.win32_11.4.0.202103011116/tools/bin/../lib/gcc/arm-none-eabi/10.2.1/thumb/v6-m/nofp\libgcc.a(ledf2.o)
                0x00008a98                __ledf2
                0x00008a98                __ltdf2
 .text          0x00008b60      0x4dc c:/nxp/mcuxpressoide_11.4.0_6237/ide/plugins/com.nxp.mcuxpresso.tools.win32_11.4.0.202103011116/tools/bin/../lib/gcc/arm-none-eabi/10.2.1/thumb/v6-m/nofp\libgcc.a(muldf3.o)
                0x00008b60                __aeabi_dmul
 .text          0x0000903c      0x724 c:/nxp/mcuxpressoide_11.4.0_6237/ide/plugins/com.nxp.mcuxpresso.tools.win32_11.4.0.202103011116/tools/bin/../lib/gcc/arm-none-eabi/10.2.1/thumb/v6-m/nofp\libgcc.a(subdf3.o)
                0x0000903c                __aeabi_dsub
 .text          0x00009760       0x3c c:/nxp/mcuxpressoide_11.4.0_6237/ide/plugins/com.nxp.mcuxpresso.tools.win32_11.4.0.202103011116/tools/bin/../lib/gcc/arm-none-eabi/10.2.1/thumb/v6-m/nofp\libgcc.a(unorddf2.o)
                0x00009760                __aeabi_dcmpun
 .text          0x0000979c       0x6c c:/nxp/mcuxpressoide_11.4.0_6237/ide/plugins/com.nxp.mcuxpresso.tools.win32_11.4.0.202103011116/tools/bin/../lib/gcc/arm-none-eabi/10.2.1/thumb/v6-m/nofp\libgcc.a(fixdfsi.o)
                0x0000979c                __aeabi_d2iz
 .text          0x00009808       0x60 c:/nxp/mcuxpressoide_11.4.0_6237/ide/plugins/com.nxp.mcuxpresso.tools.win32_11.4.0.202103011116/tools/bin/../lib/gcc/arm-none-eabi/10.2.1/thumb/v6-m/nofp\libgcc.a(floatsidf.o)
                0x00009808                __aeabi_i2d
 .text          0x00009868       0x4c c:/nxp/mcuxpressoide_11.4.0_6237/ide/plugins/com.nxp.mcuxpresso.tools.win32_11.4.0.202103011116/tools/bin/../lib/gcc/arm-none-eabi/10.2.1/thumb/v6-m/nofp\libgcc.a(floatunsidf.o)
                0x00009868                __aeabi_ui2d
 .text          0x000098b4       0x3c c:/nxp/mcuxpressoide_11.4.0_6237/ide/plugins/com.nxp.mcuxpresso.tools.win32_11.4.0.202103011116/tools/bin/../lib/gcc/arm-none-eabi/10.2.1/thumb/v6-m/nofp\libgcc.a(_clzsi2.o)
                0x000098b4                __clzsi2
 .text          0x000098f0       0x18 c:/nxp/mcuxpressoide_11.4.0_6237/ide/plugins/com.nxp.mcuxpresso.tools.win32_11.4.0.202103011116/tools/bin/../lib/gcc/arm-none-eabi/10.2.1/thumb/v6-m/nofp\libgcc.a(_clzdi2.o)
                0x000098f0                __clzdi2
 .text.__errno  0x00009908        0xc c:/nxp/mcuxpressoide_11.4.0_6237/ide/plugins/com.nxp.mcuxpresso.tools.win32_11.4.0.202103011116/tools/bin/../lib/gcc/arm-none-eabi/10.2.1/../../../../arm-none-eabi/lib/thumb/v6-m/nofp\libc.a(lib_a-errno.o)
                0x00009908                __errno
 .text.UART_EnableTx
                0x00009914       0x40 ./utilities/fsl_io.o
 .text.UART_EnableRx
                0x00009954       0x40 ./utilities/fsl_io.o
 .text.LPSCI_EnableTx
                0x00009994       0x40 ./utilities/fsl_io.o
 .text.LPSCI_EnableRx
                0x000099d4       0x40 ./utilities/fsl_io.o
 .text.LOG_Init
                0x00009a14       0x3a ./utilities/fsl_log.o
                0x00009a14                LOG_Init
 .text._ZN8ContadorC2Ev
                0x00009a4e       0x18 ./source/contador_hello.o
                0x00009a4e                Contador::Contador()
                0x00009a4e                Contador::Contador()
 .text._ZN8Contador11incrementarEv
                0x00009a66       0x1a ./source/contador_hello.o
                0x00009a66                Contador::incrementar()
 .text._ZN8Contador10get_cuentaEv
                0x00009a80       0x14 ./source/contador_hello.o
                0x00009a80                Contador::get_cuenta()
 .text.CLOCK_GetPll0RefFreq
                0x00009a94       0x10 ./drivers/fsl_clock.o
 .text.CLOCK_BootToFeiMode
                0x00009aa4       0x2e ./drivers/fsl_clock.o
                0x00009aa4                CLOCK_BootToFeiMode
 .text.BOARD_InitBootClocks
                0x00009ad2        0xe ./board/clock_config.o
                0x00009ad2                BOARD_InitBootClocks
 .text.BOARD_InitPeripherals
                0x00009ae0        0xa ./board/peripherals.o
                0x00009ae0                BOARD_InitPeripherals
 .text.BOARD_InitBootPeripherals
                0x00009aea        0xe ./board/peripherals.o
                0x00009aea                BOARD_InitBootPeripherals
 .text.BOARD_InitBootPins
                0x00009af8       0x12 ./board/pin_mux.o
                0x00009af8                BOARD_InitBootPins
 .text.BOARD_InitPins
                0x00009b0a        0xa ./board/pin_mux.o
                0x00009b0a                BOARD_InitPins
 .text.SystemInitHook
                0x00009b14        0xa ./CMSIS/system_MKL46Z4.o
                0x00009b14                SystemInitHook
 .text._exit    0x00009b1e        0x2 c:/nxp/mcuxpressoide_11.4.0_6237/ide/plugins/com.nxp.mcuxpresso.tools.win32_11.4.0.202103011116/tools/bin/../lib/gcc/arm-none-eabi/10.2.1/../../../../arm-none-eabi/lib/thumb/v6-m/nofp\libcr_newlib_nohost.a(_exit.o)
                0x00009b1e                _exit
 *(SORT_BY_ALIGNMENT(.rodata) SORT_BY_ALIGNMENT(.rodata.*) SORT_BY_ALIGNMENT(.constdata) SORT_BY_ALIGNMENT(.constdata.*))
 .rodata.__mprec_bigtens
                0x00009b20       0x28 c:/nxp/mcuxpressoide_11.4.0_6237/ide/plugins/com.nxp.mcuxpresso.tools.win32_11.4.0.202103011116/tools/bin/../lib/gcc/arm-none-eabi/10.2.1/../../../../arm-none-eabi/lib/thumb/v6-m/nofp\libc.a(lib_a-mprec.o)
                0x00009b20                __mprec_bigtens
 .rodata.__mprec_tens
                0x00009b48       0xc8 c:/nxp/mcuxpressoide_11.4.0_6237/ide/plugins/com.nxp.mcuxpresso.tools.win32_11.4.0.202103011116/tools/bin/../lib/gcc/arm-none-eabi/10.2.1/../../../../arm-none-eabi/lib/thumb/v6-m/nofp\libc.a(lib_a-mprec.o)
                0x00009b48                __mprec_tens
 .rodata.DbgConsole_Init.str1.4
                0x00009c10       0x41 ./utilities/fsl_debug_console.o
 *fill*         0x00009c51        0x3 ff
 .rodata.__func__.0
                0x00009c54       0x10 ./utilities/fsl_debug_console.o
 .rodata.IO_Init.str1.4
                0x00009c64       0x16 ./utilities/fsl_io.o
 *fill*         0x00009c7a        0x2 ff
 .rodata.__func__.0
                0x00009c7c        0x8 ./utilities/fsl_io.o
 .rodata.main.str1.4
                0x00009c84        0xd ./source/contador_hello.o
 *fill*         0x00009c91        0x3 ff
 .rodata.CLOCK_GetMcgExtClkFreq.str1.4
                0x00009c94       0x19 ./drivers/fsl_clock.o
 *fill*         0x00009cad        0x3 ff
 .rodata.CLOCK_GetPll0Freq.str1.4
                0x00009cb0        0xb ./drivers/fsl_clock.o
 *fill*         0x00009cbb        0x1 ff
 .rodata.__func__.8
                0x00009cbc       0x17 ./drivers/fsl_clock.o
 *fill*         0x00009cd3        0x1 ff
 .rodata.fllFactorTable.5
                0x00009cd4       0x10 ./drivers/fsl_clock.o
 .rodata.__func__.4
                0x00009ce4       0x12 ./drivers/fsl_clock.o
 *fill*         0x00009cf6        0x2 ff
 .rodata.LPSCI_GetInstance.str1.4
                0x00009cf8       0x31 ./drivers/fsl_lpsci.o
 *fill*         0x00009d29        0x3 ff
 .rodata.LPSCI_Init.str1.4
                0x00009d2c       0x1d ./drivers/fsl_lpsci.o
 *fill*         0x00009d49        0x3 ff
 .rodata.__func__.19
                0x00009d4c       0x12 ./drivers/fsl_lpsci.o
 *fill*         0x00009d5e        0x2 ff
 .rodata.__func__.14
                0x00009d60        0xb ./drivers/fsl_lpsci.o
 *fill*         0x00009d6b        0x1 ff
 .rodata.__func__.13
                0x00009d6c       0x17 ./drivers/fsl_lpsci.o
 *fill*         0x00009d83        0x1 ff
 .rodata.s_uartBases
                0x00009d84        0xc ./drivers/fsl_uart.o
 .rodata.s_uartClock
                0x00009d90        0xc ./drivers/fsl_uart.o
 .rodata.UART_GetInstance.str1.4
                0x00009d9c       0x28 ./drivers/fsl_uart.o
 .rodata.UART_Init.str1.4
                0x00009dc4       0x1d ./drivers/fsl_uart.o
 .rodata.__func__.18
                0x00009dc4       0x11 ./drivers/fsl_uart.o
 *fill*         0x00009dd5        0x3 ff
 .rodata.__func__.15
                0x00009dd8        0xa ./drivers/fsl_uart.o
 *fill*         0x00009de2        0x2 ff
 .rodata.__func__.14
                0x00009de4       0x16 ./drivers/fsl_uart.o
 *fill*         0x00009dfa        0x2 ff
 .rodata.simConfig_BOARD_BootClockRUN
                0x00009dfc        0x8 ./board/clock_config.o
                0x00009dfc                simConfig_BOARD_BootClockRUN
 .rodata.PORT_SetPinConfig.str1.4
                0x00009e04       0x50 ./board/pin_mux.o
                                 0x58 (size before relaxing)
 .rodata.__func__.0
                0x00009e54       0x12 ./board/pin_mux.o
 *fill*         0x00009e66        0x2 ff
 .rodata.__assert_func.str1.4
                0x00009e68       0x3f c:/nxp/mcuxpressoide_11.4.0_6237/ide/plugins/com.nxp.mcuxpresso.tools.win32_11.4.0.202103011116/tools/bin/../lib/gcc/arm-none-eabi/10.2.1/../../../../arm-none-eabi/lib/thumb/v6-m/nofp\libc.a(lib_a-assert.o)
                                 0x43 (size before relaxing)
 *fill*         0x00009ea7        0x1 ff
 .rodata._vfiprintf_r.str1.4
                0x00009ea8       0x2f c:/nxp/mcuxpressoide_11.4.0_6237/ide/plugins/com.nxp.mcuxpresso.tools.win32_11.4.0.202103011116/tools/bin/../lib/gcc/arm-none-eabi/10.2.1/../../../../arm-none-eabi/lib/thumb/v6-m/nofp\libc.a(lib_a-vfiprintf.o)
 *fill*         0x00009ed7        0x1 ff
 .rodata._vfiprintf_r
                0x00009ed8      0x16c c:/nxp/mcuxpressoide_11.4.0_6237/ide/plugins/com.nxp.mcuxpresso.tools.win32_11.4.0.202103011116/tools/bin/../lib/gcc/arm-none-eabi/10.2.1/../../../../arm-none-eabi/lib/thumb/v6-m/nofp\libc.a(lib_a-vfiprintf.o)
 .rodata.blanks.1
                0x0000a044       0x10 c:/nxp/mcuxpressoide_11.4.0_6237/ide/plugins/com.nxp.mcuxpresso.tools.win32_11.4.0.202103011116/tools/bin/../lib/gcc/arm-none-eabi/10.2.1/../../../../arm-none-eabi/lib/thumb/v6-m/nofp\libc.a(lib_a-vfiprintf.o)
 .rodata.zeroes.0
                0x0000a054       0x10 c:/nxp/mcuxpressoide_11.4.0_6237/ide/plugins/com.nxp.mcuxpresso.tools.win32_11.4.0.202103011116/tools/bin/../lib/gcc/arm-none-eabi/10.2.1/../../../../arm-none-eabi/lib/thumb/v6-m/nofp\libc.a(lib_a-vfiprintf.o)
 .rodata._vfprintf_r.str1.4
                0x0000a064       0x12 c:/nxp/mcuxpressoide_11.4.0_6237/ide/plugins/com.nxp.mcuxpresso.tools.win32_11.4.0.202103011116/tools/bin/../lib/gcc/arm-none-eabi/10.2.1/../../../../arm-none-eabi/lib/thumb/v6-m/nofp\libc.a(lib_a-vfprintf.o)
                                 0x42 (size before relaxing)
 *fill*         0x0000a076        0x2 ff
 .rodata._vfprintf_r
                0x0000a078      0x16c c:/nxp/mcuxpressoide_11.4.0_6237/ide/plugins/com.nxp.mcuxpresso.tools.win32_11.4.0.202103011116/tools/bin/../lib/gcc/arm-none-eabi/10.2.1/../../../../arm-none-eabi/lib/thumb/v6-m/nofp\libc.a(lib_a-vfprintf.o)
 .rodata.blanks.1
                0x0000a1e4       0x10 c:/nxp/mcuxpressoide_11.4.0_6237/ide/plugins/com.nxp.mcuxpresso.tools.win32_11.4.0.202103011116/tools/bin/../lib/gcc/arm-none-eabi/10.2.1/../../../../arm-none-eabi/lib/thumb/v6-m/nofp\libc.a(lib_a-vfprintf.o)
 .rodata.zeroes.0
                0x0000a1f4       0x10 c:/nxp/mcuxpressoide_11.4.0_6237/ide/plugins/com.nxp.mcuxpresso.tools.win32_11.4.0.202103011116/tools/bin/../lib/gcc/arm-none-eabi/10.2.1/../../../../arm-none-eabi/lib/thumb/v6-m/nofp\libc.a(lib_a-vfprintf.o)
 .rodata._dtoa_r.str1.4
                0x0000a204       0xa1 c:/nxp/mcuxpressoide_11.4.0_6237/ide/plugins/com.nxp.mcuxpresso.tools.win32_11.4.0.202103011116/tools/bin/../lib/gcc/arm-none-eabi/10.2.1/../../../../arm-none-eabi/lib/thumb/v6-m/nofp\libc.a(lib_a-dtoa.o)
                                 0xa5 (size before relaxing)
 *fill*         0x0000a2a5        0x3 ff
 .rodata._setlocale_r.str1.4
                0x0000a2a8        0xa c:/nxp/mcuxpressoide_11.4.0_6237/ide/plugins/com.nxp.mcuxpresso.tools.win32_11.4.0.202103011116/tools/bin/../lib/gcc/arm-none-eabi/10.2.1/../../../../arm-none-eabi/lib/thumb/v6-m/nofp\libc.a(lib_a-locale.o)
                                  0xd (size before relaxing)
 *fill*         0x0000a2b2        0x2 ff
 .rodata.str1.4
                0x0000a2b4        0x2 c:/nxp/mcuxpressoide_11.4.0_6237/ide/plugins/com.nxp.mcuxpresso.tools.win32_11.4.0.202103011116/tools/bin/../lib/gcc/arm-none-eabi/10.2.1/../../../../arm-none-eabi/lib/thumb/v6-m/nofp\libc.a(lib_a-locale.o)
 *fill*         0x0000a2b6        0x2 ff
 .rodata.__multadd.str1.4
                0x0000a2b8       0x7e c:/nxp/mcuxpressoide_11.4.0_6237/ide/plugins/com.nxp.mcuxpresso.tools.win32_11.4.0.202103011116/tools/bin/../lib/gcc/arm-none-eabi/10.2.1/../../../../arm-none-eabi/lib/thumb/v6-m/nofp\libc.a(lib_a-mprec.o)
                                 0x92 (size before relaxing)
 *fill*         0x0000a336        0x2 ff
 .rodata.p05.0  0x0000a338        0xc c:/nxp/mcuxpressoide_11.4.0_6237/ide/plugins/com.nxp.mcuxpresso.tools.win32_11.4.0.202103011116/tools/bin/../lib/gcc/arm-none-eabi/10.2.1/../../../../arm-none-eabi/lib/thumb/v6-m/nofp\libc.a(lib_a-mprec.o)
 .rodata._ctype_
                0x0000a344      0x101 c:/nxp/mcuxpressoide_11.4.0_6237/ide/plugins/com.nxp.mcuxpresso.tools.win32_11.4.0.202103011116/tools/bin/../lib/gcc/arm-none-eabi/10.2.1/../../../../arm-none-eabi/lib/thumb/v6-m/nofp\libc.a(lib_a-ctype_.o)
                0x0000a344                _ctype_
 *fill*         0x0000a445        0x3 ff
 .rodata        0x0000a448       0x40 c:/nxp/mcuxpressoide_11.4.0_6237/ide/plugins/com.nxp.mcuxpresso.tools.win32_11.4.0.202103011116/tools/bin/../lib/gcc/arm-none-eabi/10.2.1/thumb/v6-m/nofp\libgcc.a(divdf3.o)
 .rodata        0x0000a488       0x40 c:/nxp/mcuxpressoide_11.4.0_6237/ide/plugins/com.nxp.mcuxpresso.tools.win32_11.4.0.202103011116/tools/bin/../lib/gcc/arm-none-eabi/10.2.1/thumb/v6-m/nofp\libgcc.a(muldf3.o)
                0x0000a4c8                . = ALIGN (0x4)
                0x0000a4c8                . = ALIGN (0x4)
 *(.init)
 .init          0x0000a4c8        0x4 c:/nxp/mcuxpressoide_11.4.0_6237/ide/plugins/com.nxp.mcuxpresso.tools.win32_11.4.0.202103011116/tools/bin/../lib/gcc/arm-none-eabi/10.2.1/thumb/v6-m/nofp\crti.o
                0x0000a4c8                _init
 .init          0x0000a4cc        0x8 c:/nxp/mcuxpressoide_11.4.0_6237/ide/plugins/com.nxp.mcuxpresso.tools.win32_11.4.0.202103011116/tools/bin/../lib/gcc/arm-none-eabi/10.2.1/thumb/v6-m/nofp\crtn.o
                0x0000a4d4                . = ALIGN (0x4)
                0x0000a4d4                __preinit_array_start = .
 *(SORT_BY_ALIGNMENT(.preinit_array))
                0x0000a4d4                __preinit_array_end = .
                0x0000a4d4                . = ALIGN (0x4)
                0x0000a4d4                __init_array_start = .
 *(SORT_BY_NAME(SORT_BY_ALIGNMENT(.init_array.*)))
 *(SORT_BY_ALIGNMENT(.init_array))
 .init_array    0x0000a4d4        0x4 c:/nxp/mcuxpressoide_11.4.0_6237/ide/plugins/com.nxp.mcuxpresso.tools.win32_11.4.0.202103011116/tools/bin/../lib/gcc/arm-none-eabi/10.2.1/thumb/v6-m/nofp\crtbegin.o
                0x0000a4d8                __init_array_end = .
 *(.fini)
 .fini          0x0000a4d8        0x4 c:/nxp/mcuxpressoide_11.4.0_6237/ide/plugins/com.nxp.mcuxpresso.tools.win32_11.4.0.202103011116/tools/bin/../lib/gcc/arm-none-eabi/10.2.1/thumb/v6-m/nofp\crti.o
                0x0000a4d8                _fini
 .fini          0x0000a4dc        0x8 c:/nxp/mcuxpressoide_11.4.0_6237/ide/plugins/com.nxp.mcuxpresso.tools.win32_11.4.0.202103011116/tools/bin/../lib/gcc/arm-none-eabi/10.2.1/thumb/v6-m/nofp\crtn.o
                0x0000a4e4                . = ALIGN (0x4)
 *crtbegin.o(SORT_BY_ALIGNMENT(.ctors))
 *(SORT_BY_ALIGNMENT(EXCLUDE_FILE(*crtend.o) .ctors))
 *(SORT_BY_NAME(SORT_BY_ALIGNMENT(.ctors.*)))
 *crtend.o(SORT_BY_ALIGNMENT(.ctors))
                0x0000a4e4                . = ALIGN (0x4)
 *crtbegin.o(SORT_BY_ALIGNMENT(.dtors))
 *(SORT_BY_ALIGNMENT(EXCLUDE_FILE(*crtend.o) .dtors))
 *(SORT_BY_NAME(SORT_BY_ALIGNMENT(.dtors.*)))
 *crtend.o(SORT_BY_ALIGNMENT(.dtors))
                0x0000a4e4                . = ALIGN (0x4)

.glue_7         0x0000a4e4        0x0
 .glue_7        0x0000a4e4        0x0 linker stubs

.glue_7t        0x0000a4e4        0x0
 .glue_7t       0x0000a4e4        0x0 linker stubs

.vfp11_veneer   0x0000a4e4        0x0
 .vfp11_veneer  0x0000a4e4        0x0 linker stubs

.v4_bx          0x0000a4e4        0x0
 .v4_bx         0x0000a4e4        0x0 linker stubs

.iplt           0x0000a4e4        0x0
 .iplt          0x0000a4e4        0x0 ./utilities/fsl_debug_console.o

.ARM.extab
 *(SORT_BY_ALIGNMENT(.ARM.extab*) SORT_BY_ALIGNMENT(.gnu.linkonce.armextab.*))

.ARM.exidx      0x0000a4e4        0x8
                0x0000a4e4                __exidx_start = .
 *(SORT_BY_ALIGNMENT(.ARM.exidx*) SORT_BY_ALIGNMENT(.gnu.linkonce.armexidx.*))
 .ARM.exidx     0x0000a4e4        0x8 c:/nxp/mcuxpressoide_11.4.0_6237/ide/plugins/com.nxp.mcuxpresso.tools.win32_11.4.0.202103011116/tools/bin/../lib/gcc/arm-none-eabi/10.2.1/thumb/v6-m/nofp\libgcc.a(_udivmoddi4.o)
                0x0000a4ec                __exidx_end = .
                0x0000a4ec                _etext = .

.rel.dyn        0x0000a4ec        0x0
 .rel.iplt      0x0000a4ec        0x0 ./utilities/fsl_debug_console.o

.eh_frame       0x0000a4ec        0x0
 .eh_frame      0x0000a4ec        0x0 c:/nxp/mcuxpressoide_11.4.0_6237/ide/plugins/com.nxp.mcuxpresso.tools.win32_11.4.0.202103011116/tools/bin/../lib/gcc/arm-none-eabi/10.2.1/thumb/v6-m/nofp\crtbegin.o

.m_usb_data
 *(SORT_BY_ALIGNMENT(m_usb_bdt))

.mtb_buffer_default
                0x1fffe000       0x80
 *(SORT_BY_ALIGNMENT(.mtb*))
 .mtb.$RAM1     0x1fffe000       0x80 ./source/mtb.o
                0x1fffe000                __mtb_buffer__

.uninit_RESERVED
                0x1fffe080        0x0
                0x1fffe080                _start_uninit_RESERVED = .
 *(SORT_BY_ALIGNMENT(.bss.$RESERVED*))
                0x1fffe080                . = ALIGN (0x4)
                0x1fffe080                _end_uninit_RESERVED = .

.data           0x1fffe080      0x9b0 load address 0x0000a4ec
 FILL mask 0xff
                0x1fffe080                _data = .
                [!provide]                PROVIDE (__start_data_RAM = .)
                [!provide]                PROVIDE (__start_data_SRAM = .)
 *(SORT_BY_ALIGNMENT(vtable))
 *(SORT_BY_ALIGNMENT(.ramfunc*))
 *(SORT_BY_ALIGNMENT(CodeQuickAccess))
 *(SORT_BY_ALIGNMENT(DataQuickAccess))
 *(SORT_BY_ALIGNMENT(RamFunction))
 *(SORT_BY_ALIGNMENT(.data*))
 .data.impure_data
                0x1fffe080      0x428 c:/nxp/mcuxpressoide_11.4.0_6237/ide/plugins/com.nxp.mcuxpresso.tools.win32_11.4.0.202103011116/tools/bin/../lib/gcc/arm-none-eabi/10.2.1/../../../../arm-none-eabi/lib/thumb/v6-m/nofp\libc.a(lib_a-impure.o)
 .data.s_slowIrcFreq
                0x1fffe4a8        0x4 ./drivers/fsl_clock.o
 .data.SystemCoreClock
                0x1fffe4ac        0x4 ./CMSIS/system_MKL46Z4.o
                0x1fffe4ac                SystemCoreClock
 .data._impure_ptr
                0x1fffe4b0        0x4 c:/nxp/mcuxpressoide_11.4.0_6237/ide/plugins/com.nxp.mcuxpresso.tools.win32_11.4.0.202103011116/tools/bin/../lib/gcc/arm-none-eabi/10.2.1/../../../../arm-none-eabi/lib/thumb/v6-m/nofp\libc.a(lib_a-impure.o)
                0x1fffe4b0                _impure_ptr
 .data.__malloc_av_
                0x1fffe4b4      0x408 c:/nxp/mcuxpressoide_11.4.0_6237/ide/plugins/com.nxp.mcuxpresso.tools.win32_11.4.0.202103011116/tools/bin/../lib/gcc/arm-none-eabi/10.2.1/../../../../arm-none-eabi/lib/thumb/v6-m/nofp\libc.a(lib_a-mallocr.o)
                0x1fffe4b4                __malloc_av_
 .data.__malloc_sbrk_base
                0x1fffe8bc        0x4 c:/nxp/mcuxpressoide_11.4.0_6237/ide/plugins/com.nxp.mcuxpresso.tools.win32_11.4.0.202103011116/tools/bin/../lib/gcc/arm-none-eabi/10.2.1/../../../../arm-none-eabi/lib/thumb/v6-m/nofp\libc.a(lib_a-mallocr.o)
                0x1fffe8bc                __malloc_sbrk_base
 .data.__malloc_trim_threshold
                0x1fffe8c0        0x4 c:/nxp/mcuxpressoide_11.4.0_6237/ide/plugins/com.nxp.mcuxpresso.tools.win32_11.4.0.202103011116/tools/bin/../lib/gcc/arm-none-eabi/10.2.1/../../../../arm-none-eabi/lib/thumb/v6-m/nofp\libc.a(lib_a-mallocr.o)
                0x1fffe8c0                __malloc_trim_threshold
 .data.__global_locale
                0x1fffe8c4      0x16c c:/nxp/mcuxpressoide_11.4.0_6237/ide/plugins/com.nxp.mcuxpresso.tools.win32_11.4.0.202103011116/tools/bin/../lib/gcc/arm-none-eabi/10.2.1/../../../../arm-none-eabi/lib/thumb/v6-m/nofp\libc.a(lib_a-locale.o)
                0x1fffe8c4                __global_locale
                0x1fffea30                . = ALIGN (0x4)
                0x1fffea30                _edata = .
                [!provide]                PROVIDE (__end_data_RAM = .)
                [!provide]                PROVIDE (__end_data_SRAM = .)

.igot.plt       0x1fffea30        0x0 load address 0x0000ae9c
 .igot.plt      0x1fffea30        0x0 ./utilities/fsl_debug_console.o

.bss            0x1fffea30       0x98
                0x1fffea30                _bss = .
                [!provide]                PROVIDE (__start_bss_RAM = .)
                [!provide]                PROVIDE (__start_bss_SRAM = .)
 *(SORT_BY_ALIGNMENT(.bss*))
 .bss.s_debugConsoleIO
                0x1fffea30        0x8 ./utilities/fsl_io.o
 .bss.g_xtal0Freq
                0x1fffea38        0x4 ./drivers/fsl_clock.o
                0x1fffea38                g_xtal0Freq
 .bss.s_i2cHandle
                0x1fffea3c        0x8 ./drivers/fsl_i2c.o
 .bss.s_i2cMasterIsr
                0x1fffea44        0x4 ./drivers/fsl_i2c.o
 .bss.s_i2cSlaveIsr
                0x1fffea48        0x4 ./drivers/fsl_i2c.o
 .bss.s_lpsciHandle
                0x1fffea4c        0x4 ./drivers/fsl_lpsci.o
 .bss.s_lpsciIsr
                0x1fffea50        0x4 ./drivers/fsl_lpsci.o
 .bss.s_uartHandle
                0x1fffea54        0xc ./drivers/fsl_uart.o
 .bss.s_uartIsr
                0x1fffea60        0x4 ./drivers/fsl_uart.o
 .bss.__malloc_current_mallinfo
                0x1fffea64       0x28 c:/nxp/mcuxpressoide_11.4.0_6237/ide/plugins/com.nxp.mcuxpresso.tools.win32_11.4.0.202103011116/tools/bin/../lib/gcc/arm-none-eabi/10.2.1/../../../../arm-none-eabi/lib/thumb/v6-m/nofp\libc.a(lib_a-mallocr.o)
                0x1fffea64                __malloc_current_mallinfo
 .bss.__malloc_max_sbrked_mem
                0x1fffea8c        0x4 c:/nxp/mcuxpressoide_11.4.0_6237/ide/plugins/com.nxp.mcuxpresso.tools.win32_11.4.0.202103011116/tools/bin/../lib/gcc/arm-none-eabi/10.2.1/../../../../arm-none-eabi/lib/thumb/v6-m/nofp\libc.a(lib_a-mallocr.o)
                0x1fffea8c                __malloc_max_sbrked_mem
 .bss.__malloc_max_total_mem
                0x1fffea90        0x4 c:/nxp/mcuxpressoide_11.4.0_6237/ide/plugins/com.nxp.mcuxpresso.tools.win32_11.4.0.202103011116/tools/bin/../lib/gcc/arm-none-eabi/10.2.1/../../../../arm-none-eabi/lib/thumb/v6-m/nofp\libc.a(lib_a-mallocr.o)
                0x1fffea90                __malloc_max_total_mem
 .bss.__malloc_top_pad
                0x1fffea94        0x4 c:/nxp/mcuxpressoide_11.4.0_6237/ide/plugins/com.nxp.mcuxpresso.tools.win32_11.4.0.202103011116/tools/bin/../lib/gcc/arm-none-eabi/10.2.1/../../../../arm-none-eabi/lib/thumb/v6-m/nofp\libc.a(lib_a-mallocr.o)
                0x1fffea94                __malloc_top_pad
 .bss.__lock___malloc_recursive_mutex
                0x1fffea98        0x1 c:/nxp/mcuxpressoide_11.4.0_6237/ide/plugins/com.nxp.mcuxpresso.tools.win32_11.4.0.202103011116/tools/bin/../lib/gcc/arm-none-eabi/10.2.1/../../../../arm-none-eabi/lib/thumb/v6-m/nofp\libc.a(lib_a-lock.o)
                0x1fffea98                __lock___malloc_recursive_mutex
 *fill*         0x1fffea99        0x3 
 .bss.__lock___sfp_recursive_mutex
                0x1fffea9c        0x1 c:/nxp/mcuxpressoide_11.4.0_6237/ide/plugins/com.nxp.mcuxpresso.tools.win32_11.4.0.202103011116/tools/bin/../lib/gcc/arm-none-eabi/10.2.1/../../../../arm-none-eabi/lib/thumb/v6-m/nofp\libc.a(lib_a-lock.o)
                0x1fffea9c                __lock___sfp_recursive_mutex
 *fill*         0x1fffea9d        0x3 
 .bss.__lock___sinit_recursive_mutex
                0x1fffeaa0        0x1 c:/nxp/mcuxpressoide_11.4.0_6237/ide/plugins/com.nxp.mcuxpresso.tools.win32_11.4.0.202103011116/tools/bin/../lib/gcc/arm-none-eabi/10.2.1/../../../../arm-none-eabi/lib/thumb/v6-m/nofp\libc.a(lib_a-lock.o)
                0x1fffeaa0                __lock___sinit_recursive_mutex
 *fill*         0x1fffeaa1        0x3 
 .bss.errno     0x1fffeaa4        0x4 c:/nxp/mcuxpressoide_11.4.0_6237/ide/plugins/com.nxp.mcuxpresso.tools.win32_11.4.0.202103011116/tools/bin/../lib/gcc/arm-none-eabi/10.2.1/../../../../arm-none-eabi/lib/thumb/v6-m/nofp\libc.a(lib_a-reent.o)
                0x1fffeaa4                errno
 .bss.__end_of_heap
                0x1fffeaa8        0x4 c:/nxp/mcuxpressoide_11.4.0_6237/ide/plugins/com.nxp.mcuxpresso.tools.win32_11.4.0.202103011116/tools/bin/../lib/gcc/arm-none-eabi/10.2.1/../../../../arm-none-eabi/lib/thumb/v6-m/nofp\libcr_newlib_nohost.a(_cr_sbrk.o)
                0x1fffeaa8                __end_of_heap
 .bss           0x1fffeaac       0x1c c:/nxp/mcuxpressoide_11.4.0_6237/ide/plugins/com.nxp.mcuxpresso.tools.win32_11.4.0.202103011116/tools/bin/../lib/gcc/arm-none-eabi/10.2.1/thumb/v6-m/nofp\crtbegin.o
 *(SORT_BY_ALIGNMENT(COMMON))
                0x1fffeac8                . = ALIGN (0x4)
                0x1fffeac8                _ebss = .
                [!provide]                PROVIDE (__end_bss_RAM = .)
                [!provide]                PROVIDE (__end_bss_SRAM = .)
                [!provide]                PROVIDE (end = .)

.noinit         0x1fffeac8        0x0
                0x1fffeac8                _noinit = .
                [!provide]                PROVIDE (__start_noinit_RAM = .)
                [!provide]                PROVIDE (__start_noinit_SRAM = .)
 *(SORT_BY_ALIGNMENT(.noinit*))
                0x1fffeac8                . = ALIGN (0x4)
                0x1fffeac8                _end_noinit = .
                [!provide]                PROVIDE (__end_noinit_RAM = .)
                [!provide]                PROVIDE (__end_noinit_SRAM = .)
                0x00000800                _HeapSize = 0x800

.heap           0x1fffeac8      0x800
                0x1fffeac8                _pvHeapStart = .
                0x1ffff2c8                . = (. + _HeapSize)
 *fill*         0x1fffeac8      0x800 
                0x1ffff2c8                . = ALIGN (0x4)
                0x1ffff2c8                _pvHeapLimit = .
                0x00000800                _StackSize = 0x800

.heap2stackfill
                0x1ffff2c8      0x800
                0x1ffffac8                . = (. + _StackSize)
 *fill*         0x1ffff2c8      0x800 

.stack          0x20005800        0x0
                0x20005800                _vStackBase = .
                0x20005800                . = ALIGN (0x4)
                0x20006000                _vStackTop = (. + _StackSize)
                0x00000000                _image_start = LOADADDR (.text)
                0x0000ae9c                _image_end = (LOADADDR (.data) + SIZEOF (.data))
                0x0000ae9c                _image_size = (_image_end - _image_start)
OUTPUT(contador_hello.axf elf32-littlearm)
LOAD linker stubs

.debug_info     0x00000000     0xb1bb
 .debug_info    0x00000000      0x36a ./utilities/fsl_debug_console.o
 .debug_info    0x0000036a      0x8fd ./utilities/fsl_io.o
 .debug_info    0x00000c67      0x374 ./utilities/fsl_log.o
 .debug_info    0x00000fdb      0x4ee ./startup/startup_mkl46z4.o
 .debug_info    0x000014c9      0x9fd ./source/contador_hello.o
 .debug_info    0x00001ec6       0x53 ./source/mtb.o
 .debug_info    0x00001f19       0x3c ./source/semihost_hardfault.o
 .debug_info    0x00001f55     0x1b7a ./drivers/fsl_clock.o
 .debug_info    0x00003acf     0x1ca4 ./drivers/fsl_i2c.o
 .debug_info    0x00005773     0x16e7 ./drivers/fsl_lpsci.o
 .debug_info    0x00006e5a     0x1664 ./drivers/fsl_uart.o
 .debug_info    0x000084be      0x3a2 ./board/board.o
 .debug_info    0x00008860      0x97f ./board/clock_config.o
 .debug_info    0x000091df      0x6db ./board/peripherals.o
 .debug_info    0x000098ba      0xa9f ./board/pin_mux.o
 .debug_info    0x0000a359      0x40e ./CMSIS/system_MKL46Z4.o
 .debug_info    0x0000a767      0x132 c:/nxp/mcuxpressoide_11.4.0_6237/ide/plugins/com.nxp.mcuxpresso.tools.win32_11.4.0.202103011116/tools/bin/../lib/gcc/arm-none-eabi/10.2.1/../../../../arm-none-eabi/lib/thumb/v6-m/nofp\libcr_newlib_nohost.a(_cr_sbrk.o)
 .debug_info    0x0000a899       0xa3 c:/nxp/mcuxpressoide_11.4.0_6237/ide/plugins/com.nxp.mcuxpresso.tools.win32_11.4.0.202103011116/tools/bin/../lib/gcc/arm-none-eabi/10.2.1/../../../../arm-none-eabi/lib/thumb/v6-m/nofp\libcr_newlib_nohost.a(_exit.o)
 .debug_info    0x0000a93c       0xb1 c:/nxp/mcuxpressoide_11.4.0_6237/ide/plugins/com.nxp.mcuxpresso.tools.win32_11.4.0.202103011116/tools/bin/../lib/gcc/arm-none-eabi/10.2.1/../../../../arm-none-eabi/lib/thumb/v6-m/nofp\libcr_newlib_nohost.a(close.o)
 .debug_info    0x0000a9ed      0x2cc c:/nxp/mcuxpressoide_11.4.0_6237/ide/plugins/com.nxp.mcuxpresso.tools.win32_11.4.0.202103011116/tools/bin/../lib/gcc/arm-none-eabi/10.2.1/../../../../arm-none-eabi/lib/thumb/v6-m/nofp\libcr_newlib_nohost.a(fstat.o)
 .debug_info    0x0000acb9       0x9c c:/nxp/mcuxpressoide_11.4.0_6237/ide/plugins/com.nxp.mcuxpresso.tools.win32_11.4.0.202103011116/tools/bin/../lib/gcc/arm-none-eabi/10.2.1/../../../../arm-none-eabi/lib/thumb/v6-m/nofp\libcr_newlib_nohost.a(getpid.o)
 .debug_info    0x0000ad55       0xb1 c:/nxp/mcuxpressoide_11.4.0_6237/ide/plugins/com.nxp.mcuxpresso.tools.win32_11.4.0.202103011116/tools/bin/../lib/gcc/arm-none-eabi/10.2.1/../../../../arm-none-eabi/lib/thumb/v6-m/nofp\libcr_newlib_nohost.a(isatty.o)
 .debug_info    0x0000ae06       0xbf c:/nxp/mcuxpressoide_11.4.0_6237/ide/plugins/com.nxp.mcuxpresso.tools.win32_11.4.0.202103011116/tools/bin/../lib/gcc/arm-none-eabi/10.2.1/../../../../arm-none-eabi/lib/thumb/v6-m/nofp\libcr_newlib_nohost.a(kill.o)
 .debug_info    0x0000aec5       0xd3 c:/nxp/mcuxpressoide_11.4.0_6237/ide/plugins/com.nxp.mcuxpresso.tools.win32_11.4.0.202103011116/tools/bin/../lib/gcc/arm-none-eabi/10.2.1/../../../../arm-none-eabi/lib/thumb/v6-m/nofp\libcr_newlib_nohost.a(lseek.o)
 .debug_info    0x0000af98       0xd9 c:/nxp/mcuxpressoide_11.4.0_6237/ide/plugins/com.nxp.mcuxpresso.tools.win32_11.4.0.202103011116/tools/bin/../lib/gcc/arm-none-eabi/10.2.1/../../../../arm-none-eabi/lib/thumb/v6-m/nofp\libcr_newlib_nohost.a(read.o)
 .debug_info    0x0000b071       0xd9 c:/nxp/mcuxpressoide_11.4.0_6237/ide/plugins/com.nxp.mcuxpresso.tools.win32_11.4.0.202103011116/tools/bin/../lib/gcc/arm-none-eabi/10.2.1/../../../../arm-none-eabi/lib/thumb/v6-m/nofp\libcr_newlib_nohost.a(write.o)
 .debug_info    0x0000b14a       0x71 c:/nxp/mcuxpressoide_11.4.0_6237/ide/plugins/com.nxp.mcuxpresso.tools.win32_11.4.0.202103011116/tools/bin/../lib/gcc/arm-none-eabi/10.2.1/../../../../arm-none-eabi/lib/thumb/v6-m/nofp\libcr_newlib_nohost.a(_cr_check_heap.o)

.debug_abbrev   0x00000000     0x247f
 .debug_abbrev  0x00000000      0x149 ./utilities/fsl_debug_console.o
 .debug_abbrev  0x00000149      0x1f3 ./utilities/fsl_io.o
 .debug_abbrev  0x0000033c      0x182 ./utilities/fsl_log.o
 .debug_abbrev  0x000004be      0x18e ./startup/startup_mkl46z4.o
 .debug_abbrev  0x0000064c      0x292 ./source/contador_hello.o
 .debug_abbrev  0x000008de       0x46 ./source/mtb.o
 .debug_abbrev  0x00000924       0x31 ./source/semihost_hardfault.o
 .debug_abbrev  0x00000955      0x33e ./drivers/fsl_clock.o
 .debug_abbrev  0x00000c93      0x383 ./drivers/fsl_i2c.o
 .debug_abbrev  0x00001016      0x300 ./drivers/fsl_lpsci.o
 .debug_abbrev  0x00001316      0x300 ./drivers/fsl_uart.o
 .debug_abbrev  0x00001616      0x11b ./board/board.o
 .debug_abbrev  0x00001731      0x201 ./board/clock_config.o
 .debug_abbrev  0x00001932      0x163 ./board/peripherals.o
 .debug_abbrev  0x00001a95      0x2a8 ./board/pin_mux.o
 .debug_abbrev  0x00001d3d      0x148 ./CMSIS/system_MKL46Z4.o
 .debug_abbrev  0x00001e85       0xe3 c:/nxp/mcuxpressoide_11.4.0_6237/ide/plugins/com.nxp.mcuxpresso.tools.win32_11.4.0.202103011116/tools/bin/../lib/gcc/arm-none-eabi/10.2.1/../../../../arm-none-eabi/lib/thumb/v6-m/nofp\libcr_newlib_nohost.a(_cr_sbrk.o)
 .debug_abbrev  0x00001f68       0x67 c:/nxp/mcuxpressoide_11.4.0_6237/ide/plugins/com.nxp.mcuxpresso.tools.win32_11.4.0.202103011116/tools/bin/../lib/gcc/arm-none-eabi/10.2.1/../../../../arm-none-eabi/lib/thumb/v6-m/nofp\libcr_newlib_nohost.a(_exit.o)
 .debug_abbrev  0x00001fcf       0x6d c:/nxp/mcuxpressoide_11.4.0_6237/ide/plugins/com.nxp.mcuxpresso.tools.win32_11.4.0.202103011116/tools/bin/../lib/gcc/arm-none-eabi/10.2.1/../../../../arm-none-eabi/lib/thumb/v6-m/nofp\libcr_newlib_nohost.a(close.o)
 .debug_abbrev  0x0000203c       0xcc c:/nxp/mcuxpressoide_11.4.0_6237/ide/plugins/com.nxp.mcuxpresso.tools.win32_11.4.0.202103011116/tools/bin/../lib/gcc/arm-none-eabi/10.2.1/../../../../arm-none-eabi/lib/thumb/v6-m/nofp\libcr_newlib_nohost.a(fstat.o)
 .debug_abbrev  0x00002108       0x59 c:/nxp/mcuxpressoide_11.4.0_6237/ide/plugins/com.nxp.mcuxpresso.tools.win32_11.4.0.202103011116/tools/bin/../lib/gcc/arm-none-eabi/10.2.1/../../../../arm-none-eabi/lib/thumb/v6-m/nofp\libcr_newlib_nohost.a(getpid.o)
 .debug_abbrev  0x00002161       0x6d c:/nxp/mcuxpressoide_11.4.0_6237/ide/plugins/com.nxp.mcuxpresso.tools.win32_11.4.0.202103011116/tools/bin/../lib/gcc/arm-none-eabi/10.2.1/../../../../arm-none-eabi/lib/thumb/v6-m/nofp\libcr_newlib_nohost.a(isatty.o)
 .debug_abbrev  0x000021ce       0x7e c:/nxp/mcuxpressoide_11.4.0_6237/ide/plugins/com.nxp.mcuxpresso.tools.win32_11.4.0.202103011116/tools/bin/../lib/gcc/arm-none-eabi/10.2.1/../../../../arm-none-eabi/lib/thumb/v6-m/nofp\libcr_newlib_nohost.a(kill.o)
 .debug_abbrev  0x0000224c       0x92 c:/nxp/mcuxpressoide_11.4.0_6237/ide/plugins/com.nxp.mcuxpresso.tools.win32_11.4.0.202103011116/tools/bin/../lib/gcc/arm-none-eabi/10.2.1/../../../../arm-none-eabi/lib/thumb/v6-m/nofp\libcr_newlib_nohost.a(lseek.o)
 .debug_abbrev  0x000022de       0x9b c:/nxp/mcuxpressoide_11.4.0_6237/ide/plugins/com.nxp.mcuxpresso.tools.win32_11.4.0.202103011116/tools/bin/../lib/gcc/arm-none-eabi/10.2.1/../../../../arm-none-eabi/lib/thumb/v6-m/nofp\libcr_newlib_nohost.a(read.o)
 .debug_abbrev  0x00002379       0x9b c:/nxp/mcuxpressoide_11.4.0_6237/ide/plugins/com.nxp.mcuxpresso.tools.win32_11.4.0.202103011116/tools/bin/../lib/gcc/arm-none-eabi/10.2.1/../../../../arm-none-eabi/lib/thumb/v6-m/nofp\libcr_newlib_nohost.a(write.o)
 .debug_abbrev  0x00002414       0x6b c:/nxp/mcuxpressoide_11.4.0_6237/ide/plugins/com.nxp.mcuxpresso.tools.win32_11.4.0.202103011116/tools/bin/../lib/gcc/arm-none-eabi/10.2.1/../../../../arm-none-eabi/lib/thumb/v6-m/nofp\libcr_newlib_nohost.a(_cr_check_heap.o)

.debug_aranges  0x00000000      0xb98
 .debug_aranges
                0x00000000       0x58 ./utilities/fsl_debug_console.o
 .debug_aranges
                0x00000058       0x58 ./utilities/fsl_io.o
 .debug_aranges
                0x000000b0       0x58 ./utilities/fsl_log.o
 .debug_aranges
                0x00000108      0x160 ./startup/startup_mkl46z4.o
 .debug_aranges
                0x00000268       0x38 ./source/contador_hello.o
 .debug_aranges
                0x000002a0       0x18 ./source/mtb.o
 .debug_aranges
                0x000002b8       0x20 ./source/semihost_hardfault.o
 .debug_aranges
                0x000002d8      0x1d8 ./drivers/fsl_clock.o
 .debug_aranges
                0x000004b0      0x178 ./drivers/fsl_i2c.o
 .debug_aranges
                0x00000628      0x118 ./drivers/fsl_lpsci.o
 .debug_aranges
                0x00000740      0x130 ./drivers/fsl_uart.o
 .debug_aranges
                0x00000870       0x28 ./board/board.o
 .debug_aranges
                0x00000898       0x50 ./board/clock_config.o
 .debug_aranges
                0x000008e8       0x98 ./board/peripherals.o
 .debug_aranges
                0x00000980       0x88 ./board/pin_mux.o
 .debug_aranges
                0x00000a08       0x30 ./CMSIS/system_MKL46Z4.o
 .debug_aranges
                0x00000a38       0x20 c:/nxp/mcuxpressoide_11.4.0_6237/ide/plugins/com.nxp.mcuxpresso.tools.win32_11.4.0.202103011116/tools/bin/../lib/gcc/arm-none-eabi/10.2.1/../../../../arm-none-eabi/lib/thumb/v6-m/nofp\libcr_newlib_nohost.a(_cr_sbrk.o)
 .debug_aranges
                0x00000a58       0x20 c:/nxp/mcuxpressoide_11.4.0_6237/ide/plugins/com.nxp.mcuxpresso.tools.win32_11.4.0.202103011116/tools/bin/../lib/gcc/arm-none-eabi/10.2.1/../../../../arm-none-eabi/lib/thumb/v6-m/nofp\libcr_newlib_nohost.a(_exit.o)
 .debug_aranges
                0x00000a78       0x20 c:/nxp/mcuxpressoide_11.4.0_6237/ide/plugins/com.nxp.mcuxpresso.tools.win32_11.4.0.202103011116/tools/bin/../lib/gcc/arm-none-eabi/10.2.1/../../../../arm-none-eabi/lib/thumb/v6-m/nofp\libcr_newlib_nohost.a(close.o)
 .debug_aranges
                0x00000a98       0x20 c:/nxp/mcuxpressoide_11.4.0_6237/ide/plugins/com.nxp.mcuxpresso.tools.win32_11.4.0.202103011116/tools/bin/../lib/gcc/arm-none-eabi/10.2.1/../../../../arm-none-eabi/lib/thumb/v6-m/nofp\libcr_newlib_nohost.a(fstat.o)
 .debug_aranges
                0x00000ab8       0x20 c:/nxp/mcuxpressoide_11.4.0_6237/ide/plugins/com.nxp.mcuxpresso.tools.win32_11.4.0.202103011116/tools/bin/../lib/gcc/arm-none-eabi/10.2.1/../../../../arm-none-eabi/lib/thumb/v6-m/nofp\libcr_newlib_nohost.a(getpid.o)
 .debug_aranges
                0x00000ad8       0x20 c:/nxp/mcuxpressoide_11.4.0_6237/ide/plugins/com.nxp.mcuxpresso.tools.win32_11.4.0.202103011116/tools/bin/../lib/gcc/arm-none-eabi/10.2.1/../../../../arm-none-eabi/lib/thumb/v6-m/nofp\libcr_newlib_nohost.a(isatty.o)
 .debug_aranges
                0x00000af8       0x20 c:/nxp/mcuxpressoide_11.4.0_6237/ide/plugins/com.nxp.mcuxpresso.tools.win32_11.4.0.202103011116/tools/bin/../lib/gcc/arm-none-eabi/10.2.1/../../../../arm-none-eabi/lib/thumb/v6-m/nofp\libcr_newlib_nohost.a(kill.o)
 .debug_aranges
                0x00000b18       0x20 c:/nxp/mcuxpressoide_11.4.0_6237/ide/plugins/com.nxp.mcuxpresso.tools.win32_11.4.0.202103011116/tools/bin/../lib/gcc/arm-none-eabi/10.2.1/../../../../arm-none-eabi/lib/thumb/v6-m/nofp\libcr_newlib_nohost.a(lseek.o)
 .debug_aranges
                0x00000b38       0x20 c:/nxp/mcuxpressoide_11.4.0_6237/ide/plugins/com.nxp.mcuxpresso.tools.win32_11.4.0.202103011116/tools/bin/../lib/gcc/arm-none-eabi/10.2.1/../../../../arm-none-eabi/lib/thumb/v6-m/nofp\libcr_newlib_nohost.a(read.o)
 .debug_aranges
                0x00000b58       0x20 c:/nxp/mcuxpressoide_11.4.0_6237/ide/plugins/com.nxp.mcuxpresso.tools.win32_11.4.0.202103011116/tools/bin/../lib/gcc/arm-none-eabi/10.2.1/../../../../arm-none-eabi/lib/thumb/v6-m/nofp\libcr_newlib_nohost.a(write.o)
 .debug_aranges
                0x00000b78       0x20 c:/nxp/mcuxpressoide_11.4.0_6237/ide/plugins/com.nxp.mcuxpresso.tools.win32_11.4.0.202103011116/tools/bin/../lib/gcc/arm-none-eabi/10.2.1/../../../../arm-none-eabi/lib/thumb/v6-m/nofp\libcr_newlib_nohost.a(_cr_check_heap.o)

.debug_ranges   0x00000000      0x9e0
 .debug_ranges  0x00000000       0x48 ./utilities/fsl_debug_console.o
 .debug_ranges  0x00000048       0x48 ./utilities/fsl_io.o
 .debug_ranges  0x00000090       0x48 ./utilities/fsl_log.o
 .debug_ranges  0x000000d8      0x150 ./startup/startup_mkl46z4.o
 .debug_ranges  0x00000228       0x28 ./source/contador_hello.o
 .debug_ranges  0x00000250       0x10 ./source/semihost_hardfault.o
 .debug_ranges  0x00000260      0x1c8 ./drivers/fsl_clock.o
 .debug_ranges  0x00000428      0x168 ./drivers/fsl_i2c.o
 .debug_ranges  0x00000590      0x108 ./drivers/fsl_lpsci.o
 .debug_ranges  0x00000698      0x120 ./drivers/fsl_uart.o
 .debug_ranges  0x000007b8       0x18 ./board/board.o
 .debug_ranges  0x000007d0       0x40 ./board/clock_config.o
 .debug_ranges  0x00000810       0x88 ./board/peripherals.o
 .debug_ranges  0x00000898       0x78 ./board/pin_mux.o
 .debug_ranges  0x00000910       0x20 ./CMSIS/system_MKL46Z4.o
 .debug_ranges  0x00000930       0x10 c:/nxp/mcuxpressoide_11.4.0_6237/ide/plugins/com.nxp.mcuxpresso.tools.win32_11.4.0.202103011116/tools/bin/../lib/gcc/arm-none-eabi/10.2.1/../../../../arm-none-eabi/lib/thumb/v6-m/nofp\libcr_newlib_nohost.a(_cr_sbrk.o)
 .debug_ranges  0x00000940       0x10 c:/nxp/mcuxpressoide_11.4.0_6237/ide/plugins/com.nxp.mcuxpresso.tools.win32_11.4.0.202103011116/tools/bin/../lib/gcc/arm-none-eabi/10.2.1/../../../../arm-none-eabi/lib/thumb/v6-m/nofp\libcr_newlib_nohost.a(_exit.o)
 .debug_ranges  0x00000950       0x10 c:/nxp/mcuxpressoide_11.4.0_6237/ide/plugins/com.nxp.mcuxpresso.tools.win32_11.4.0.202103011116/tools/bin/../lib/gcc/arm-none-eabi/10.2.1/../../../../arm-none-eabi/lib/thumb/v6-m/nofp\libcr_newlib_nohost.a(close.o)
 .debug_ranges  0x00000960       0x10 c:/nxp/mcuxpressoide_11.4.0_6237/ide/plugins/com.nxp.mcuxpresso.tools.win32_11.4.0.202103011116/tools/bin/../lib/gcc/arm-none-eabi/10.2.1/../../../../arm-none-eabi/lib/thumb/v6-m/nofp\libcr_newlib_nohost.a(fstat.o)
 .debug_ranges  0x00000970       0x10 c:/nxp/mcuxpressoide_11.4.0_6237/ide/plugins/com.nxp.mcuxpresso.tools.win32_11.4.0.202103011116/tools/bin/../lib/gcc/arm-none-eabi/10.2.1/../../../../arm-none-eabi/lib/thumb/v6-m/nofp\libcr_newlib_nohost.a(getpid.o)
 .debug_ranges  0x00000980       0x10 c:/nxp/mcuxpressoide_11.4.0_6237/ide/plugins/com.nxp.mcuxpresso.tools.win32_11.4.0.202103011116/tools/bin/../lib/gcc/arm-none-eabi/10.2.1/../../../../arm-none-eabi/lib/thumb/v6-m/nofp\libcr_newlib_nohost.a(isatty.o)
 .debug_ranges  0x00000990       0x10 c:/nxp/mcuxpressoide_11.4.0_6237/ide/plugins/com.nxp.mcuxpresso.tools.win32_11.4.0.202103011116/tools/bin/../lib/gcc/arm-none-eabi/10.2.1/../../../../arm-none-eabi/lib/thumb/v6-m/nofp\libcr_newlib_nohost.a(kill.o)
 .debug_ranges  0x000009a0       0x10 c:/nxp/mcuxpressoide_11.4.0_6237/ide/plugins/com.nxp.mcuxpresso.tools.win32_11.4.0.202103011116/tools/bin/../lib/gcc/arm-none-eabi/10.2.1/../../../../arm-none-eabi/lib/thumb/v6-m/nofp\libcr_newlib_nohost.a(lseek.o)
 .debug_ranges  0x000009b0       0x10 c:/nxp/mcuxpressoide_11.4.0_6237/ide/plugins/com.nxp.mcuxpresso.tools.win32_11.4.0.202103011116/tools/bin/../lib/gcc/arm-none-eabi/10.2.1/../../../../arm-none-eabi/lib/thumb/v6-m/nofp\libcr_newlib_nohost.a(read.o)
 .debug_ranges  0x000009c0       0x10 c:/nxp/mcuxpressoide_11.4.0_6237/ide/plugins/com.nxp.mcuxpresso.tools.win32_11.4.0.202103011116/tools/bin/../lib/gcc/arm-none-eabi/10.2.1/../../../../arm-none-eabi/lib/thumb/v6-m/nofp\libcr_newlib_nohost.a(write.o)
 .debug_ranges  0x000009d0       0x10 c:/nxp/mcuxpressoide_11.4.0_6237/ide/plugins/com.nxp.mcuxpresso.tools.win32_11.4.0.202103011116/tools/bin/../lib/gcc/arm-none-eabi/10.2.1/../../../../arm-none-eabi/lib/thumb/v6-m/nofp\libcr_newlib_nohost.a(_cr_check_heap.o)

.debug_macro    0x00000000     0xf86a
 .debug_macro   0x00000000      0x1fc ./utilities/fsl_debug_console.o
 .debug_macro   0x000001fc      0xa78 ./utilities/fsl_debug_console.o
 .debug_macro   0x00000c74       0x58 ./utilities/fsl_debug_console.o
 .debug_macro   0x00000ccc       0x18 ./utilities/fsl_debug_console.o
 .debug_macro   0x00000ce4       0x22 ./utilities/fsl_debug_console.o
 .debug_macro   0x00000d06       0x5e ./utilities/fsl_debug_console.o
 .debug_macro   0x00000d64       0x94 ./utilities/fsl_debug_console.o
 .debug_macro   0x00000df8       0x35 ./utilities/fsl_debug_console.o
 .debug_macro   0x00000e2d       0x34 ./utilities/fsl_debug_console.o
 .debug_macro   0x00000e61       0x16 ./utilities/fsl_debug_console.o
 .debug_macro   0x00000e77      0x10e ./utilities/fsl_debug_console.o
 .debug_macro   0x00000f85       0x8d ./utilities/fsl_debug_console.o
 .debug_macro   0x00001012       0x16 ./utilities/fsl_debug_console.o
 .debug_macro   0x00001028       0x43 ./utilities/fsl_debug_console.o
 .debug_macro   0x0000106b       0x57 ./utilities/fsl_debug_console.o
 .debug_macro   0x000010c2       0x34 ./utilities/fsl_debug_console.o
 .debug_macro   0x000010f6       0x10 ./utilities/fsl_debug_console.o
 .debug_macro   0x00001106       0x58 ./utilities/fsl_debug_console.o
 .debug_macro   0x0000115e      0x182 ./utilities/fsl_debug_console.o
 .debug_macro   0x000012e0      0x333 ./utilities/fsl_debug_console.o
 .debug_macro   0x00001613       0x16 ./utilities/fsl_debug_console.o
 .debug_macro   0x00001629       0x29 ./utilities/fsl_debug_console.o
 .debug_macro   0x00001652       0x1c ./utilities/fsl_debug_console.o
 .debug_macro   0x0000166e       0x22 ./utilities/fsl_debug_console.o
 .debug_macro   0x00001690      0x34e ./utilities/fsl_debug_console.o
 .debug_macro   0x000019de       0x16 ./utilities/fsl_debug_console.o
 .debug_macro   0x000019f4       0x35 ./utilities/fsl_debug_console.o
 .debug_macro   0x00001a29       0x10 ./utilities/fsl_debug_console.o
 .debug_macro   0x00001a39       0x3f ./utilities/fsl_debug_console.o
 .debug_macro   0x00001a78       0x1c ./utilities/fsl_debug_console.o
 .debug_macro   0x00001a94       0x22 ./utilities/fsl_debug_console.o
 .debug_macro   0x00001ab6       0xaf ./utilities/fsl_debug_console.o
 .debug_macro   0x00001b65      0x37c ./utilities/fsl_debug_console.o
 .debug_macro   0x00001ee1       0x38 ./utilities/fsl_debug_console.o
 .debug_macro   0x00001f19     0x87f8 ./utilities/fsl_debug_console.o
 .debug_macro   0x0000a711     0x121a ./utilities/fsl_debug_console.o
 .debug_macro   0x0000b92b       0x52 ./utilities/fsl_debug_console.o
 .debug_macro   0x0000b97d      0x10a ./utilities/fsl_debug_console.o
 .debug_macro   0x0000ba87       0x74 ./utilities/fsl_debug_console.o
 .debug_macro   0x0000bafb       0x1c ./utilities/fsl_debug_console.o
 .debug_macro   0x0000bb17       0x57 ./utilities/fsl_debug_console.o
 .debug_macro   0x0000bb6e      0x1fe ./utilities/fsl_io.o
 .debug_macro   0x0000bd6c      0x174 ./utilities/fsl_io.o
 .debug_macro   0x0000bee0       0x10 ./utilities/fsl_io.o
 .debug_macro   0x0000bef0       0x10 ./utilities/fsl_io.o
 .debug_macro   0x0000bf00       0x10 ./utilities/fsl_io.o
 .debug_macro   0x0000bf10      0x222 ./utilities/fsl_log.o
 .debug_macro   0x0000c132       0x2a ./startup/startup_mkl46z4.o
 .debug_macro   0x0000c15c      0xb56 ./startup/startup_mkl46z4.o
 .debug_macro   0x0000ccb2      0x2cc ./source/contador_hello.o
 .debug_macro   0x0000cf7e       0x5c ./source/contador_hello.o
 .debug_macro   0x0000cfda       0x34 ./source/contador_hello.o
 .debug_macro   0x0000d00e       0x16 ./source/contador_hello.o
 .debug_macro   0x0000d024       0x97 ./source/contador_hello.o
 .debug_macro   0x0000d0bb      0x356 ./source/contador_hello.o
 .debug_macro   0x0000d411      0x104 ./source/contador_hello.o
 .debug_macro   0x0000d515       0x10 ./source/contador_hello.o
 .debug_macro   0x0000d525       0x43 ./source/contador_hello.o
 .debug_macro   0x0000d568       0x10 ./source/contador_hello.o
 .debug_macro   0x0000d578       0x6a ./source/contador_hello.o
 .debug_macro   0x0000d5e2       0xb2 ./source/contador_hello.o
 .debug_macro   0x0000d694       0x16 ./source/contador_hello.o
 .debug_macro   0x0000d6aa      0x114 ./source/contador_hello.o
 .debug_macro   0x0000d7be       0x16 ./source/contador_hello.o
 .debug_macro   0x0000d7d4       0x16 ./source/contador_hello.o
 .debug_macro   0x0000d7ea       0x35 ./source/contador_hello.o
 .debug_macro   0x0000d81f      0x18a ./source/contador_hello.o
 .debug_macro   0x0000d9a9       0x10 ./source/contador_hello.o
 .debug_macro   0x0000d9b9      0x448 ./source/contador_hello.o
 .debug_macro   0x0000de01       0x10 ./source/contador_hello.o
 .debug_macro   0x0000de11       0x22 ./source/contador_hello.o
 .debug_macro   0x0000de33       0x1c ./source/contador_hello.o
 .debug_macro   0x0000de4f       0xde ./source/contador_hello.o
 .debug_macro   0x0000df2d      0x37c ./source/contador_hello.o
 .debug_macro   0x0000e2a9       0x10 ./source/contador_hello.o
 .debug_macro   0x0000e2b9       0x10 ./source/contador_hello.o
 .debug_macro   0x0000e2c9      0x15b ./source/contador_hello.o
 .debug_macro   0x0000e424       0x16 ./source/contador_hello.o
 .debug_macro   0x0000e43a       0x1c ./source/contador_hello.o
 .debug_macro   0x0000e456       0x58 ./source/contador_hello.o
 .debug_macro   0x0000e4ae      0x1d2 ./source/contador_hello.o
 .debug_macro   0x0000e680       0x22 ./source/contador_hello.o
 .debug_macro   0x0000e6a2       0x2f ./source/mtb.o
 .debug_macro   0x0000e6d1       0x82 ./source/mtb.o
 .debug_macro   0x0000e753       0x10 ./source/mtb.o
 .debug_macro   0x0000e763       0x11 ./source/semihost_hardfault.o
 .debug_macro   0x0000e774      0x293 ./drivers/fsl_clock.o
 .debug_macro   0x0000ea07      0x1e2 ./drivers/fsl_i2c.o
 .debug_macro   0x0000ebe9       0x16 ./drivers/fsl_i2c.o
 .debug_macro   0x0000ebff      0x1e3 ./drivers/fsl_lpsci.o
 .debug_macro   0x0000ede2      0x1e9 ./drivers/fsl_uart.o
 .debug_macro   0x0000efcb      0x200 ./board/board.o
 .debug_macro   0x0000f1cb       0x16 ./board/board.o
 .debug_macro   0x0000f1e1      0x21a ./board/clock_config.o