Archive member included to satisfy reference by file (symbol)

c:/nxp/mcuxpressoide_11.4.0_6237/ide/plugins/com.nxp.mcuxpresso.tools.win32_11.4.0.202103011116/tools/bin/../lib/gcc/arm-none-eabi/10.2.1/thumb/v6-m/nofp\libgcc.a(_udivsi3.o)
                              ./utilities/fsl_str.o (__aeabi_uidiv)
c:/nxp/mcuxpressoide_11.4.0_6237/ide/plugins/com.nxp.mcuxpresso.tools.win32_11.4.0.202103011116/tools/bin/../lib/gcc/arm-none-eabi/10.2.1/thumb/v6-m/nofp\libgcc.a(_divsi3.o)
                              ./utilities/fsl_str.o (__aeabi_idiv)
c:/nxp/mcuxpressoide_11.4.0_6237/ide/plugins/com.nxp.mcuxpresso.tools.win32_11.4.0.202103011116/tools/bin/../lib/gcc/arm-none-eabi/10.2.1/thumb/v6-m/nofp\libgcc.a(_dvmd_tls.o)
                              c:/nxp/mcuxpressoide_11.4.0_6237/ide/plugins/com.nxp.mcuxpresso.tools.win32_11.4.0.202103011116/tools/bin/../lib/gcc/arm-none-eabi/10.2.1/thumb/v6-m/nofp\libgcc.a(_udivsi3.o) (__aeabi_idiv0)
c:/nxp/mcuxpressoide_11.4.0_6237/ide/plugins/com.nxp.mcuxpresso.tools.win32_11.4.0.202103011116/tools/bin/../lib/gcc/arm-none-eabi/10.2.1/../../../../arm-none-eabi/lib/thumb/v6-m/nofp\libc_nano.a(lib_a-assert.o)
                              ./utilities/fsl_debug_console.o (__assert_func)
c:/nxp/mcuxpressoide_11.4.0_6237/ide/plugins/com.nxp.mcuxpresso.tools.win32_11.4.0.202103011116/tools/bin/../lib/gcc/arm-none-eabi/10.2.1/../../../../arm-none-eabi/lib/thumb/v6-m/nofp\libc_nano.a(lib_a-fprintf.o)
                              c:/nxp/mcuxpressoide_11.4.0_6237/ide/plugins/com.nxp.mcuxpresso.tools.win32_11.4.0.202103011116/tools/bin/../lib/gcc/arm-none-eabi/10.2.1/../../../../arm-none-eabi/lib/thumb/v6-m/nofp\libc_nano.a(lib_a-assert.o) (fiprintf)
c:/nxp/mcuxpressoide_11.4.0_6237/ide/plugins/com.nxp.mcuxpresso.tools.win32_11.4.0.202103011116/tools/bin/../lib/gcc/arm-none-eabi/10.2.1/../../../../arm-none-eabi/lib/thumb/v6-m/nofp\libc_nano.a(lib_a-impure.o)
                              c:/nxp/mcuxpressoide_11.4.0_6237/ide/plugins/com.nxp.mcuxpresso.tools.win32_11.4.0.202103011116/tools/bin/../lib/gcc/arm-none-eabi/10.2.1/../../../../arm-none-eabi/lib/thumb/v6-m/nofp\libc_nano.a(lib_a-assert.o) (_impure_ptr)
c:/nxp/mcuxpressoide_11.4.0_6237/ide/plugins/com.nxp.mcuxpresso.tools.win32_11.4.0.202103011116/tools/bin/../lib/gcc/arm-none-eabi/10.2.1/../../../../arm-none-eabi/lib/thumb/v6-m/nofp\libc_nano.a(lib_a-init.o)
                              ./startup/startup_mkl46z4.o (__libc_init_array)
c:/nxp/mcuxpressoide_11.4.0_6237/ide/plugins/com.nxp.mcuxpresso.tools.win32_11.4.0.202103011116/tools/bin/../lib/gcc/arm-none-eabi/10.2.1/../../../../arm-none-eabi/lib/thumb/v6-m/nofp\libc_nano.a(lib_a-malloc.o)
                              ./source/cpp_config.o (malloc)
c:/nxp/mcuxpressoide_11.4.0_6237/ide/plugins/com.nxp.mcuxpresso.tools.win32_11.4.0.202103011116/tools/bin/../lib/gcc/arm-none-eabi/10.2.1/../../../../arm-none-eabi/lib/thumb/v6-m/nofp\libc_nano.a(lib_a-memcpy-stub.o)
                              ./drivers/fsl_ftfx_cache.o (memcpy)
c:/nxp/mcuxpressoide_11.4.0_6237/ide/plugins/com.nxp.mcuxpresso.tools.win32_11.4.0.202103011116/tools/bin/../lib/gcc/arm-none-eabi/10.2.1/../../../../arm-none-eabi/lib/thumb/v6-m/nofp\libc_nano.a(lib_a-memset.o)
                              ./utilities/fsl_debug_console.o (memset)
c:/nxp/mcuxpressoide_11.4.0_6237/ide/plugins/com.nxp.mcuxpresso.tools.win32_11.4.0.202103011116/tools/bin/../lib/gcc/arm-none-eabi/10.2.1/../../../../arm-none-eabi/lib/thumb/v6-m/nofp\libc_nano.a(lib_a-nano-freer.o)
                              c:/nxp/mcuxpressoide_11.4.0_6237/ide/plugins/com.nxp.mcuxpresso.tools.win32_11.4.0.202103011116/tools/bin/../lib/gcc/arm-none-eabi/10.2.1/../../../../arm-none-eabi/lib/thumb/v6-m/nofp\libc_nano.a(lib_a-malloc.o) (_free_r)
c:/nxp/mcuxpressoide_11.4.0_6237/ide/plugins/com.nxp.mcuxpresso.tools.win32_11.4.0.202103011116/tools/bin/../lib/gcc/arm-none-eabi/10.2.1/../../../../arm-none-eabi/lib/thumb/v6-m/nofp\libc_nano.a(lib_a-nano-mallocr.o)
                              c:/nxp/mcuxpressoide_11.4.0_6237/ide/plugins/com.nxp.mcuxpresso.tools.win32_11.4.0.202103011116/tools/bin/../lib/gcc/arm-none-eabi/10.2.1/../../../../arm-none-eabi/lib/thumb/v6-m/nofp\libc_nano.a(lib_a-malloc.o) (_malloc_r)
c:/nxp/mcuxpressoide_11.4.0_6237/ide/plugins/com.nxp.mcuxpresso.tools.win32_11.4.0.202103011116/tools/bin/../lib/gcc/arm-none-eabi/10.2.1/../../../../arm-none-eabi/lib/thumb/v6-m/nofp\libc_nano.a(lib_a-nano-vfprintf.o)
                              c:/nxp/mcuxpressoide_11.4.0_6237/ide/plugins/com.nxp.mcuxpresso.tools.win32_11.4.0.202103011116/tools/bin/../lib/gcc/arm-none-eabi/10.2.1/../../../../arm-none-eabi/lib/thumb/v6-m/nofp\libc_nano.a(lib_a-fprintf.o) (_vfprintf_r)
c:/nxp/mcuxpressoide_11.4.0_6237/ide/plugins/com.nxp.mcuxpresso.tools.win32_11.4.0.202103011116/tools/bin/../lib/gcc/arm-none-eabi/10.2.1/../../../../arm-none-eabi/lib/thumb/v6-m/nofp\libc_nano.a(lib_a-nano-vfprintf_i.o)
[...]
Memory Configuration

Name             Origin             Length             Attributes
PROGRAM_FLASH    0x00000000         0x00040000         xr
SRAM             0x1fffe000         0x00008000         xrw
*default*        0x00000000         0xffffffff

Linker script and memory map

LOAD ./utilities/fsl_debug_console.o
LOAD ./utilities/fsl_io.o
LOAD ./utilities/fsl_log.o
LOAD ./utilities/fsl_str.o
LOAD ./startup/startup_mkl46z4.o
LOAD ./source/MKL46Z4_Project.o
LOAD ./source/cpp_config.o
LOAD ./source/mtb.o
LOAD ./source/semihost_hardfault.o
LOAD ./drivers/fsl_clock.o
LOAD ./drivers/fsl_common.o
LOAD ./drivers/fsl_ftfx_cache.o
LOAD ./drivers/fsl_ftfx_controller.o
LOAD ./drivers/fsl_ftfx_flash.o
LOAD ./drivers/fsl_ftfx_flexnvm.o
LOAD ./drivers/fsl_gpio.o
LOAD ./drivers/fsl_i2c.o
LOAD ./drivers/fsl_lpsci.o
LOAD ./drivers/fsl_smc.o
LOAD ./drivers/fsl_uart.o
LOAD ./board/board.o
LOAD ./board/clock_config.o
LOAD ./board/peripherals.o
LOAD ./board/pin_mux.o
LOAD ./CMSIS/system_MKL46Z4.o
START GROUP
LOAD c:/nxp/mcuxpressoide_11.4.0_6237/ide/plugins/com.nxp.mcuxpresso.tools.win32_11.4.0.202103011116/tools/bin/../lib/gcc/arm-none-eabi/10.2.1/thumb/v6-m/nofp\libgcc.a
LOAD c:/nxp/mcuxpressoide_11.4.0_6237/ide/plugins/com.nxp.mcuxpresso.tools.win32_11.4.0.202103011116/tools/bin/../lib/gcc/arm-none-eabi/10.2.1/../../../../arm-none-eabi/lib/thumb/v6-m/nofp\libc_nano.a
LOAD c:/nxp/mcuxpressoide_11.4.0_6237/ide/plugins/com.nxp.mcuxpresso.tools.win32_11.4.0.202103011116/tools/bin/../lib/gcc/arm-none-eabi/10.2.1/../../../../arm-none-eabi/lib/thumb/v6-m/nofp\libstdc++_nano.a
LOAD c:/nxp/mcuxpressoide_11.4.0_6237/ide/plugins/com.nxp.mcuxpresso.tools.win32_11.4.0.202103011116/tools/bin/../lib/gcc/arm-none-eabi/10.2.1/../../../../arm-none-eabi/lib/thumb/v6-m/nofp\libm.a
LOAD c:/nxp/mcuxpressoide_11.4.0_6237/ide/plugins/com.nxp.mcuxpresso.tools.win32_11.4.0.202103011116/tools/bin/../lib/gcc/arm-none-eabi/10.2.1/../../../../arm-none-eabi/lib/thumb/v6-m/nofp\libcr_newlib_semihost.a
LOAD c:/nxp/mcuxpressoide_11.4.0_6237/ide/plugins/com.nxp.mcuxpresso.tools.win32_11.4.0.202103011116/tools/bin/../lib/gcc/arm-none-eabi/10.2.1/thumb/v6-m/nofp\crti.o
LOAD c:/nxp/mcuxpressoide_11.4.0_6237/ide/plugins/com.nxp.mcuxpresso.tools.win32_11.4.0.202103011116/tools/bin/../lib/gcc/arm-none-eabi/10.2.1/thumb/v6-m/nofp\crtn.o
LOAD c:/nxp/mcuxpressoide_11.4.0_6237/ide/plugins/com.nxp.mcuxpresso.tools.win32_11.4.0.202103011116/tools/bin/../lib/gcc/arm-none-eabi/10.2.1/thumb/v6-m/nofp\crtbegin.o
LOAD c:/nxp/mcuxpressoide_11.4.0_6237/ide/plugins/com.nxp.mcuxpresso.tools.win32_11.4.0.202103011116/tools/bin/../lib/gcc/arm-none-eabi/10.2.1/thumb/v6-m/nofp\crtend.o
END GROUP
                0x00000000                __base_PROGRAM_FLASH = 0x0
                0x00000000                __base_Flash = 0x0
                0x00040000                __top_PROGRAM_FLASH = 0x40000
                0x00040000                __top_Flash = 0x40000
                0x1fffe000                __base_SRAM = 0x1fffe000
                0x1fffe000                __base_RAM = 0x1fffe000
                0x20006000                __top_SRAM = 0x20006000
                0x20006000                __top_RAM = 0x20006000

.text           0x00000000     0x2e90
 FILL mask 0xff
                0x00000000                __vectors_start__ = ABSOLUTE (.)
 *(SORT_BY_ALIGNMENT(.isr_vector))
 .isr_vector    0x00000000       0xc0 ./startup/startup_mkl46z4.o
                0x00000000                g_pfnVectors
                0x00000000                __Vectors
                0x000000c0                . = ALIGN (0x4)
                0x000000c0                __section_table_start = .
                0x000000c0                __data_section_table = .
                0x000000c0        0x4 LONG 0x2e90 LOADADDR (.data)
                0x000000c4        0x4 LONG 0x1fffe080 ADDR (.data)
                0x000000c8        0x4 LONG 0x6c SIZEOF (.data)
                0x000000cc                __data_section_table_end = .
                0x000000cc                __bss_section_table = .
                0x000000cc        0x4 LONG 0x1fffe0ec ADDR (.bss)
                0x000000d0        0x4 LONG 0x9c SIZEOF (.bss)
                0x000000d4                __bss_section_table_end = .
                0x000000d4                __section_table_end = .
 *(SORT_BY_ALIGNMENT(.after_vectors*))
 .after_vectors.reset
                0x000000d4       0x50 ./startup/startup_mkl46z4.o
                0x000000d4                ResetISR
 .after_vectors.init_data
                0x00000124       0x12 ./startup/startup_mkl46z4.o
                0x00000124                data_init(unsigned int, unsigned int, unsigned int)
 .after_vectors.init_bss
                0x00000136       0x10 ./startup/startup_mkl46z4.o
                0x00000136                bss_init(unsigned int, unsigned int)
 .after_vectors
                0x00000146      0x10c ./startup/startup_mkl46z4.o
                0x00000146                NMI_Handler
                0x0000014a                SVC_Handler
                0x0000014c                PendSV_Handler
                0x0000014e                SysTick_Handler
                0x00000150                LPTMR0_DriverIRQHandler
                0x00000150                PORTC_PORTD_DriverIRQHandler
                0x00000150                SPI1_DriverIRQHandler
                0x00000150                DMA0_DriverIRQHandler
                0x00000150                DMA2_DriverIRQHandler
                0x00000150                CMP0_DriverIRQHandler
                0x00000150                ADC0_DriverIRQHandler
                0x00000150                I2S0_DriverIRQHandler
                0x00000150                SPI0_DriverIRQHandler
                0x00000150                TPM0_DriverIRQHandler
                0x00000150                TPM2_DriverIRQHandler
                0x00000150                DMA1_DriverIRQHandler
                0x00000150                PIT_DriverIRQHandler
                0x00000150                LCD_DriverIRQHandler
                0x00000150                TSI0_DriverIRQHandler
                0x00000150                RTC_Seconds_DriverIRQHandler
                0x00000150                RTC_DriverIRQHandler
                0x00000150                TPM1_DriverIRQHandler
                0x00000150                LLWU_DriverIRQHandler
                0x00000150                MCG_DriverIRQHandler
                0x00000150                PORTA_DriverIRQHandler
                0x00000150                DMA3_DriverIRQHandler
                0x00000150                FTFA_DriverIRQHandler
                0x00000150                IntDefaultHandler
                0x00000150                USB0_DriverIRQHandler
                0x00000150                DAC0_DriverIRQHandler
                0x00000150                LVD_LVW_DriverIRQHandler
                0x00000150                Reserved20_DriverIRQHandler
                0x00000152                DMA0_IRQHandler
                0x0000015a                DMA1_IRQHandler
                0x00000162                DMA2_IRQHandler
                0x0000016a                DMA3_IRQHandler
                0x00000172                Reserved20_IRQHandler
                0x0000017a                FTFA_IRQHandler
                0x00000182                LVD_LVW_IRQHandler
                0x0000018a                LLWU_IRQHandler
                0x00000192                I2C0_IRQHandler
                0x0000019a                I2C1_IRQHandler
                0x000001a2                SPI0_IRQHandler
                0x000001aa                SPI1_IRQHandler
                0x000001b2                UART0_IRQHandler
                0x000001ba                UART1_IRQHandler
                0x000001c2                UART2_IRQHandler
                0x000001ca                ADC0_IRQHandler
                0x000001d2                CMP0_IRQHandler
                0x000001da                TPM0_IRQHandler
                0x000001e2                TPM1_IRQHandler
                0x000001ea                TPM2_IRQHandler
                0x000001f2                RTC_IRQHandler
                0x000001fa                RTC_Seconds_IRQHandler
                0x00000202                PIT_IRQHandler
                0x0000020a                I2S0_IRQHandler
                0x00000212                USB0_IRQHandler
                0x0000021a                DAC0_IRQHandler
                0x00000222                TSI0_IRQHandler
                0x0000022a                MCG_IRQHandler
                0x00000232                LPTMR0_IRQHandler
                0x0000023a                LCD_IRQHandler
                0x00000242                PORTA_IRQHandler
                0x0000024a                PORTC_PORTD_IRQHandler
                0x00000400                . = 0x400
 *fill*         0x00000252      0x1ae ff
                0x00000400                PROVIDE (__FLASH_CONFIG_START__ = .)
 *(SORT_BY_ALIGNMENT(.FlashConfig))
 .FlashConfig   0x00000400       0x10 ./startup/startup_mkl46z4.o
                0x00000410                PROVIDE (__FLASH_CONFIG_END__ = .)
                0x00000001                ASSERT (! ((__FLASH_CONFIG_START__ == __FLASH_CONFIG_END__)), Linker Flash Config Support Enabled, but no .FlashConfig section provided within application)
 *(SORT_BY_ALIGNMENT(.text*))
 .text.DbgConsole_Init
                0x00000410       0x4c ./utilities/fsl_debug_console.o
                0x00000410                DbgConsole_Init
 .text.IO_Init  0x0000045c       0xd4 ./utilities/fsl_io.o
                0x0000045c                IO_Init
 .text.HardFault_Handler
                0x00000530       0x30 ./source/semihost_hardfault.o
                0x00000530                HardFault_Handler
 .text.CLOCK_SetEr32kClock
                0x00000560       0x34 ./drivers/fsl_clock.o
 .text.CLOCK_SetPllFllSelClock
                0x00000594       0x38 ./drivers/fsl_clock.o
 .text.CLOCK_GetMcgExtClkFreq
                0x000005cc       0x34 ./drivers/fsl_clock.o
 .text.CLOCK_GetFllExtRefClkFreq
                0x00000600       0xa8 ./drivers/fsl_clock.o
 .text.CLOCK_GetFllRefClkFreq
                0x000006a8       0x2c ./drivers/fsl_clock.o
 .text.CLOCK_GetPllFllSelClkFreq
                0x000006d4       0x4c ./drivers/fsl_clock.o
                0x000006d4                CLOCK_GetPllFllSelClkFreq
 .text.CLOCK_SetSimConfig
                0x00000720       0x38 ./drivers/fsl_clock.o
                0x00000720                CLOCK_SetSimConfig
 .text.CLOCK_GetFllFreq
                0x00000758       0x84 ./drivers/fsl_clock.o
                0x00000758                CLOCK_GetFllFreq
 .text.CLOCK_GetPll0Freq
                0x000007dc       0x80 ./drivers/fsl_clock.o
                0x000007dc                CLOCK_GetPll0Freq
 .text.CLOCK_SetInternalRefClkConfig
                0x0000085c      0x124 ./drivers/fsl_clock.o
                0x0000085c                CLOCK_SetInternalRefClkConfig
 .text.CLOCK_SetFeiMode
                0x00000980       0xdc ./drivers/fsl_clock.o
                0x00000980                CLOCK_SetFeiMode
 .text.I2C_TransferCommonIRQHandler
                0x00000a5c       0x58 ./drivers/fsl_i2c.o
 .text.I2C0_DriverIRQHandler
                0x00000ab4       0x20 ./drivers/fsl_i2c.o
                0x00000ab4                I2C0_DriverIRQHandler
 .text.I2C1_DriverIRQHandler
                0x00000ad4       0x20 ./drivers/fsl_i2c.o
                0x00000ad4                I2C1_DriverIRQHandler
 .text.CLOCK_EnableClock
                0x00000af4       0x34 ./drivers/fsl_lpsci.o
 .text.LPSCI_GetInstance
                0x00000b28       0x54 ./drivers/fsl_lpsci.o
                0x00000b28                LPSCI_GetInstance
 .text.LPSCI_Init
                0x00000b7c      0x280 ./drivers/fsl_lpsci.o
                0x00000b7c                LPSCI_Init
 .text.LPSCI_GetDefaultConfig
                0x00000dfc       0x58 ./drivers/fsl_lpsci.o
                0x00000dfc                LPSCI_GetDefaultConfig
 .text.UART0_DriverIRQHandler
                0x00000e54       0x24 ./drivers/fsl_lpsci.o
                0x00000e54                UART0_DriverIRQHandler
 .text.CLOCK_EnableClock
                0x00000e78       0x34 ./drivers/fsl_uart.o
 .text.UART_GetInstance
                0x00000eac       0x60 ./drivers/fsl_uart.o
                0x00000eac                UART_GetInstance
 .text.UART_Init
                0x00000f0c      0x208 ./drivers/fsl_uart.o
                0x00000f0c                UART_Init
 .text.UART_GetDefaultConfig
                0x00001114       0x58 ./drivers/fsl_uart.o
                0x00001114                UART_GetDefaultConfig
 .text.UART1_DriverIRQHandler
                0x0000116c       0x24 ./drivers/fsl_uart.o
                0x0000116c                UART1_DriverIRQHandler
 .text.UART2_DriverIRQHandler
                0x00001190       0x24 ./drivers/fsl_uart.o
                0x00001190                UART2_DriverIRQHandler
 .text.CLOCK_SetLpsci0Clock
                0x000011b4       0x38 ./board/board.o
 .text.BOARD_InitDebugConsole
                0x000011ec       0x30 ./board/board.o
                0x000011ec                BOARD_InitDebugConsole
 .text.CLOCK_SetSimSafeDivs
                0x0000121c       0x20 ./board/clock_config.o
 .text.CLOCK_CONFIG_FllStableDelay
                0x0000123c       0x28 ./board/clock_config.o
 .text.BOARD_BootClockRUN
                0x00001264       0x44 ./board/clock_config.o
                0x00001264                BOARD_BootClockRUN
 .text.CLOCK_EnableClock
                0x000012a8       0x34 ./board/pin_mux.o
 .text.PORT_SetPinConfig
                0x000012dc       0x48 ./board/pin_mux.o
 .text.BOARD_InitDEBUG_UART
                0x00001324       0x80 ./board/pin_mux.o
                0x00001324                BOARD_InitDEBUG_UART
 .text.SystemInit
                0x000013a4       0x1c ./CMSIS/system_MKL46Z4.o
                0x000013a4                SystemInit
 .text          0x000013c0      0x114 c:/nxp/mcuxpressoide_11.4.0_6237/ide/plugins/com.nxp.mcuxpresso.tools.win32_11.4.0.202103011116/tools/bin/../lib/gcc/arm-none-eabi/10.2.1/thumb/v6-m/nofp\libgcc.a(_udivsi3.o)
                0x000013c0                __aeabi_uidiv
                0x000013c0                __udivsi3
                0x000014cc                __aeabi_uidivmod
 .text          0x000014d4        0x4 c:/nxp/mcuxpressoide_11.4.0_6237/ide/plugins/com.nxp.mcuxpresso.tools.win32_11.4.0.202103011116/tools/bin/../lib/gcc/arm-none-eabi/10.2.1/thumb/v6-m/nofp\libgcc.a(_dvmd_tls.o)
                0x000014d4                __aeabi_idiv0
                0x000014d4                __aeabi_ldiv0
 .text.__assert_func
                0x000014d8       0x3c c:/nxp/mcuxpressoide_11.4.0_6237/ide/plugins/com.nxp.mcuxpresso.tools.win32_11.4.0.202103011116/tools/bin/../lib/gcc/arm-none-eabi/10.2.1/../../../../arm-none-eabi/lib/thumb/v6-m/nofp\libc_nano.a(lib_a-assert.o)
                0x000014d8                __assert_func
 .text.fprintf  0x00001514       0x20 c:/nxp/mcuxpressoide_11.4.0_6237/ide/plugins/com.nxp.mcuxpresso.tools.win32_11.4.0.202103011116/tools/bin/../lib/gcc/arm-none-eabi/10.2.1/../../../../arm-none-eabi/lib/thumb/v6-m/nofp\libc_nano.a(lib_a-fprintf.o)
                0x00001514                fiprintf
                0x00001514                fprintf
 .text.__libc_init_array
                0x00001534       0x48 c:/nxp/mcuxpressoide_11.4.0_6237/ide/plugins/com.nxp.mcuxpresso.tools.win32_11.4.0.202103011116/tools/bin/../lib/gcc/arm-none-eabi/10.2.1/../../../../arm-none-eabi/lib/thumb/v6-m/nofp\libc_nano.a(lib_a-init.o)
                0x00001534                __libc_init_array
 .text._free_r  0x0000157c       0x94 c:/nxp/mcuxpressoide_11.4.0_6237/ide/plugins/com.nxp.mcuxpresso.tools.win32_11.4.0.202103011116/tools/bin/../lib/gcc/arm-none-eabi/10.2.1/../../../../arm-none-eabi/lib/thumb/v6-m/nofp\libc_nano.a(lib_a-nano-freer.o)
                0x0000157c                _free_r
 .text._malloc_r
                0x00001610       0xbc c:/nxp/mcuxpressoide_11.4.0_6237/ide/plugins/com.nxp.mcuxpresso.tools.win32_11.4.0.202103011116/tools/bin/../lib/gcc/arm-none-eabi/10.2.1/../../../../arm-none-eabi/lib/thumb/v6-m/nofp\libc_nano.a(lib_a-nano-mallocr.o)
                0x00001610                _malloc_r
 .text._vfprintf_r
                0x000016cc      0x274 c:/nxp/mcuxpressoide_11.4.0_6237/ide/plugins/com.nxp.mcuxpresso.tools.win32_11.4.0.202103011116/tools/bin/../lib/gcc/arm-none-eabi/10.2.1/../../../../arm-none-eabi/lib/thumb/v6-m/nofp\libc_nano.a(lib_a-nano-vfprintf.o)
                0x000016cc                _vfprintf_r
                0x000016cc                _vfiprintf_r
 .text._printf_i
                0x00001940      0x224 c:/nxp/mcuxpressoide_11.4.0_6237/ide/plugins/com.nxp.mcuxpresso.tools.win32_11.4.0.202103011116/tools/bin/../lib/gcc/arm-none-eabi/10.2.1/../../../../arm-none-eabi/lib/thumb/v6-m/nofp\libc_nano.a(lib_a-nano-vfprintf_i.o)
                0x00001940                _printf_i
 .text._sbrk_r  0x00001b64       0x24 c:/nxp/mcuxpressoide_11.4.0_6237/ide/plugins/com.nxp.mcuxpresso.tools.win32_11.4.0.202103011116/tools/bin/../lib/gcc/arm-none-eabi/10.2.1/../../../../arm-none-eabi/lib/thumb/v6-m/nofp\libc_nano.a(lib_a-sbrkr.o)
                0x00001b64                _sbrk_r
 .text.__swbuf_r
                0x00001b88       0xac c:/nxp/mcuxpressoide_11.4.0_6237/ide/plugins/com.nxp.mcuxpresso.tools.win32_11.4.0.202103011116/tools/bin/../lib/gcc/arm-none-eabi/10.2.1/../../../../arm-none-eabi/lib/thumb/v6-m/nofp\libc_nano.a(lib_a-wbuf.o)
                0x00001b88                __swbuf_r
 .text.__swsetup_r
                0x00001c34       0xf0 c:/nxp/mcuxpressoide_11.4.0_6237/ide/plugins/com.nxp.mcuxpresso.tools.win32_11.4.0.202103011116/tools/bin/../lib/gcc/arm-none-eabi/10.2.1/../../../../arm-none-eabi/lib/thumb/v6-m/nofp\libc_nano.a(lib_a-wsetup.o)
                0x00001c34                __swsetup_r
 .text.__sflush_r
                0x00001d24      0x118 c:/nxp/mcuxpressoide_11.4.0_6237/ide/plugins/com.nxp.mcuxpresso.tools.win32_11.4.0.202103011116/tools/bin/../lib/gcc/arm-none-eabi/10.2.1/../../../../arm-none-eabi/lib/thumb/v6-m/nofp\libc_nano.a(lib_a-fflush.o)
                0x00001d24                __sflush_r
 .text._fflush_r
                0x00001e3c       0x80 c:/nxp/mcuxpressoide_11.4.0_6237/ide/plugins/com.nxp.mcuxpresso.tools.win32_11.4.0.202103011116/tools/bin/../lib/gcc/arm-none-eabi/10.2.1/../../../../arm-none-eabi/lib/thumb/v6-m/nofp\libc_nano.a(lib_a-fflush.o)
                0x00001e3c                _fflush_r
 .text.std      0x00001ebc       0x48 c:/nxp/mcuxpressoide_11.4.0_6237/ide/plugins/com.nxp.mcuxpresso.tools.win32_11.4.0.202103011116/tools/bin/../lib/gcc/arm-none-eabi/10.2.1/../../../../arm-none-eabi/lib/thumb/v6-m/nofp\libc_nano.a(lib_a-findfp.o)
 .text._cleanup_r
                0x00001f04       0x10 c:/nxp/mcuxpressoide_11.4.0_6237/ide/plugins/com.nxp.mcuxpresso.tools.win32_11.4.0.202103011116/tools/bin/../lib/gcc/arm-none-eabi/10.2.1/../../../../arm-none-eabi/lib/thumb/v6-m/nofp\libc_nano.a(lib_a-findfp.o)
                0x00001f04                _cleanup_r
 .text.__sfp_lock_acquire
                0x00001f14       0x10 c:/nxp/mcuxpressoide_11.4.0_6237/ide/plugins/com.nxp.mcuxpresso.tools.win32_11.4.0.202103011116/tools/bin/../lib/gcc/arm-none-eabi/10.2.1/../../../../arm-none-eabi/lib/thumb/v6-m/nofp\libc_nano.a(lib_a-findfp.o)
                0x00001f14                __sfp_lock_acquire
 .text.__sfp_lock_release
                0x00001f24       0x10 c:/nxp/mcuxpressoide_11.4.0_6237/ide/plugins/com.nxp.mcuxpresso.tools.win32_11.4.0.202103011116/tools/bin/../lib/gcc/arm-none-eabi/10.2.1/../../../../arm-none-eabi/lib/thumb/v6-m/nofp\libc_nano.a(lib_a-findfp.o)
                0x00001f24                __sfp_lock_release
 .text.__sinit_lock_acquire
                0x00001f34       0x10 c:/nxp/mcuxpressoide_11.4.0_6237/ide/plugins/com.nxp.mcuxpresso.tools.win32_11.4.0.202103011116/tools/bin/../lib/gcc/arm-none-eabi/10.2.1/../../../../arm-none-eabi/lib/thumb/v6-m/nofp\libc_nano.a(lib_a-findfp.o)
                0x00001f34                __sinit_lock_acquire
 .text.__sinit_lock_release
                0x00001f44       0x10 c:/nxp/mcuxpressoide_11.4.0_6237/ide/plugins/com.nxp.mcuxpresso.tools.win32_11.4.0.202103011116/tools/bin/../lib/gcc/arm-none-eabi/10.2.1/../../../../arm-none-eabi/lib/thumb/v6-m/nofp\libc_nano.a(lib_a-findfp.o)
                0x00001f44                __sinit_lock_release
 .text.__sinit  0x00001f54       0x70 c:/nxp/mcuxpressoide_11.4.0_6237/ide/plugins/com.nxp.mcuxpresso.tools.win32_11.4.0.202103011116/tools/bin/../lib/gcc/arm-none-eabi/10.2.1/../../../../arm-none-eabi/lib/thumb/v6-m/nofp\libc_nano.a(lib_a-findfp.o)
                0x00001f54                __sinit
 .text.__sfp    0x00001fc4       0x90 c:/nxp/mcuxpressoide_11.4.0_6237/ide/plugins/com.nxp.mcuxpresso.tools.win32_11.4.0.202103011116/tools/bin/../lib/gcc/arm-none-eabi/10.2.1/../../../../arm-none-eabi/lib/thumb/v6-m/nofp\libc_nano.a(lib_a-findfp.o)
                0x00001fc4                __sfp
 .text.__swhatbuf_r
                0x00002054       0x50 c:/nxp/mcuxpressoide_11.4.0_6237/ide/plugins/com.nxp.mcuxpresso.tools.win32_11.4.0.202103011116/tools/bin/../lib/gcc/arm-none-eabi/10.2.1/../../../../arm-none-eabi/lib/thumb/v6-m/nofp\libc_nano.a(lib_a-makebuf.o)
                0x00002054                __swhatbuf_r
 .text.__smakebuf_r
                0x000020a4       0x88 c:/nxp/mcuxpressoide_11.4.0_6237/ide/plugins/com.nxp.mcuxpresso.tools.win32_11.4.0.202103011116/tools/bin/../lib/gcc/arm-none-eabi/10.2.1/../../../../arm-none-eabi/lib/thumb/v6-m/nofp\libc_nano.a(lib_a-makebuf.o)
                0x000020a4                __smakebuf_r
 .text.__malloc_lock
                0x0000212c       0x10 c:/nxp/mcuxpressoide_11.4.0_6237/ide/plugins/com.nxp.mcuxpresso.tools.win32_11.4.0.202103011116/tools/bin/../lib/gcc/arm-none-eabi/10.2.1/../../../../arm-none-eabi/lib/thumb/v6-m/nofp\libc_nano.a(lib_a-mlock.o)
                0x0000212c                __malloc_lock
 .text.__malloc_unlock
                0x0000213c       0x10 c:/nxp/mcuxpressoide_11.4.0_6237/ide/plugins/com.nxp.mcuxpresso.tools.win32_11.4.0.202103011116/tools/bin/../lib/gcc/arm-none-eabi/10.2.1/../../../../arm-none-eabi/lib/thumb/v6-m/nofp\libc_nano.a(lib_a-mlock.o)
                0x0000213c                __malloc_unlock
 .text.raise    0x0000214c       0x14 c:/nxp/mcuxpressoide_11.4.0_6237/ide/plugins/com.nxp.mcuxpresso.tools.win32_11.4.0.202103011116/tools/bin/../lib/gcc/arm-none-eabi/10.2.1/../../../../arm-none-eabi/lib/thumb/v6-m/nofp\libc_nano.a(lib_a-signal.o)
                0x0000214c                raise
 .text._kill_r  0x00002160       0x24 c:/nxp/mcuxpressoide_11.4.0_6237/ide/plugins/com.nxp.mcuxpresso.tools.win32_11.4.0.202103011116/tools/bin/../lib/gcc/arm-none-eabi/10.2.1/../../../../arm-none-eabi/lib/thumb/v6-m/nofp\libc_nano.a(lib_a-signalr.o)
                0x00002160                _kill_r
 .text.__sread  0x00002184       0x28 c:/nxp/mcuxpressoide_11.4.0_6237/ide/plugins/com.nxp.mcuxpresso.tools.win32_11.4.0.202103011116/tools/bin/../lib/gcc/arm-none-eabi/10.2.1/../../../../arm-none-eabi/lib/thumb/v6-m/nofp\libc_nano.a(lib_a-stdio.o)
                0x00002184                __sread
 .text.__swrite
                0x000021ac       0x38 c:/nxp/mcuxpressoide_11.4.0_6237/ide/plugins/com.nxp.mcuxpresso.tools.win32_11.4.0.202103011116/tools/bin/../lib/gcc/arm-none-eabi/10.2.1/../../../../arm-none-eabi/lib/thumb/v6-m/nofp\libc_nano.a(lib_a-stdio.o)
                0x000021ac                __swrite
 .text.__sseek  0x000021e4       0x2c c:/nxp/mcuxpressoide_11.4.0_6237/ide/plugins/com.nxp.mcuxpresso.tools.win32_11.4.0.202103011116/tools/bin/../lib/gcc/arm-none-eabi/10.2.1/../../../../arm-none-eabi/lib/thumb/v6-m/nofp\libc_nano.a(lib_a-stdio.o)
                0x000021e4                __sseek
 .text._write_r
                0x00002210       0x28 c:/nxp/mcuxpressoide_11.4.0_6237/ide/plugins/com.nxp.mcuxpresso.tools.win32_11.4.0.202103011116/tools/bin/../lib/gcc/arm-none-eabi/10.2.1/../../../../arm-none-eabi/lib/thumb/v6-m/nofp\libc_nano.a(lib_a-writer.o)
                0x00002210                _write_r
 .text._close_r
                0x00002238       0x24 c:/nxp/mcuxpressoide_11.4.0_6237/ide/plugins/com.nxp.mcuxpresso.tools.win32_11.4.0.202103011116/tools/bin/../lib/gcc/arm-none-eabi/10.2.1/../../../../arm-none-eabi/lib/thumb/v6-m/nofp\libc_nano.a(lib_a-closer.o)
                0x00002238                _close_r
 .text._fstat_r
                0x0000225c       0x24 c:/nxp/mcuxpressoide_11.4.0_6237/ide/plugins/com.nxp.mcuxpresso.tools.win32_11.4.0.202103011116/tools/bin/../lib/gcc/arm-none-eabi/10.2.1/../../../../arm-none-eabi/lib/thumb/v6-m/nofp\libc_nano.a(lib_a-fstatr.o)
                0x0000225c                _fstat_r
 .text._isatty_r
                0x00002280       0x24 c:/nxp/mcuxpressoide_11.4.0_6237/ide/plugins/com.nxp.mcuxpresso.tools.win32_11.4.0.202103011116/tools/bin/../lib/gcc/arm-none-eabi/10.2.1/../../../../arm-none-eabi/lib/thumb/v6-m/nofp\libc_nano.a(lib_a-isattyr.o)
                0x00002280                _isatty_r
 .text._lseek_r
                0x000022a4       0x28 c:/nxp/mcuxpressoide_11.4.0_6237/ide/plugins/com.nxp.mcuxpresso.tools.win32_11.4.0.202103011116/tools/bin/../lib/gcc/arm-none-eabi/10.2.1/../../../../arm-none-eabi/lib/thumb/v6-m/nofp\libc_nano.a(lib_a-lseekr.o)
                0x000022a4                _lseek_r
 .text._read_r  0x000022cc       0x28 c:/nxp/mcuxpressoide_11.4.0_6237/ide/plugins/com.nxp.mcuxpresso.tools.win32_11.4.0.202103011116/tools/bin/../lib/gcc/arm-none-eabi/10.2.1/../../../../arm-none-eabi/lib/thumb/v6-m/nofp\libc_nano.a(lib_a-readr.o)
                0x000022cc                _read_r
 .text._sbrk    0x000022f4       0x40 c:/nxp/mcuxpressoide_11.4.0_6237/ide/plugins/com.nxp.mcuxpresso.tools.win32_11.4.0.202103011116/tools/bin/../lib/gcc/arm-none-eabi/10.2.1/../../../../arm-none-eabi/lib/thumb/v6-m/nofp\libcr_newlib_semihost.a(_cr_sbrk.o)
                0x000022f4                _sbrk
 .text._kill    0x00002334       0x24 c:/nxp/mcuxpressoide_11.4.0_6237/ide/plugins/com.nxp.mcuxpresso.tools.win32_11.4.0.202103011116/tools/bin/../lib/gcc/arm-none-eabi/10.2.1/../../../../arm-none-eabi/lib/thumb/v6-m/nofp\libcr_newlib_semihost.a(_kill.o)
                0x00002334                _kill
 .text.initialise_monitor_handles.part.0
                0x00002358       0x9c c:/nxp/mcuxpressoide_11.4.0_6237/ide/plugins/com.nxp.mcuxpresso.tools.win32_11.4.0.202103011116/tools/bin/../lib/gcc/arm-none-eabi/10.2.1/../../../../arm-none-eabi/lib/thumb/v6-m/nofp\libcr_newlib_semihost.a(syscalls.o)
 .text.findslot
                0x000023f4       0x30 c:/nxp/mcuxpressoide_11.4.0_6237/ide/plugins/com.nxp.mcuxpresso.tools.win32_11.4.0.202103011116/tools/bin/../lib/gcc/arm-none-eabi/10.2.1/../../../../arm-none-eabi/lib/thumb/v6-m/nofp\libcr_newlib_semihost.a(syscalls.o)
 .text._close   0x00002424       0x4c c:/nxp/mcuxpressoide_11.4.0_6237/ide/plugins/com.nxp.mcuxpresso.tools.win32_11.4.0.202103011116/tools/bin/../lib/gcc/arm-none-eabi/10.2.1/../../../../arm-none-eabi/lib/thumb/v6-m/nofp\libcr_newlib_semihost.a(syscalls.o)
                0x00002424                _close
 .text.__check_heap_overflow
                0x00002470       0x18 c:/nxp/mcuxpressoide_11.4.0_6237/ide/plugins/com.nxp.mcuxpresso.tools.win32_11.4.0.202103011116/tools/bin/../lib/gcc/arm-none-eabi/10.2.1/../../../../arm-none-eabi/lib/thumb/v6-m/nofp\libcr_newlib_semihost.a(_cr_check_heap.o)
                0x00002470                __check_heap_overflow
 .text          0x00002488       0x48 c:/nxp/mcuxpressoide_11.4.0_6237/ide/plugins/com.nxp.mcuxpresso.tools.win32_11.4.0.202103011116/tools/bin/../lib/gcc/arm-none-eabi/10.2.1/thumb/v6-m/nofp\crtbegin.o
 .text          0x000024d0       0x14 c:/nxp/mcuxpressoide_11.4.0_6237/ide/plugins/com.nxp.mcuxpresso.tools.win32_11.4.0.202103011116/tools/bin/../lib/gcc/arm-none-eabi/10.2.1/thumb/v6-m/nofp\libgcc.a(_thumb1_case_shi.o)
                0x000024d0                __gnu_thumb1_case_shi
 .text.__errno  0x000024e4        0xc c:/nxp/mcuxpressoide_11.4.0_6237/ide/plugins/com.nxp.mcuxpresso.tools.win32_11.4.0.202103011116/tools/bin/../lib/gcc/arm-none-eabi/10.2.1/../../../../arm-none-eabi/lib/thumb/v6-m/nofp\libc_nano.a(lib_a-errno.o)
                0x000024e4                __errno
 .text.UART_EnableTx
                0x000024f0       0x40 ./utilities/fsl_io.o
 .text.UART_EnableRx
                0x00002530       0x40 ./utilities/fsl_io.o
 .text.LPSCI_EnableTx
                0x00002570       0x40 ./utilities/fsl_io.o
 .text.LPSCI_EnableRx
                0x000025b0       0x40 ./utilities/fsl_io.o
 .text.LOG_Init
                0x000025f0       0x3a ./utilities/fsl_log.o
                0x000025f0                LOG_Init
 .text._ZN8ContadorC2Ev
                0x0000262a       0x18 ./source/MKL46Z4_Project.o
                0x0000262a                Contador::Contador()
                0x0000262a                Contador::Contador()
 .text._ZN8Contador9incrementEv
                0x00002642       0x1a ./source/MKL46Z4_Project.o
                0x00002642                Contador::increment()
 .text.main     0x0000265c       0x28 ./source/MKL46Z4_Project.o
                0x0000265c                main
 .text.CLOCK_GetPll0RefFreq
                0x00002684       0x10 ./drivers/fsl_clock.o
 .text.CLOCK_BootToFeiMode
                0x00002694       0x2e ./drivers/fsl_clock.o
                0x00002694                CLOCK_BootToFeiMode
 .text.BOARD_InitBootClocks
                0x000026c2        0xe ./board/clock_config.o
                0x000026c2                BOARD_InitBootClocks
 .text.BOARD_InitPeripherals
                0x000026d0        0xa ./board/peripherals.o
                0x000026d0                BOARD_InitPeripherals
 .text.BOARD_InitBootPeripherals
                0x000026da        0xe ./board/peripherals.o
                0x000026da                BOARD_InitBootPeripherals
 .text.BOARD_InitBootPins
                0x000026e8       0x12 ./board/pin_mux.o
                0x000026e8                BOARD_InitBootPins
 .text.BOARD_InitPins
                0x000026fa        0xa ./board/pin_mux.o
                0x000026fa                BOARD_InitPins
 .text.SystemInitHook
                0x00002704        0xa ./CMSIS/system_MKL46Z4.o
                0x00002704                SystemInitHook
 .text.memset   0x0000270e       0x10 c:/nxp/mcuxpressoide_11.4.0_6237/ide/plugins/com.nxp.mcuxpresso.tools.win32_11.4.0.202103011116/tools/bin/../lib/gcc/arm-none-eabi/10.2.1/../../../../arm-none-eabi/lib/thumb/v6-m/nofp\libc_nano.a(lib_a-memset.o)
                0x0000270e                memset
 .text.__sfputc_r
                0x0000271e       0x2a c:/nxp/mcuxpressoide_11.4.0_6237/ide/plugins/com.nxp.mcuxpresso.tools.win32_11.4.0.202103011116/tools/bin/../lib/gcc/arm-none-eabi/10.2.1/../../../../arm-none-eabi/lib/thumb/v6-m/nofp\libc_nano.a(lib_a-nano-vfprintf.o)
 .text.__sfputs_r
                0x00002748       0x24 c:/nxp/mcuxpressoide_11.4.0_6237/ide/plugins/com.nxp.mcuxpresso.tools.win32_11.4.0.202103011116/tools/bin/../lib/gcc/arm-none-eabi/10.2.1/../../../../arm-none-eabi/lib/thumb/v6-m/nofp\libc_nano.a(lib_a-nano-vfprintf.o)
                0x00002748                __sfputs_r
 .text._printf_common
                0x0000276c       0xde c:/nxp/mcuxpressoide_11.4.0_6237/ide/plugins/com.nxp.mcuxpresso.tools.win32_11.4.0.202103011116/tools/bin/../lib/gcc/arm-none-eabi/10.2.1/../../../../arm-none-eabi/lib/thumb/v6-m/nofp\libc_nano.a(lib_a-nano-vfprintf_i.o)
                0x0000276c                _printf_common
 .text.abort    0x0000284a        0xe c:/nxp/mcuxpressoide_11.4.0_6237/ide/plugins/com.nxp.mcuxpresso.tools.win32_11.4.0.202103011116/tools/bin/../lib/gcc/arm-none-eabi/10.2.1/../../../../arm-none-eabi/lib/thumb/v6-m/nofp\libc_nano.a(lib_a-abort.o)
                0x0000284a                abort
 .text.__sfmoreglue
                0x00002858       0x2c c:/nxp/mcuxpressoide_11.4.0_6237/ide/plugins/com.nxp.mcuxpresso.tools.win32_11.4.0.202103011116/tools/bin/../lib/gcc/arm-none-eabi/10.2.1/../../../../arm-none-eabi/lib/thumb/v6-m/nofp\libc_nano.a(lib_a-findfp.o)
                0x00002858                __sfmoreglue
 .text._fwalk_reent
                0x00002884       0x40 c:/nxp/mcuxpressoide_11.4.0_6237/ide/plugins/com.nxp.mcuxpresso.tools.win32_11.4.0.202103011116/tools/bin/../lib/gcc/arm-none-eabi/10.2.1/../../../../arm-none-eabi/lib/thumb/v6-m/nofp\libc_nano.a(lib_a-fwalk.o)
                0x00002884                _fwalk_reent
 .text.__retarget_lock_init_recursive
                0x000028c4        0x2 c:/nxp/mcuxpressoide_11.4.0_6237/ide/plugins/com.nxp.mcuxpresso.tools.win32_11.4.0.202103011116/tools/bin/../lib/gcc/arm-none-eabi/10.2.1/../../../../arm-none-eabi/lib/thumb/v6-m/nofp\libc_nano.a(lib_a-lock.o)
                0x000028c4                __retarget_lock_init_recursive
 .text.__retarget_lock_acquire_recursive
                0x000028c6        0x2 c:/nxp/mcuxpressoide_11.4.0_6237/ide/plugins/com.nxp.mcuxpresso.tools.win32_11.4.0.202103011116/tools/bin/../lib/gcc/arm-none-eabi/10.2.1/../../../../arm-none-eabi/lib/thumb/v6-m/nofp\libc_nano.a(lib_a-lock.o)
                0x000028c6                __retarget_lock_acquire_recursive
 .text.__retarget_lock_release_recursive
                0x000028c8        0x2 c:/nxp/mcuxpressoide_11.4.0_6237/ide/plugins/com.nxp.mcuxpresso.tools.win32_11.4.0.202103011116/tools/bin/../lib/gcc/arm-none-eabi/10.2.1/../../../../arm-none-eabi/lib/thumb/v6-m/nofp\libc_nano.a(lib_a-lock.o)
                0x000028c8                __retarget_lock_release_recursive
 .text.memchr   0x000028ca       0x16 c:/nxp/mcuxpressoide_11.4.0_6237/ide/plugins/com.nxp.mcuxpresso.tools.win32_11.4.0.202103011116/tools/bin/../lib/gcc/arm-none-eabi/10.2.1/../../../../arm-none-eabi/lib/thumb/v6-m/nofp\libc_nano.a(lib_a-memchr-stub.o)
                0x000028ca                memchr
 .text._raise_r
                0x000028e0       0x54 c:/nxp/mcuxpressoide_11.4.0_6237/ide/plugins/com.nxp.mcuxpresso.tools.win32_11.4.0.202103011116/tools/bin/../lib/gcc/arm-none-eabi/10.2.1/../../../../arm-none-eabi/lib/thumb/v6-m/nofp\libc_nano.a(lib_a-signal.o)
                0x000028e0                _raise_r
 .text._getpid_r
                0x00002934        0x8 c:/nxp/mcuxpressoide_11.4.0_6237/ide/plugins/com.nxp.mcuxpresso.tools.win32_11.4.0.202103011116/tools/bin/../lib/gcc/arm-none-eabi/10.2.1/../../../../arm-none-eabi/lib/thumb/v6-m/nofp\libc_nano.a(lib_a-signalr.o)
                0x00002934                _getpid_r
 .text.__sclose
                0x0000293c        0xc c:/nxp/mcuxpressoide_11.4.0_6237/ide/plugins/com.nxp.mcuxpresso.tools.win32_11.4.0.202103011116/tools/bin/../lib/gcc/arm-none-eabi/10.2.1/../../../../arm-none-eabi/lib/thumb/v6-m/nofp\libc_nano.a(lib_a-stdio.o)
                0x0000293c                __sclose
 .text._exit    0x00002948        0xc c:/nxp/mcuxpressoide_11.4.0_6237/ide/plugins/com.nxp.mcuxpresso.tools.win32_11.4.0.202103011116/tools/bin/../lib/gcc/arm-none-eabi/10.2.1/../../../../arm-none-eabi/lib/thumb/v6-m/nofp\libcr_newlib_semihost.a(_exit.o)
                0x00002948                _exit
 .text.error    0x00002954       0x1c c:/nxp/mcuxpressoide_11.4.0_6237/ide/plugins/com.nxp.mcuxpresso.tools.win32_11.4.0.202103011116/tools/bin/../lib/gcc/arm-none-eabi/10.2.1/../../../../arm-none-eabi/lib/thumb/v6-m/nofp\libcr_newlib_semihost.a(syscalls.o)
 .text.checkerror
                0x00002970        0xc c:/nxp/mcuxpressoide_11.4.0_6237/ide/plugins/com.nxp.mcuxpresso.tools.win32_11.4.0.202103011116/tools/bin/../lib/gcc/arm-none-eabi/10.2.1/../../../../arm-none-eabi/lib/thumb/v6-m/nofp\libcr_newlib_semihost.a(syscalls.o)
 .text._swiread
                0x0000297c       0x20 c:/nxp/mcuxpressoide_11.4.0_6237/ide/plugins/com.nxp.mcuxpresso.tools.win32_11.4.0.202103011116/tools/bin/../lib/gcc/arm-none-eabi/10.2.1/../../../../arm-none-eabi/lib/thumb/v6-m/nofp\libcr_newlib_semihost.a(syscalls.o)
                0x0000297c                _swiread
 .text._read    0x0000299c       0x34 c:/nxp/mcuxpressoide_11.4.0_6237/ide/plugins/com.nxp.mcuxpresso.tools.win32_11.4.0.202103011116/tools/bin/../lib/gcc/arm-none-eabi/10.2.1/../../../../arm-none-eabi/lib/thumb/v6-m/nofp\libcr_newlib_semihost.a(syscalls.o)
                0x0000299c                _read
 .text._swilseek
                0x000029d0       0x76 c:/nxp/mcuxpressoide_11.4.0_6237/ide/plugins/com.nxp.mcuxpresso.tools.win32_11.4.0.202103011116/tools/bin/../lib/gcc/arm-none-eabi/10.2.1/../../../../arm-none-eabi/lib/thumb/v6-m/nofp\libcr_newlib_semihost.a(syscalls.o)
                0x000029d0                _swilseek
 .text._lseek   0x00002a46        0x8 c:/nxp/mcuxpressoide_11.4.0_6237/ide/plugins/com.nxp.mcuxpresso.tools.win32_11.4.0.202103011116/tools/bin/../lib/gcc/arm-none-eabi/10.2.1/../../../../arm-none-eabi/lib/thumb/v6-m/nofp\libcr_newlib_semihost.a(syscalls.o)
                0x00002a46                _lseek
 .text._swiwrite
                0x00002a4e       0x20 c:/nxp/mcuxpressoide_11.4.0_6237/ide/plugins/com.nxp.mcuxpresso.tools.win32_11.4.0.202103011116/tools/bin/../lib/gcc/arm-none-eabi/10.2.1/../../../../arm-none-eabi/lib/thumb/v6-m/nofp\libcr_newlib_semihost.a(syscalls.o)
                0x00002a4e                _swiwrite
 .text._write   0x00002a6e       0x3e c:/nxp/mcuxpressoide_11.4.0_6237/ide/plugins/com.nxp.mcuxpresso.tools.win32_11.4.0.202103011116/tools/bin/../lib/gcc/arm-none-eabi/10.2.1/../../../../arm-none-eabi/lib/thumb/v6-m/nofp\libcr_newlib_semihost.a(syscalls.o)
                0x00002a6e                _write
 .text._swiclose
                0x00002aac       0x18 c:/nxp/mcuxpressoide_11.4.0_6237/ide/plugins/com.nxp.mcuxpresso.tools.win32_11.4.0.202103011116/tools/bin/../lib/gcc/arm-none-eabi/10.2.1/../../../../arm-none-eabi/lib/thumb/v6-m/nofp\libcr_newlib_semihost.a(syscalls.o)
                0x00002aac                _swiclose
 .text._getpid  0x00002ac4        0x4 c:/nxp/mcuxpressoide_11.4.0_6237/ide/plugins/com.nxp.mcuxpresso.tools.win32_11.4.0.202103011116/tools/bin/../lib/gcc/arm-none-eabi/10.2.1/../../../../arm-none-eabi/lib/thumb/v6-m/nofp\libcr_newlib_semihost.a(syscalls.o)
                0x00002ac4                _getpid
 .text._swistat
                0x00002ac8       0x44 c:/nxp/mcuxpressoide_11.4.0_6237/ide/plugins/com.nxp.mcuxpresso.tools.win32_11.4.0.202103011116/tools/bin/../lib/gcc/arm-none-eabi/10.2.1/../../../../arm-none-eabi/lib/thumb/v6-m/nofp\libcr_newlib_semihost.a(syscalls.o)
                0x00002ac8                _swistat
 .text._fstat   0x00002b0c       0x1a c:/nxp/mcuxpressoide_11.4.0_6237/ide/plugins/com.nxp.mcuxpresso.tools.win32_11.4.0.202103011116/tools/bin/../lib/gcc/arm-none-eabi/10.2.1/../../../../arm-none-eabi/lib/thumb/v6-m/nofp\libcr_newlib_semihost.a(syscalls.o)
                0x00002b0c                _fstat
 .text._isatty  0x00002b26       0x28 c:/nxp/mcuxpressoide_11.4.0_6237/ide/plugins/com.nxp.mcuxpresso.tools.win32_11.4.0.202103011116/tools/bin/../lib/gcc/arm-none-eabi/10.2.1/../../../../arm-none-eabi/lib/thumb/v6-m/nofp\libcr_newlib_semihost.a(syscalls.o)
                0x00002b26                _isatty
 *(SORT_BY_ALIGNMENT(.rodata) SORT_BY_ALIGNMENT(.rodata.*) SORT_BY_ALIGNMENT(.constdata) SORT_BY_ALIGNMENT(.constdata.*))
 *fill*         0x00002b4e        0x2 ff
 .rodata.DbgConsole_Init.str1.4
                0x00002b50       0x41 ./utilities/fsl_debug_console.o
 *fill*         0x00002b91        0x3 ff
 .rodata.__func__.0
                0x00002b94       0x10 ./utilities/fsl_debug_console.o
 .rodata.IO_Init.str1.4
                0x00002ba4       0x16 ./utilities/fsl_io.o
 *fill*         0x00002bba        0x2 ff
 .rodata.__func__.0
                0x00002bbc        0x8 ./utilities/fsl_io.o
 .rodata.CLOCK_GetMcgExtClkFreq.str1.4
                0x00002bc4       0x19 ./drivers/fsl_clock.o
 *fill*         0x00002bdd        0x3 ff
 .rodata.CLOCK_GetPll0Freq.str1.4
                0x00002be0        0xb ./drivers/fsl_clock.o
 *fill*         0x00002beb        0x1 ff
 .rodata.__func__.8
                0x00002bec       0x17 ./drivers/fsl_clock.o
 *fill*         0x00002c03        0x1 ff
 .rodata.fllFactorTable.5
                0x00002c04       0x10 ./drivers/fsl_clock.o
 .rodata.__func__.4
                0x00002c14       0x12 ./drivers/fsl_clock.o
 *fill*         0x00002c26        0x2 ff
 .rodata.LPSCI_GetInstance.str1.4
                0x00002c28       0x31 ./drivers/fsl_lpsci.o
 *fill*         0x00002c59        0x3 ff
 .rodata.LPSCI_Init.str1.4
                0x00002c5c       0x1d ./drivers/fsl_lpsci.o
 *fill*         0x00002c79        0x3 ff
 .rodata.__func__.19
                0x00002c7c       0x12 ./drivers/fsl_lpsci.o
 *fill*         0x00002c8e        0x2 ff
 .rodata.__func__.14
                0x00002c90        0xb ./drivers/fsl_lpsci.o
 *fill*         0x00002c9b        0x1 ff
 .rodata.__func__.13
                0x00002c9c       0x17 ./drivers/fsl_lpsci.o
 *fill*         0x00002cb3        0x1 ff
 .rodata.s_uartBases
                0x00002cb4        0xc ./drivers/fsl_uart.o
 .rodata.s_uartClock
                0x00002cc0        0xc ./drivers/fsl_uart.o
 .rodata.UART_GetInstance.str1.4
                0x00002ccc       0x28 ./drivers/fsl_uart.o
 .rodata.UART_Init.str1.4
                0x00002cf4       0x1d ./drivers/fsl_uart.o
 .rodata.__func__.18
                0x00002cf4       0x11 ./drivers/fsl_uart.o
 *fill*         0x00002d05        0x3 ff
 .rodata.__func__.15
                0x00002d08        0xa ./drivers/fsl_uart.o
 *fill*         0x00002d12        0x2 ff
 .rodata.__func__.14
                0x00002d14       0x16 ./drivers/fsl_uart.o
 *fill*         0x00002d2a        0x2 ff
 .rodata.simConfig_BOARD_BootClockRUN
                0x00002d2c        0x8 ./board/clock_config.o
                0x00002d2c                simConfig_BOARD_BootClockRUN
 .rodata.PORT_SetPinConfig.str1.4
                0x00002d34       0x51 ./board/pin_mux.o
                                 0x59 (size before relaxing)
 *fill*         0x00002d85        0x3 ff
 .rodata.__func__.0
                0x00002d88       0x12 ./board/pin_mux.o
 *fill*         0x00002d9a        0x2 ff
 .rodata._global_impure_ptr
                0x00002d9c        0x4 c:/nxp/mcuxpressoide_11.4.0_6237/ide/plugins/com.nxp.mcuxpresso.tools.win32_11.4.0.202103011116/tools/bin/../lib/gcc/arm-none-eabi/10.2.1/../../../../arm-none-eabi/lib/thumb/v6-m/nofp\libc_nano.a(lib_a-impure.o)
                0x00002d9c                _global_impure_ptr
 .rodata.__sf_fake_stderr
                0x00002da0       0x20 c:/nxp/mcuxpressoide_11.4.0_6237/ide/plugins/com.nxp.mcuxpresso.tools.win32_11.4.0.202103011116/tools/bin/../lib/gcc/arm-none-eabi/10.2.1/../../../../arm-none-eabi/lib/thumb/v6-m/nofp\libc_nano.a(lib_a-findfp.o)
                0x00002da0                __sf_fake_stderr
 .rodata.__sf_fake_stdin
                0x00002dc0       0x20 c:/nxp/mcuxpressoide_11.4.0_6237/ide/plugins/com.nxp.mcuxpresso.tools.win32_11.4.0.202103011116/tools/bin/../lib/gcc/arm-none-eabi/10.2.1/../../../../arm-none-eabi/lib/thumb/v6-m/nofp\libc_nano.a(lib_a-findfp.o)
                0x00002dc0                __sf_fake_stdin
 .rodata.__sf_fake_stdout
                0x00002de0       0x20 c:/nxp/mcuxpressoide_11.4.0_6237/ide/plugins/com.nxp.mcuxpresso.tools.win32_11.4.0.202103011116/tools/bin/../lib/gcc/arm-none-eabi/10.2.1/../../../../arm-none-eabi/lib/thumb/v6-m/nofp\libc_nano.a(lib_a-findfp.o)
                0x00002de0                __sf_fake_stdout
 .rodata.__assert_func.str1.1
                0x00002e00       0x3c c:/nxp/mcuxpressoide_11.4.0_6237/ide/plugins/com.nxp.mcuxpresso.tools.win32_11.4.0.202103011116/tools/bin/../lib/gcc/arm-none-eabi/10.2.1/../../../../arm-none-eabi/lib/thumb/v6-m/nofp\libc_nano.a(lib_a-assert.o)
                                 0x3d (size before relaxing)
 .rodata._vfprintf_r.str1.1
                0x00002e3c       0x11 c:/nxp/mcuxpressoide_11.4.0_6237/ide/plugins/com.nxp.mcuxpresso.tools.win32_11.4.0.202103011116/tools/bin/../lib/gcc/arm-none-eabi/10.2.1/../../../../arm-none-eabi/lib/thumb/v6-m/nofp\libc_nano.a(lib_a-nano-vfprintf.o)
 .rodata._printf_i.str1.1
                0x00002e4d       0x22 c:/nxp/mcuxpressoide_11.4.0_6237/ide/plugins/com.nxp.mcuxpresso.tools.win32_11.4.0.202103011116/tools/bin/../lib/gcc/arm-none-eabi/10.2.1/../../../../arm-none-eabi/lib/thumb/v6-m/nofp\libc_nano.a(lib_a-nano-vfprintf_i.o)
 .rodata.initialise_monitor_handles.part.0.str1.1
                0x00002e6f        0x4 c:/nxp/mcuxpressoide_11.4.0_6237/ide/plugins/com.nxp.mcuxpresso.tools.win32_11.4.0.202103011116/tools/bin/../lib/gcc/arm-none-eabi/10.2.1/../../../../arm-none-eabi/lib/thumb/v6-m/nofp\libcr_newlib_semihost.a(syscalls.o)
                0x00002e74                . = ALIGN (0x4)
 *fill*         0x00002e73        0x1 ff
                0x00002e74                . = ALIGN (0x4)
 *(.init)
 .init          0x00002e74        0x4 c:/nxp/mcuxpressoide_11.4.0_6237/ide/plugins/com.nxp.mcuxpresso.tools.win32_11.4.0.202103011116/tools/bin/../lib/gcc/arm-none-eabi/10.2.1/thumb/v6-m/nofp\crti.o
                0x00002e74                _init
 .init          0x00002e78        0x8 c:/nxp/mcuxpressoide_11.4.0_6237/ide/plugins/com.nxp.mcuxpresso.tools.win32_11.4.0.202103011116/tools/bin/../lib/gcc/arm-none-eabi/10.2.1/thumb/v6-m/nofp\crtn.o
                0x00002e80                . = ALIGN (0x4)
                0x00002e80                __preinit_array_start = .
 *(SORT_BY_ALIGNMENT(.preinit_array))
                0x00002e80                __preinit_array_end = .
                0x00002e80                . = ALIGN (0x4)
                0x00002e80                __init_array_start = .
 *(SORT_BY_NAME(SORT_BY_ALIGNMENT(.init_array.*)))
 *(SORT_BY_ALIGNMENT(.init_array))
 .init_array    0x00002e80        0x4 c:/nxp/mcuxpressoide_11.4.0_6237/ide/plugins/com.nxp.mcuxpresso.tools.win32_11.4.0.202103011116/tools/bin/../lib/gcc/arm-none-eabi/10.2.1/thumb/v6-m/nofp\crtbegin.o
                0x00002e84                __init_array_end = .
 *(.fini)
 .fini          0x00002e84        0x4 c:/nxp/mcuxpressoide_11.4.0_6237/ide/plugins/com.nxp.mcuxpresso.tools.win32_11.4.0.202103011116/tools/bin/../lib/gcc/arm-none-eabi/10.2.1/thumb/v6-m/nofp\crti.o
                0x00002e84                _fini
 .fini          0x00002e88        0x8 c:/nxp/mcuxpressoide_11.4.0_6237/ide/plugins/com.nxp.mcuxpresso.tools.win32_11.4.0.202103011116/tools/bin/../lib/gcc/arm-none-eabi/10.2.1/thumb/v6-m/nofp\crtn.o
                0x00002e90                . = ALIGN (0x4)
 *crtbegin.o(SORT_BY_ALIGNMENT(.ctors))
 *(SORT_BY_ALIGNMENT(EXCLUDE_FILE(*crtend.o) .ctors))
 *(SORT_BY_NAME(SORT_BY_ALIGNMENT(.ctors.*)))
 *crtend.o(SORT_BY_ALIGNMENT(.ctors))
                0x00002e90                . = ALIGN (0x4)
 *crtbegin.o(SORT_BY_ALIGNMENT(.dtors))
 *(SORT_BY_ALIGNMENT(EXCLUDE_FILE(*crtend.o) .dtors))
 *(SORT_BY_NAME(SORT_BY_ALIGNMENT(.dtors.*)))
 *crtend.o(SORT_BY_ALIGNMENT(.dtors))
                0x00002e90                . = ALIGN (0x4)

.glue_7         0x00002e90        0x0
 .glue_7        0x00002e90        0x0 linker stubs

.glue_7t        0x00002e90        0x0
 .glue_7t       0x00002e90        0x0 linker stubs

.vfp11_veneer   0x00002e90        0x0
 .vfp11_veneer  0x00002e90        0x0 linker stubs

.v4_bx          0x00002e90        0x0
 .v4_bx         0x00002e90        0x0 linker stubs

.iplt           0x00002e90        0x0
 .iplt          0x00002e90        0x0 ./utilities/fsl_debug_console.o

.rel.dyn        0x00002e90        0x0
 .rel.iplt      0x00002e90        0x0 ./utilities/fsl_debug_console.o

.eh_frame       0x00002e90        0x0
 .eh_frame      0x00002e90        0x0 c:/nxp/mcuxpressoide_11.4.0_6237/ide/plugins/com.nxp.mcuxpresso.tools.win32_11.4.0.202103011116/tools/bin/../lib/gcc/arm-none-eabi/10.2.1/thumb/v6-m/nofp\crtbegin.o

.ARM.extab
 *(SORT_BY_ALIGNMENT(.ARM.extab*) SORT_BY_ALIGNMENT(.gnu.linkonce.armextab.*))

.ARM.exidx      0x00002e90        0x0
                0x00002e90                __exidx_start = .
 *(SORT_BY_ALIGNMENT(.ARM.exidx*) SORT_BY_ALIGNMENT(.gnu.linkonce.armexidx.*))
                0x00002e90                __exidx_end = .
                0x00002e90                _etext = .

.m_usb_data
 *(SORT_BY_ALIGNMENT(m_usb_bdt))

.mtb_buffer_default
                0x1fffe000       0x80
 *(SORT_BY_ALIGNMENT(.mtb*))
 .mtb.$RAM1     0x1fffe000       0x80 ./source/mtb.o
                0x1fffe000                __mtb_buffer__

.uninit_RESERVED
                0x1fffe080        0x0
                0x1fffe080                _start_uninit_RESERVED = .
 *(SORT_BY_ALIGNMENT(.bss.$RESERVED*))
                0x1fffe080                . = ALIGN (0x4)
                0x1fffe080                _end_uninit_RESERVED = .

.data           0x1fffe080       0x6c load address 0x00002e90
 FILL mask 0xff
                0x1fffe080                _data = .
                [!provide]                PROVIDE (__start_data_RAM = .)
                [!provide]                PROVIDE (__start_data_SRAM = .)
 *(SORT_BY_ALIGNMENT(vtable))
 *(SORT_BY_ALIGNMENT(.ramfunc*))
 *(SORT_BY_ALIGNMENT(CodeQuickAccess))
 *(SORT_BY_ALIGNMENT(DataQuickAccess))
 *(SORT_BY_ALIGNMENT(RamFunction))
 *(SORT_BY_ALIGNMENT(.data*))
 .data.s_slowIrcFreq
                0x1fffe080        0x4 ./drivers/fsl_clock.o
 .data.SystemCoreClock
                0x1fffe084        0x4 ./CMSIS/system_MKL46Z4.o
                0x1fffe084                SystemCoreClock
 .data._impure_ptr
                0x1fffe088        0x4 c:/nxp/mcuxpressoide_11.4.0_6237/ide/plugins/com.nxp.mcuxpresso.tools.win32_11.4.0.202103011116/tools/bin/../lib/gcc/arm-none-eabi/10.2.1/../../../../arm-none-eabi/lib/thumb/v6-m/nofp\libc_nano.a(lib_a-impure.o)
                0x1fffe088                _impure_ptr
 .data.impure_data
                0x1fffe08c       0x60 c:/nxp/mcuxpressoide_11.4.0_6237/ide/plugins/com.nxp.mcuxpresso.tools.win32_11.4.0.202103011116/tools/bin/../lib/gcc/arm-none-eabi/10.2.1/../../../../arm-none-eabi/lib/thumb/v6-m/nofp\libc_nano.a(lib_a-impure.o)
                0x1fffe0ec                . = ALIGN (0x4)
                0x1fffe0ec                _edata = .
                [!provide]                PROVIDE (__end_data_RAM = .)
                [!provide]                PROVIDE (__end_data_SRAM = .)

.igot.plt       0x1fffe0ec        0x0 load address 0x00002efc
 .igot.plt      0x1fffe0ec        0x0 ./utilities/fsl_debug_console.o

.bss            0x1fffe0ec       0x9c
                0x1fffe0ec                _bss = .
                [!provide]                PROVIDE (__start_bss_RAM = .)
                [!provide]                PROVIDE (__start_bss_SRAM = .)
 *(SORT_BY_ALIGNMENT(.bss*))
 .bss.s_debugConsoleIO
                0x1fffe0ec        0x8 ./utilities/fsl_io.o
 .bss.g_xtal0Freq
                0x1fffe0f4        0x4 ./drivers/fsl_clock.o
                0x1fffe0f4                g_xtal0Freq
 .bss.s_i2cHandle
                0x1fffe0f8        0x8 ./drivers/fsl_i2c.o
 .bss.s_i2cMasterIsr
                0x1fffe100        0x4 ./drivers/fsl_i2c.o
 .bss.s_i2cSlaveIsr
                0x1fffe104        0x4 ./drivers/fsl_i2c.o
 .bss.s_lpsciHandle
                0x1fffe108        0x4 ./drivers/fsl_lpsci.o
 .bss.s_lpsciIsr
                0x1fffe10c        0x4 ./drivers/fsl_lpsci.o
 .bss.s_uartHandle
                0x1fffe110        0xc ./drivers/fsl_uart.o
 .bss.s_uartIsr
                0x1fffe11c        0x4 ./drivers/fsl_uart.o
 .bss.__malloc_free_list
                0x1fffe120        0x4 c:/nxp/mcuxpressoide_11.4.0_6237/ide/plugins/com.nxp.mcuxpresso.tools.win32_11.4.0.202103011116/tools/bin/../lib/gcc/arm-none-eabi/10.2.1/../../../../arm-none-eabi/lib/thumb/v6-m/nofp\libc_nano.a(lib_a-nano-mallocr.o)
                0x1fffe120                __malloc_free_list
 .bss.__malloc_sbrk_start
                0x1fffe124        0x4 c:/nxp/mcuxpressoide_11.4.0_6237/ide/plugins/com.nxp.mcuxpresso.tools.win32_11.4.0.202103011116/tools/bin/../lib/gcc/arm-none-eabi/10.2.1/../../../../arm-none-eabi/lib/thumb/v6-m/nofp\libc_nano.a(lib_a-nano-mallocr.o)
                0x1fffe124                __malloc_sbrk_start
 .bss.errno     0x1fffe128        0x4 c:/nxp/mcuxpressoide_11.4.0_6237/ide/plugins/com.nxp.mcuxpresso.tools.win32_11.4.0.202103011116/tools/bin/../lib/gcc/arm-none-eabi/10.2.1/../../../../arm-none-eabi/lib/thumb/v6-m/nofp\libc_nano.a(lib_a-reent.o)
                0x1fffe128                errno
 .bss.__end_of_heap
                0x1fffe12c        0x4 c:/nxp/mcuxpressoide_11.4.0_6237/ide/plugins/com.nxp.mcuxpresso.tools.win32_11.4.0.202103011116/tools/bin/../lib/gcc/arm-none-eabi/10.2.1/../../../../arm-none-eabi/lib/thumb/v6-m/nofp\libcr_newlib_semihost.a(_cr_sbrk.o)
                0x1fffe12c                __end_of_heap
 .bss.initialized.0
                0x1fffe130        0x4 c:/nxp/mcuxpressoide_11.4.0_6237/ide/plugins/com.nxp.mcuxpresso.tools.win32_11.4.0.202103011116/tools/bin/../lib/gcc/arm-none-eabi/10.2.1/../../../../arm-none-eabi/lib/thumb/v6-m/nofp\libcr_newlib_semihost.a(syscalls.o)
 .bss.monitor_stderr
                0x1fffe134        0x4 c:/nxp/mcuxpressoide_11.4.0_6237/ide/plugins/com.nxp.mcuxpresso.tools.win32_11.4.0.202103011116/tools/bin/../lib/gcc/arm-none-eabi/10.2.1/../../../../arm-none-eabi/lib/thumb/v6-m/nofp\libcr_newlib_semihost.a(syscalls.o)
 .bss.monitor_stdin
                0x1fffe138        0x4 c:/nxp/mcuxpressoide_11.4.0_6237/ide/plugins/com.nxp.mcuxpresso.tools.win32_11.4.0.202103011116/tools/bin/../lib/gcc/arm-none-eabi/10.2.1/../../../../arm-none-eabi/lib/thumb/v6-m/nofp\libcr_newlib_semihost.a(syscalls.o)
 .bss.monitor_stdout
                0x1fffe13c        0x4 c:/nxp/mcuxpressoide_11.4.0_6237/ide/plugins/com.nxp.mcuxpresso.tools.win32_11.4.0.202103011116/tools/bin/../lib/gcc/arm-none-eabi/10.2.1/../../../../arm-none-eabi/lib/thumb/v6-m/nofp\libcr_newlib_semihost.a(syscalls.o)
 .bss.openfiles
                0x1fffe140       0x28 c:/nxp/mcuxpressoide_11.4.0_6237/ide/plugins/com.nxp.mcuxpresso.tools.win32_11.4.0.202103011116/tools/bin/../lib/gcc/arm-none-eabi/10.2.1/../../../../arm-none-eabi/lib/thumb/v6-m/nofp\libcr_newlib_semihost.a(syscalls.o)
 .bss           0x1fffe168       0x1c c:/nxp/mcuxpressoide_11.4.0_6237/ide/plugins/com.nxp.mcuxpresso.tools.win32_11.4.0.202103011116/tools/bin/../lib/gcc/arm-none-eabi/10.2.1/thumb/v6-m/nofp\crtbegin.o
 .bss.__lock___malloc_recursive_mutex
                0x1fffe184        0x1 c:/nxp/mcuxpressoide_11.4.0_6237/ide/plugins/com.nxp.mcuxpresso.tools.win32_11.4.0.202103011116/tools/bin/../lib/gcc/arm-none-eabi/10.2.1/../../../../arm-none-eabi/lib/thumb/v6-m/nofp\libc_nano.a(lib_a-lock.o)
                0x1fffe184                __lock___malloc_recursive_mutex
 .bss.__lock___sfp_recursive_mutex
                0x1fffe185        0x1 c:/nxp/mcuxpressoide_11.4.0_6237/ide/plugins/com.nxp.mcuxpresso.tools.win32_11.4.0.202103011116/tools/bin/../lib/gcc/arm-none-eabi/10.2.1/../../../../arm-none-eabi/lib/thumb/v6-m/nofp\libc_nano.a(lib_a-lock.o)
                0x1fffe185                __lock___sfp_recursive_mutex
 .bss.__lock___sinit_recursive_mutex
                0x1fffe186        0x1 c:/nxp/mcuxpressoide_11.4.0_6237/ide/plugins/com.nxp.mcuxpresso.tools.win32_11.4.0.202103011116/tools/bin/../lib/gcc/arm-none-eabi/10.2.1/../../../../arm-none-eabi/lib/thumb/v6-m/nofp\libc_nano.a(lib_a-lock.o)
                0x1fffe186                __lock___sinit_recursive_mutex
 *(SORT_BY_ALIGNMENT(COMMON))
                0x1fffe188                . = ALIGN (0x4)
 *fill*         0x1fffe187        0x1 
                0x1fffe188                _ebss = .
                [!provide]                PROVIDE (__end_bss_RAM = .)
                [!provide]                PROVIDE (__end_bss_SRAM = .)
                [!provide]                PROVIDE (end = .)

.noinit         0x1fffe188        0x0
                0x1fffe188                _noinit = .
                [!provide]                PROVIDE (__start_noinit_RAM = .)
                [!provide]                PROVIDE (__start_noinit_SRAM = .)
 *(SORT_BY_ALIGNMENT(.noinit*))
                0x1fffe188                . = ALIGN (0x4)
                0x1fffe188                _end_noinit = .
                [!provide]                PROVIDE (__end_noinit_RAM = .)
                [!provide]                PROVIDE (__end_noinit_SRAM = .)
                0x00000800                _HeapSize = 0x800

.heap           0x1fffe188      0x800
                0x1fffe188                _pvHeapStart = .
                0x1fffe988                . = (. + _HeapSize)
 *fill*         0x1fffe188      0x800 
                0x1fffe988                . = ALIGN (0x4)
                0x1fffe988                _pvHeapLimit = .
                0x00000800                _StackSize = 0x800

.heap2stackfill
                0x1fffe988      0x800
                0x1ffff188                . = (. + _StackSize)
 *fill*         0x1fffe988      0x800 

.stack          0x20005800        0x0
                0x20005800                _vStackBase = .
                0x20005800                . = ALIGN (0x4)
                0x20006000                _vStackTop = (. + _StackSize)
                0x00000000                _image_start = LOADADDR (.text)
                0x00002efc                _image_end = (LOADADDR (.data) + SIZEOF (.data))
                0x00002efc                _image_size = (_image_end - _image_start)
OUTPUT(MKL46Z4_Project.axf elf32-littlearm)
LOAD linker stubs

.debug_info     0x00000000     0xa724
 .debug_info    0x00000000      0x36a ./utilities/fsl_debug_console.o
 .debug_info    0x0000036a      0x8fd ./utilities/fsl_io.o
 .debug_info    0x00000c67      0x374 ./utilities/fsl_log.o
 .debug_info    0x00000fdb      0x4ee ./startup/startup_mkl46z4.o
 .debug_info    0x000014c9      0x9ba ./source/MKL46Z4_Project.o
 .debug_info    0x00001e83       0x53 ./source/mtb.o
 .debug_info    0x00001ed6       0x3c ./source/semihost_hardfault.o
 .debug_info    0x00001f12     0x1b7a ./drivers/fsl_clock.o
 .debug_info    0x00003a8c     0x1ca4 ./drivers/fsl_i2c.o
 .debug_info    0x00005730     0x16e7 ./drivers/fsl_lpsci.o
 .debug_info    0x00006e17     0x1664 ./drivers/fsl_uart.o
 .debug_info    0x0000847b      0x3a2 ./board/board.o
 .debug_info    0x0000881d      0x97f ./board/clock_config.o
 .debug_info    0x0000919c      0x6db ./board/peripherals.o
 .debug_info    0x00009877      0xa9f ./board/pin_mux.o
 .debug_info    0x0000a316      0x40e ./CMSIS/system_MKL46Z4.o

.debug_abbrev   0x00000000     0x1e6a
 .debug_abbrev  0x00000000      0x149 ./utilities/fsl_debug_console.o
 .debug_abbrev  0x00000149      0x1f3 ./utilities/fsl_io.o
 .debug_abbrev  0x0000033c      0x182 ./utilities/fsl_log.o
 .debug_abbrev  0x000004be      0x18e ./startup/startup_mkl46z4.o
 .debug_abbrev  0x0000064c      0x277 ./source/MKL46Z4_Project.o
 .debug_abbrev  0x000008c3       0x46 ./source/mtb.o
 .debug_abbrev  0x00000909       0x31 ./source/semihost_hardfault.o
 .debug_abbrev  0x0000093a      0x33e ./drivers/fsl_clock.o
 .debug_abbrev  0x00000c78      0x383 ./drivers/fsl_i2c.o
 .debug_abbrev  0x00000ffb      0x300 ./drivers/fsl_lpsci.o
 .debug_abbrev  0x000012fb      0x300 ./drivers/fsl_uart.o
 .debug_abbrev  0x000015fb      0x11b ./board/board.o
 .debug_abbrev  0x00001716      0x201 ./board/clock_config.o
 .debug_abbrev  0x00001917      0x163 ./board/peripherals.o
 .debug_abbrev  0x00001a7a      0x2a8 ./board/pin_mux.o
 .debug_abbrev  0x00001d22      0x148 ./CMSIS/system_MKL46Z4.o

.debug_aranges  0x00000000      0xa30
 .debug_aranges
                0x00000000       0x58 ./utilities/fsl_debug_console.o
 .debug_aranges
                0x00000058       0x58 ./utilities/fsl_io.o
 .debug_aranges
                0x000000b0       0x58 ./utilities/fsl_log.o
 .debug_aranges
                0x00000108      0x160 ./startup/startup_mkl46z4.o
 .debug_aranges
                0x00000268       0x30 ./source/MKL46Z4_Project.o
 .debug_aranges
                0x00000298       0x18 ./source/mtb.o
 .debug_aranges
                0x000002b0       0x20 ./source/semihost_hardfault.o
 .debug_aranges
                0x000002d0      0x1d8 ./drivers/fsl_clock.o
 .debug_aranges
                0x000004a8      0x178 ./drivers/fsl_i2c.o
 .debug_aranges
                0x00000620      0x118 ./drivers/fsl_lpsci.o
 .debug_aranges
                0x00000738      0x130 ./drivers/fsl_uart.o
 .debug_aranges
                0x00000868       0x28 ./board/board.o
 .debug_aranges
                0x00000890       0x50 ./board/clock_config.o
 .debug_aranges
                0x000008e0       0x98 ./board/peripherals.o
 .debug_aranges
                0x00000978       0x88 ./board/pin_mux.o
 .debug_aranges
                0x00000a00       0x30 ./CMSIS/system_MKL46Z4.o

.debug_ranges   0x00000000      0x928
 .debug_ranges  0x00000000       0x48 ./utilities/fsl_debug_console.o
 .debug_ranges  0x00000048       0x48 ./utilities/fsl_io.o
 .debug_ranges  0x00000090       0x48 ./utilities/fsl_log.o
 .debug_ranges  0x000000d8      0x150 ./startup/startup_mkl46z4.o
 .debug_ranges  0x00000228       0x20 ./source/MKL46Z4_Project.o
 .debug_ranges  0x00000248       0x10 ./source/semihost_hardfault.o
 .debug_ranges  0x00000258      0x1c8 ./drivers/fsl_clock.o
 .debug_ranges  0x00000420      0x168 ./drivers/fsl_i2c.o
 .debug_ranges  0x00000588      0x108 ./drivers/fsl_lpsci.o
 .debug_ranges  0x00000690      0x120 ./drivers/fsl_uart.o
 .debug_ranges  0x000007b0       0x18 ./board/board.o
 .debug_ranges  0x000007c8       0x40 ./board/clock_config.o
 .debug_ranges  0x00000808       0x88 ./board/peripherals.o
 .debug_ranges  0x00000890       0x78 ./board/pin_mux.o
 .debug_ranges  0x00000908       0x20 ./CMSIS/system_MKL46Z4.o

.debug_macro    0x00000000     0xf952
 .debug_macro   0x00000000      0x20b ./utilities/fsl_debug_console.o
 .debug_macro   0x0000020b      0xa78 ./utilities/fsl_debug_console.o
 .debug_macro   0x00000c83       0x58 ./utilities/fsl_debug_console.o
 .debug_macro   0x00000cdb       0x18 ./utilities/fsl_debug_console.o
 .debug_macro   0x00000cf3       0x22 ./utilities/fsl_debug_console.o
 .debug_macro   0x00000d15       0x4c ./utilities/fsl_debug_console.o
 .debug_macro   0x00000d61       0x94 ./utilities/fsl_debug_console.o
 .debug_macro   0x00000df5       0x3c ./utilities/fsl_debug_console.o
 .debug_macro   0x00000e31       0x34 ./utilities/fsl_debug_console.o
 .debug_macro   0x00000e65       0x16 ./utilities/fsl_debug_console.o
 .debug_macro   0x00000e7b      0x10e ./utilities/fsl_debug_console.o
 .debug_macro   0x00000f89       0x8d ./utilities/fsl_debug_console.o
 .debug_macro   0x00001016       0x16 ./utilities/fsl_debug_console.o
 .debug_macro   0x0000102c       0x43 ./utilities/fsl_debug_console.o
 .debug_macro   0x0000106f       0x57 ./utilities/fsl_debug_console.o
 .debug_macro   0x000010c6       0x34 ./utilities/fsl_debug_console.o
 .debug_macro   0x000010fa       0x10 ./utilities/fsl_debug_console.o
 .debug_macro   0x0000110a       0x58 ./utilities/fsl_debug_console.o
 .debug_macro   0x00001162       0x71 ./utilities/fsl_debug_console.o
 .debug_macro   0x000011d3       0x1c ./utilities/fsl_debug_console.o
 .debug_macro   0x000011ef      0x12a ./utilities/fsl_debug_console.o
 .debug_macro   0x00001319      0x333 ./utilities/fsl_debug_console.o
 .debug_macro   0x0000164c       0x16 ./utilities/fsl_debug_console.o
 .debug_macro   0x00001662       0x29 ./utilities/fsl_debug_console.o
 .debug_macro   0x0000168b       0x16 ./utilities/fsl_debug_console.o
 .debug_macro   0x000016a1       0x22 ./utilities/fsl_debug_console.o
 .debug_macro   0x000016c3      0x34e ./utilities/fsl_debug_console.o
 .debug_macro   0x00001a11       0x16 ./utilities/fsl_debug_console.o
 .debug_macro   0x00001a27       0x35 ./utilities/fsl_debug_console.o
 .debug_macro   0x00001a5c       0x10 ./utilities/fsl_debug_console.o
 .debug_macro   0x00001a6c       0x3f ./utilities/fsl_debug_console.o
 .debug_macro   0x00001aab       0x1c ./utilities/fsl_debug_console.o
 .debug_macro   0x00001ac7       0x22 ./utilities/fsl_debug_console.o
 .debug_macro   0x00001ae9       0xaf ./utilities/fsl_debug_console.o
 .debug_macro   0x00001b98      0x37c ./utilities/fsl_debug_console.o
 .debug_macro   0x00001f14       0x38 ./utilities/fsl_debug_console.o
 .debug_macro   0x00001f4c     0x87f8 ./utilities/fsl_debug_console.o
 .debug_macro   0x0000a744     0x121a ./utilities/fsl_debug_console.o
 .debug_macro   0x0000b95e       0x52 ./utilities/fsl_debug_console.o
 .debug_macro   0x0000b9b0      0x10a ./utilities/fsl_debug_console.o
 .debug_macro   0x0000baba       0x74 ./utilities/fsl_debug_console.o
 .debug_macro   0x0000bb2e       0x1c ./utilities/fsl_debug_console.o
 .debug_macro   0x0000bb4a       0x57 ./utilities/fsl_debug_console.o
 .debug_macro   0x0000bba1      0x20d ./utilities/fsl_io.o
 .debug_macro   0x0000bdae      0x174 ./utilities/fsl_io.o
 .debug_macro   0x0000bf22       0x10 ./utilities/fsl_io.o
 .debug_macro   0x0000bf32       0x10 ./utilities/fsl_io.o
 .debug_macro   0x0000bf42       0x10 ./utilities/fsl_io.o
 .debug_macro   0x0000bf52      0x231 ./utilities/fsl_log.o
 .debug_macro   0x0000c183       0x2a ./startup/startup_mkl46z4.o
 .debug_macro   0x0000c1ad      0xb56 ./startup/startup_mkl46z4.o
 .debug_macro   0x0000cd03      0x2db ./source/MKL46Z4_Project.o
 .debug_macro   0x0000cfde       0x5c ./source/MKL46Z4_Project.o
 .debug_macro   0x0000d03a       0x34 ./source/MKL46Z4_Project.o
 .debug_macro   0x0000d06e       0x16 ./source/MKL46Z4_Project.o
 .debug_macro   0x0000d084       0x97 ./source/MKL46Z4_Project.o
 .debug_macro   0x0000d11b      0x356 ./source/MKL46Z4_Project.o
 .debug_macro   0x0000d471      0x104 ./source/MKL46Z4_Project.o
 .debug_macro   0x0000d575       0x10 ./source/MKL46Z4_Project.o
 .debug_macro   0x0000d585       0x43 ./source/MKL46Z4_Project.o
 .debug_macro   0x0000d5c8       0x16 ./source/MKL46Z4_Project.o
 .debug_macro   0x0000d5de       0x10 ./source/MKL46Z4_Project.o
 .debug_macro   0x0000d5ee       0x6a ./source/MKL46Z4_Project.o
 .debug_macro   0x0000d658       0xb2 ./source/MKL46Z4_Project.o
 .debug_macro   0x0000d70a       0x16 ./source/MKL46Z4_Project.o
 .debug_macro   0x0000d720      0x114 ./source/MKL46Z4_Project.o
 .debug_macro   0x0000d834       0x10 ./source/MKL46Z4_Project.o
 .debug_macro   0x0000d844       0x16 ./source/MKL46Z4_Project.o
 .debug_macro   0x0000d85a       0x35 ./source/MKL46Z4_Project.o
 .debug_macro   0x0000d88f      0x18a ./source/MKL46Z4_Project.o
 .debug_macro   0x0000da19       0x10 ./source/MKL46Z4_Project.o
 .debug_macro   0x0000da29      0x448 ./source/MKL46Z4_Project.o
 .debug_macro   0x0000de71       0x10 ./source/MKL46Z4_Project.o
 .debug_macro   0x0000de81       0x22 ./source/MKL46Z4_Project.o
 .debug_macro   0x0000dea3       0x1c ./source/MKL46Z4_Project.o
 .debug_macro   0x0000debf       0xde ./source/MKL46Z4_Project.o
 .debug_macro   0x0000df9d      0x37c ./source/MKL46Z4_Project.o
 .debug_macro   0x0000e319       0x10 ./source/MKL46Z4_Project.o
 .debug_macro   0x0000e329       0x10 ./source/MKL46Z4_Project.o
 .debug_macro   0x0000e339      0x15b ./source/MKL46Z4_Project.o
 .debug_macro   0x0000e494       0x16 ./source/MKL46Z4_Project.o
 .debug_macro   0x0000e4aa       0x1c ./source/MKL46Z4_Project.o
 .debug_macro   0x0000e4c6       0x58 ./source/MKL46Z4_Project.o
 .debug_macro   0x0000e51e      0x1d2 ./source/MKL46Z4_Project.o
 .debug_macro   0x0000e6f0       0x22 ./source/MKL46Z4_Project.o
 .debug_macro   0x0000e712       0x2f ./source/mtb.o
 .debug_macro   0x0000e741       0x82 ./source/mtb.o
 .debug_macro   0x0000e7c3       0x10 ./source/mtb.o
 .debug_macro   0x0000e7d3       0x11 ./source/semihost_hardfault.o
 .debug_macro   0x0000e7e4      0x2a2 ./drivers/fsl_clock.o
 .debug_macro   0x0000ea86      0x1f1 ./drivers/fsl_i2c.o
 .debug_macro   0x0000ec77       0x16 ./drivers/fsl_i2c.o
 .debug_macro   0x0000ec8d      0x1f2 ./drivers/fsl_lpsci.o
 .debug_macro   0x0000ee7f      0x1f8 ./drivers/fsl_uart.o
 .debug_macro   0x0000f077      0x20f ./board/board.o
 .debug_macro   0x0000f286       0x16 ./board/board.o
 .debug_macro   0x0000f29c      0x229 ./board/clock_config.o
 .debug_macro   0x0000f4c5      0x213 ./board/peripherals.o
 .debug_macro   0x0000f6d8      0x1fb ./board/pin_mux.o
 .debug_macro   0x0000f8d3       0x7f ./CMSIS/system_MKL46Z4.o

.debug_line     0x00000000     0x8b78
 .debug_line    0x00000000      0x6ec ./utilities/fsl_debug_console.o
 .debug_line    0x000006ec      0x790 ./utilities/fsl_io.o
 .debug_line    0x00000e7c      0x6f3 ./utilities/fsl_log.o
 .debug_line    0x0000156f      0x1f1 ./startup/startup_mkl46z4.o
 .debug_line    0x00001760      0x907 ./source/MKL46Z4_Project.o
 .debug_line    0x00002067       0xd6 ./source/mtb.o
 .debug_line    0x0000213d       0x59 ./source/semihost_hardfault.o
 .debug_line    0x00002196     0x155e ./drivers/fsl_clock.o
 .debug_line    0x000036f4     0x160a ./drivers/fsl_i2c.o
 .debug_line    0x00004cfe     0x101f ./drivers/fsl_lpsci.o
 .debug_line    0x00005d1d     0x1029 ./drivers/fsl_uart.o
 .debug_line    0x00006d46      0x61b ./board/board.o
 .debug_line    0x00007361      0x642 ./board/clock_config.o
 .debug_line    0x000079a3      0x6f7 ./board/peripherals.o
 .debug_line    0x0000809a      0x818 ./board/pin_mux.o
 .debug_line    0x000088b2      0x2c6 ./CMSIS/system_MKL46Z4.o

.debug_str      0x00000000    0x560cb
 .debug_str     0x00000000    0x4cc35 ./utilities/fsl_debug_console.o
                              0x4d042 (size before relaxing)
 .debug_str     0x0004cc35      0xb98 ./utilities/fsl_io.o
                              0x4d926 (size before relaxing)
 .debug_str     0x0004d7cd      0x1d8 ./utilities/fsl_log.o
                              0x4cf8d (size before relaxing)
 .debug_str     0x0004d9a5      0x9fe ./startup/startup_mkl46z4.o
                               0x34e0 (size before relaxing)
 .debug_str     0x0004e3a3     0x35b7 ./source/MKL46Z4_Project.o
                              0x503e7 (size before relaxing)
 .debug_str     0x0005195a      0x532 ./source/mtb.o
                               0x31bf (size before relaxing)
 .debug_str     0x00051e8c       0x1f ./source/semihost_hardfault.o
                               0x2cac (size before relaxing)
 .debug_str     0x00051eab     0x18f9 ./drivers/fsl_clock.o
                              0x4ea5c (size before relaxing)
 .debug_str     0x000537a4      0xe24 ./drivers/fsl_i2c.o
                              0x4e202 (size before relaxing)
 .debug_str     0x000545c8      0x84e ./drivers/fsl_lpsci.o
                              0x4e085 (size before relaxing)
 .debug_str     0x00054e16      0x777 ./drivers/fsl_uart.o
                              0x4e0a2 (size before relaxing)
 .debug_str     0x0005558d       0x4c ./board/board.o
                              0x4d60a (size before relaxing)
 .debug_str     0x000555d9      0x387 ./board/clock_config.o
                              0x4d81d (size before relaxing)
 .debug_str     0x00055960      0x198 ./board/peripherals.o
                              0x4d7dd (size before relaxing)
 .debug_str     0x00055af8      0x575 ./board/pin_mux.o
                              0x4da1f (size before relaxing)
 .debug_str     0x0005606d       0x5e ./CMSIS/system_MKL46Z4.o
                              0x48ae9 (size before relaxing)

.comment        0x00000000       0x4d
 .comment       0x00000000       0x4d ./utilities/fsl_debug_console.o
                                 0x4e (size before relaxing)
 .comment       0x0000004d       0x4e ./utilities/fsl_io.o
 .comment       0x0000004d       0x4e ./utilities/fsl_log.o
 .comment       0x0000004d       0x4e ./startup/startup_mkl46z4.o
 .comment       0x0000004d       0x4e ./source/MKL46Z4_Project.o
 .comment       0x0000004d       0x4e ./source/mtb.o
 .comment       0x0000004d       0x4e ./source/semihost_hardfault.o
 .comment       0x0000004d       0x4e ./drivers/fsl_clock.o
 .comment       0x0000004d       0x4e ./drivers/fsl_i2c.o
 .comment       0x0000004d       0x4e ./drivers/fsl_lpsci.o
 .comment       0x0000004d       0x4e ./drivers/fsl_uart.o
 .comment       0x0000004d       0x4e ./board/board.o
 .comment       0x0000004d       0x4e ./board/clock_config.o
 .comment       0x0000004d       0x4e ./board/peripherals.o
 .comment       0x0000004d       0x4e ./board/pin_mux.o
 .comment       0x0000004d       0x4e ./CMSIS/system_MKL46Z4.o
 .comment       0x0000004d       0x4e c:/nxp/mcuxpressoide_11.4.0_6237/ide/plugins/com.nxp.mcuxpresso.tools.win32_11.4.0.202103011116/tools/bin/../lib/gcc/arm-none-eabi/10.2.1/../../../../arm-none-eabi/lib/thumb/v6-m/nofp\libcr_newlib_semihost.a(_cr_sbrk.o)
 .comment       0x0000004d       0x4e c:/nxp/mcuxpressoide_11.4.0_6237/ide/plugins/com.nxp.mcuxpresso.tools.win32_11.4.0.202103011116/tools/bin/../lib/gcc/arm-none-eabi/10.2.1/../../../../arm-none-eabi/lib/thumb/v6-m/nofp\libcr_newlib_semihost.a(_exit.o)
 .comment       0x0000004d       0x4e c:/nxp/mcuxpressoide_11.4.0_6237/ide/plugins/com.nxp.mcuxpresso.tools.win32_11.4.0.202103011116/tools/bin/../lib/gcc/arm-none-eabi/10.2.1/../../../../arm-none-eabi/lib/thumb/v6-m/nofp\libcr_newlib_semihost.a(_kill.o)
 .comment       0x0000004d       0x4e c:/nxp/mcuxpressoide_11.4.0_6237/ide/plugins/com.nxp.mcuxpresso.tools.win32_11.4.0.202103011116/tools/bin/../lib/gcc/arm-none-eabi/10.2.1/../../../../arm-none-eabi/lib/thumb/v6-m/nofp\libcr_newlib_semihost.a(syscalls.o)
 .comment       0x0000004d       0x4e c:/nxp/mcuxpressoide_11.4.0_6237/ide/plugins/com.nxp.mcuxpresso.tools.win32_11.4.0.202103011116/tools/bin/../lib/gcc/arm-none-eabi/10.2.1/../../../../arm-none-eabi/lib/thumb/v6-m/nofp\libcr_newlib_semihost.a(_cr_check_heap.o)

.ARM.attributes
                0x00000000       0x2a
 .ARM.attributes
                0x00000000       0x2c ./utilities/fsl_debug_console.o
 .ARM.attributes
                0x0000002c       0x2c ./utilities/fsl_io.o
 .ARM.attributes
                0x00000058       0x2c ./utilities/fsl_log.o
 .ARM.attributes
                0x00000084       0x2c ./startup/startup_mkl46z4.o
 .ARM.attributes
                0x000000b0       0x2c ./source/MKL46Z4_Project.o
 .ARM.attributes
                0x000000dc       0x32 ./source/mtb.o
 .ARM.attributes
                0x0000010e       0x2c ./source/semihost_hardfault.o
 .ARM.attributes
                0x0000013a       0x2c ./drivers/fsl_clock.o
 .ARM.attributes
                0x00000166       0x2c ./drivers/fsl_i2c.o
 .ARM.attributes
                0x00000192       0x2c ./drivers/fsl_lpsci.o
 .ARM.attributes
                0x000001be       0x2c ./drivers/fsl_uart.o
 .ARM.attributes
                0x000001ea       0x2c ./board/board.o
 .ARM.attributes
                0x00000216       0x2c ./board/clock_config.o
 .ARM.attributes
                0x00000242       0x2c ./board/peripherals.o
 .ARM.attributes
                0x0000026e       0x2c ./board/pin_mux.o
 .ARM.attributes
                0x0000029a       0x2c ./CMSIS/system_MKL46Z4.o
 .ARM.attributes
                0x000002c6       0x1e c:/nxp/mcuxpressoide_11.4.0_6237/ide/plugins/com.nxp.mcuxpresso.tools.win32_11.4.0.202103011116/tools/bin/../lib/gcc/arm-none-eabi/10.2.1/thumb/v6-m/nofp\libgcc.a(_udivsi3.o)
 .ARM.attributes
                0x000002e4       0x1e c:/nxp/mcuxpressoide_11.4.0_6237/ide/plugins/com.nxp.mcuxpresso.tools.win32_11.4.0.202103011116/tools/bin/../lib/gcc/arm-none-eabi/10.2.1/thumb/v6-m/nofp\libgcc.a(_dvmd_tls.o)
 .ARM.attributes
                0x00000302       0x2c c:/nxp/mcuxpressoide_11.4.0_6237/ide/plugins/com.nxp.mcuxpresso.tools.win32_11.4.0.202103011116/tools/bin/../lib/gcc/arm-none-eabi/10.2.1/../../../../arm-none-eabi/lib/thumb/v6-m/nofp\libc_nano.a(lib_a-assert.o)
 .ARM.attributes
                0x0000032e       0x2c c:/nxp/mcuxpressoide_11.4.0_6237/ide/plugins/com.nxp.mcuxpresso.tools.win32_11.4.0.202103011116/tools/bin/../lib/gcc/arm-none-eabi/10.2.1/../../../../arm-none-eabi/lib/thumb/v6-m/nofp\libc_nano.a(lib_a-fprintf.o)
 .ARM.attributes
                0x0000035a       0x2c c:/nxp/mcuxpressoide_11.4.0_6237/ide/plugins/com.nxp.mcuxpresso.tools.win32_11.4.0.202103011116/tools/bin/../lib/gcc/arm-none-eabi/10.2.1/../../../../arm-none-eabi/lib/thumb/v6-m/nofp\libc_nano.a(lib_a-impure.o)
 .ARM.attributes
                0x00000386       0x2c c:/nxp/mcuxpressoide_11.4.0_6237/ide/plugins/com.nxp.mcuxpresso.tools.win32_11.4.0.202103011116/tools/bin/../lib/gcc/arm-none-eabi/10.2.1/../../../../arm-none-eabi/lib/thumb/v6-m/nofp\libc_nano.a(lib_a-init.o)
 .ARM.attributes
                0x000003b2       0x2c c:/nxp/mcuxpressoide_11.4.0_6237/ide/plugins/com.nxp.mcuxpresso.tools.win32_11.4.0.202103011116/tools/bin/../lib/gcc/arm-none-eabi/10.2.1/../../../../arm-none-eabi/lib/thumb/v6-m/nofp\libc_nano.a(lib_a-memset.o)
 .ARM.attributes
                0x000003de       0x2c c:/nxp/mcuxpressoide_11.4.0_6237/ide/plugins/com.nxp.mcuxpresso.tools.win32_11.4.0.202103011116/tools/bin/../lib/gcc/arm-none-eabi/10.2.1/../../../../arm-none-eabi/lib/thumb/v6-m/nofp\libc_nano.a(lib_a-nano-freer.o)
 .ARM.attributes
                0x0000040a       0x2c c:/nxp/mcuxpressoide_11.4.0_6237/ide/plugins/com.nxp.mcuxpresso.tools.win32_11.4.0.202103011116/tools/bin/../lib/gcc/arm-none-eabi/10.2.1/../../../../arm-none-eabi/lib/thumb/v6-m/nofp\libc_nano.a(lib_a-nano-mallocr.o)
 .ARM.attributes
                0x00000436       0x2c c:/nxp/mcuxpressoide_11.4.0_6237/ide/plugins/com.nxp.mcuxpresso.tools.win32_11.4.0.202103011116/tools/bin/../lib/gcc/arm-none-eabi/10.2.1/../../../../arm-none-eabi/lib/thumb/v6-m/nofp\libc_nano.a(lib_a-nano-vfprintf.o)
 .ARM.attributes
                0x00000462       0x2c c:/nxp/mcuxpressoide_11.4.0_6237/ide/plugins/com.nxp.mcuxpresso.tools.win32_11.4.0.202103011116/tools/bin/../lib/gcc/arm-none-eabi/10.2.1/../../../../arm-none-eabi/lib/thumb/v6-m/nofp\libc_nano.a(lib_a-nano-vfprintf_i.o)
 .ARM.attributes
                0x0000048e       0x2c c:/nxp/mcuxpressoide_11.4.0_6237/ide/plugins/com.nxp.mcuxpresso.tools.win32_11.4.0.202103011116/tools/bin/../lib/gcc/arm-none-eabi/10.2.1/../../../../arm-none-eabi/lib/thumb/v6-m/nofp\libc_nano.a(lib_a-sbrkr.o)
 .ARM.attributes
                0x000004ba       0x2c c:/nxp/mcuxpressoide_11.4.0_6237/ide/plugins/com.nxp.mcuxpresso.tools.win32_11.4.0.202103011116/tools/bin/../lib/gcc/arm-none-eabi/10.2.1/../../../../arm-none-eabi/lib/thumb/v6-m/nofp\libc_nano.a(lib_a-wbuf.o)
 .ARM.attributes
                0x000004e6       0x2c c:/nxp/mcuxpressoide_11.4.0_6237/ide/plugins/com.nxp.mcuxpresso.tools.win32_11.4.0.202103011116/tools/bin/../lib/gcc/arm-none-eabi/10.2.1/../../../../arm-none-eabi/lib/thumb/v6-m/nofp\libc_nano.a(lib_a-wsetup.o)
 .ARM.attributes
                0x00000512       0x2c c:/nxp/mcuxpressoide_11.4.0_6237/ide/plugins/com.nxp.mcuxpresso.tools.win32_11.4.0.202103011116/tools/bin/../lib/gcc/arm-none-eabi/10.2.1/../../../../arm-none-eabi/lib/thumb/v6-m/nofp\libc_nano.a(lib_a-abort.o)
 .ARM.attributes
                0x0000053e       0x2c c:/nxp/mcuxpressoide_11.4.0_6237/ide/plugins/com.nxp.mcuxpresso.tools.win32_11.4.0.202103011116/tools/bin/../lib/gcc/arm-none-eabi/10.2.1/../../../../arm-none-eabi/lib/thumb/v6-m/nofp\libc_nano.a(lib_a-fflush.o)
 .ARM.attributes
                0x0000056a       0x2c c:/nxp/mcuxpressoide_11.4.0_6237/ide/plugins/com.nxp.mcuxpresso.tools.win32_11.4.0.202103011116/tools/bin/../lib/gcc/arm-none-eabi/10.2.1/../../../../arm-none-eabi/lib/thumb/v6-m/nofp\libc_nano.a(lib_a-findfp.o)
 .ARM.attributes
                0x00000596       0x2c c:/nxp/mcuxpressoide_11.4.0_6237/ide/plugins/com.nxp.mcuxpresso.tools.win32_11.4.0.202103011116/tools/bin/../lib/gcc/arm-none-eabi/10.2.1/../../../../arm-none-eabi/lib/thumb/v6-m/nofp\libc_nano.a(lib_a-fwalk.o)
 .ARM.attributes
                0x000005c2       0x2c c:/nxp/mcuxpressoide_11.4.0_6237/ide/plugins/com.nxp.mcuxpresso.tools.win32_11.4.0.202103011116/tools/bin/../lib/gcc/arm-none-eabi/10.2.1/../../../../arm-none-eabi/lib/thumb/v6-m/nofp\libc_nano.a(lib_a-lock.o)
 .ARM.attributes
                0x000005ee       0x2c c:/nxp/mcuxpressoide_11.4.0_6237/ide/plugins/com.nxp.mcuxpresso.tools.win32_11.4.0.202103011116/tools/bin/../lib/gcc/arm-none-eabi/10.2.1/../../../../arm-none-eabi/lib/thumb/v6-m/nofp\libc_nano.a(lib_a-makebuf.o)
 .ARM.attributes
                0x0000061a       0x2c c:/nxp/mcuxpressoide_11.4.0_6237/ide/plugins/com.nxp.mcuxpresso.tools.win32_11.4.0.202103011116/tools/bin/../lib/gcc/arm-none-eabi/10.2.1/../../../../arm-none-eabi/lib/thumb/v6-m/nofp\libc_nano.a(lib_a-memchr-stub.o)
 .ARM.attributes
                0x00000646       0x2c c:/nxp/mcuxpressoide_11.4.0_6237/ide/plugins/com.nxp.mcuxpresso.tools.win32_11.4.0.202103011116/tools/bin/../lib/gcc/arm-none-eabi/10.2.1/../../../../arm-none-eabi/lib/thumb/v6-m/nofp\libc_nano.a(lib_a-mlock.o)
 .ARM.attributes
                0x00000672       0x2c c:/nxp/mcuxpressoide_11.4.0_6237/ide/plugins/com.nxp.mcuxpresso.tools.win32_11.4.0.202103011116/tools/bin/../lib/gcc/arm-none-eabi/10.2.1/../../../../arm-none-eabi/lib/thumb/v6-m/nofp\libc_nano.a(lib_a-reent.o)
 .ARM.attributes
                0x0000069e       0x2c c:/nxp/mcuxpressoide_11.4.0_6237/ide/plugins/com.nxp.mcuxpresso.tools.win32_11.4.0.202103011116/tools/bin/../lib/gcc/arm-none-eabi/10.2.1/../../../../arm-none-eabi/lib/thumb/v6-m/nofp\libc_nano.a(lib_a-signal.o)
 .ARM.attributes
                0x000006ca       0x2c c:/nxp/mcuxpressoide_11.4.0_6237/ide/plugins/com.nxp.mcuxpresso.tools.win32_11.4.0.202103011116/tools/bin/../lib/gcc/arm-none-eabi/10.2.1/../../../../arm-none-eabi/lib/thumb/v6-m/nofp\libc_nano.a(lib_a-signalr.o)
 .ARM.attributes
                0x000006f6       0x2c c:/nxp/mcuxpressoide_11.4.0_6237/ide/plugins/com.nxp.mcuxpresso.tools.win32_11.4.0.202103011116/tools/bin/../lib/gcc/arm-none-eabi/10.2.1/../../../../arm-none-eabi/lib/thumb/v6-m/nofp\libc_nano.a(lib_a-stdio.o)
 .ARM.attributes
                0x00000722       0x2c c:/nxp/mcuxpressoide_11.4.0_6237/ide/plugins/com.nxp.mcuxpresso.tools.win32_11.4.0.202103011116/tools/bin/../lib/gcc/arm-none-eabi/10.2.1/../../../../arm-none-eabi/lib/thumb/v6-m/nofp\libc_nano.a(lib_a-writer.o)
 .ARM.attributes
                0x0000074e       0x2c c:/nxp/mcuxpressoide_11.4.0_6237/ide/plugins/com.nxp.mcuxpresso.tools.win32_11.4.0.202103011116/tools/bin/../lib/gcc/arm-none-eabi/10.2.1/../../../../arm-none-eabi/lib/thumb/v6-m/nofp\libc_nano.a(lib_a-closer.o)
 .ARM.attributes
                0x0000077a       0x2c c:/nxp/mcuxpressoide_11.4.0_6237/ide/plugins/com.nxp.mcuxpresso.tools.win32_11.4.0.202103011116/tools/bin/../lib/gcc/arm-none-eabi/10.2.1/../../../../arm-none-eabi/lib/thumb/v6-m/nofp\libc_nano.a(lib_a-fstatr.o)
 .ARM.attributes
                0x000007a6       0x2c c:/nxp/mcuxpressoide_11.4.0_6237/ide/plugins/com.nxp.mcuxpresso.tools.win32_11.4.0.202103011116/tools/bin/../lib/gcc/arm-none-eabi/10.2.1/../../../../arm-none-eabi/lib/thumb/v6-m/nofp\libc_nano.a(lib_a-isattyr.o)
 .ARM.attributes
                0x000007d2       0x2c c:/nxp/mcuxpressoide_11.4.0_6237/ide/plugins/com.nxp.mcuxpresso.tools.win32_11.4.0.202103011116/tools/bin/../lib/gcc/arm-none-eabi/10.2.1/../../../../arm-none-eabi/lib/thumb/v6-m/nofp\libc_nano.a(lib_a-lseekr.o)
 .ARM.attributes
                0x000007fe       0x2c c:/nxp/mcuxpressoide_11.4.0_6237/ide/plugins/com.nxp.mcuxpresso.tools.win32_11.4.0.202103011116/tools/bin/../lib/gcc/arm-none-eabi/10.2.1/../../../../arm-none-eabi/lib/thumb/v6-m/nofp\libc_nano.a(lib_a-readr.o)
 .ARM.attributes
                0x0000082a       0x2c c:/nxp/mcuxpressoide_11.4.0_6237/ide/plugins/com.nxp.mcuxpresso.tools.win32_11.4.0.202103011116/tools/bin/../lib/gcc/arm-none-eabi/10.2.1/../../../../arm-none-eabi/lib/thumb/v6-m/nofp\libcr_newlib_semihost.a(_cr_sbrk.o)
 .ARM.attributes
                0x00000856       0x2c c:/nxp/mcuxpressoide_11.4.0_6237/ide/plugins/com.nxp.mcuxpresso.tools.win32_11.4.0.202103011116/tools/bin/../lib/gcc/arm-none-eabi/10.2.1/../../../../arm-none-eabi/lib/thumb/v6-m/nofp\libcr_newlib_semihost.a(_exit.o)
 .ARM.attributes
                0x00000882       0x2c c:/nxp/mcuxpressoide_11.4.0_6237/ide/plugins/com.nxp.mcuxpresso.tools.win32_11.4.0.202103011116/tools/bin/../lib/gcc/arm-none-eabi/10.2.1/../../../../arm-none-eabi/lib/thumb/v6-m/nofp\libcr_newlib_semihost.a(_kill.o)
 .ARM.attributes
                0x000008ae       0x2c c:/nxp/mcuxpressoide_11.4.0_6237/ide/plugins/com.nxp.mcuxpresso.tools.win32_11.4.0.202103011116/tools/bin/../lib/gcc/arm-none-eabi/10.2.1/../../../../arm-none-eabi/lib/thumb/v6-m/nofp\libcr_newlib_semihost.a(syscalls.o)
 .ARM.attributes
                0x000008da       0x2c c:/nxp/mcuxpressoide_11.4.0_6237/ide/plugins/com.nxp.mcuxpresso.tools.win32_11.4.0.202103011116/tools/bin/../lib/gcc/arm-none-eabi/10.2.1/../../../../arm-none-eabi/lib/thumb/v6-m/nofp\libcr_newlib_semihost.a(_cr_check_heap.o)
 .ARM.attributes
                0x00000906       0x1e c:/nxp/mcuxpressoide_11.4.0_6237/ide/plugins/com.nxp.mcuxpresso.tools.win32_11.4.0.202103011116/tools/bin/../lib/gcc/arm-none-eabi/10.2.1/thumb/v6-m/nofp\crti.o
 .ARM.attributes
                0x00000924       0x1e c:/nxp/mcuxpressoide_11.4.0_6237/ide/plugins/com.nxp.mcuxpresso.tools.win32_11.4.0.202103011116/tools/bin/../lib/gcc/arm-none-eabi/10.2.1/thumb/v6-m/nofp\crtn.o
 .ARM.attributes
                0x00000942       0x2c c:/nxp/mcuxpressoide_11.4.0_6237/ide/plugins/com.nxp.mcuxpresso.tools.win32_11.4.0.202103011116/tools/bin/../lib/gcc/arm-none-eabi/10.2.1/thumb/v6-m/nofp\crtbegin.o
 .ARM.attributes
                0x0000096e       0x1e c:/nxp/mcuxpressoide_11.4.0_6237/ide/plugins/com.nxp.mcuxpresso.tools.win32_11.4.0.202103011116/tools/bin/../lib/gcc/arm-none-eabi/10.2.1/thumb/v6-m/nofp\libgcc.a(_thumb1_case_shi.o)
 .ARM.attributes
                0x0000098c       0x2c c:/nxp/mcuxpressoide_11.4.0_6237/ide/plugins/com.nxp.mcuxpresso.tools.win32_11.4.0.202103011116/tools/bin/../lib/gcc/arm-none-eabi/10.2.1/../../../../arm-none-eabi/lib/thumb/v6-m/nofp\libc_nano.a(lib_a-errno.o)

.debug_frame    0x00000000     0x2b38
 .debug_frame   0x00000000      0x114 ./utilities/fsl_debug_console.o
 .debug_frame   0x00000114      0x108 ./utilities/fsl_io.o
 .debug_frame   0x0000021c      0x108 ./utilities/fsl_log.o
 .debug_frame   0x00000324      0x3b0 ./startup/startup_mkl46z4.o
 .debug_frame   0x000006d4       0x70 ./source/MKL46Z4_Project.o
 .debug_frame   0x00000744       0x20 ./source/semihost_hardfault.o
 .debug_frame   0x00000764      0x6e0 ./drivers/fsl_clock.o
 .debug_frame   0x00000e44      0x58c ./drivers/fsl_i2c.o
 .debug_frame   0x000013d0      0x414 ./drivers/fsl_lpsci.o
 .debug_frame   0x000017e4      0x464 ./drivers/fsl_uart.o
 .debug_frame   0x00001c48       0x50 ./board/board.o
 .debug_frame   0x00001c98       0xe0 ./board/clock_config.o
 .debug_frame   0x00001d78      0x1d0 ./board/peripherals.o
 .debug_frame   0x00001f48      0x1c0 ./board/pin_mux.o
 .debug_frame   0x00002108       0x68 ./CMSIS/system_MKL46Z4.o
 .debug_frame   0x00002170       0x20 c:/nxp/mcuxpressoide_11.4.0_6237/ide/plugins/com.nxp.mcuxpresso.tools.win32_11.4.0.202103011116/tools/bin/../lib/gcc/arm-none-eabi/10.2.1/thumb/v6-m/nofp\libgcc.a(_udivsi3.o)
 .debug_frame   0x00002190       0x44 c:/nxp/mcuxpressoide_11.4.0_6237/ide/plugins/com.nxp.mcuxpresso.tools.win32_11.4.0.202103011116/tools/bin/../lib/gcc/arm-none-eabi/10.2.1/../../../../arm-none-eabi/lib/thumb/v6-m/nofp\libc_nano.a(lib_a-assert.o)
 .debug_frame   0x000021d4       0x4c c:/nxp/mcuxpressoide_11.4.0_6237/ide/plugins/com.nxp.mcuxpresso.tools.win32_11.4.0.202103011116/tools/bin/../lib/gcc/arm-none-eabi/10.2.1/../../../../arm-none-eabi/lib/thumb/v6-m/nofp\libc_nano.a(lib_a-fprintf.o)
 .debug_frame   0x00002220       0x2c c:/nxp/mcuxpressoide_11.4.0_6237/ide/plugins/com.nxp.mcuxpresso.tools.win32_11.4.0.202103011116/tools/bin/../lib/gcc/arm-none-eabi/10.2.1/../../../../arm-none-eabi/lib/thumb/v6-m/nofp\libc_nano.a(lib_a-init.o)
 .debug_frame   0x0000224c       0x20 c:/nxp/mcuxpressoide_11.4.0_6237/ide/plugins/com.nxp.mcuxpresso.tools.win32_11.4.0.202103011116/tools/bin/../lib/gcc/arm-none-eabi/10.2.1/../../../../arm-none-eabi/lib/thumb/v6-m/nofp\libc_nano.a(lib_a-memset.o)
 .debug_frame   0x0000226c       0x2c c:/nxp/mcuxpressoide_11.4.0_6237/ide/plugins/com.nxp.mcuxpresso.tools.win32_11.4.0.202103011116/tools/bin/../lib/gcc/arm-none-eabi/10.2.1/../../../../arm-none-eabi/lib/thumb/v6-m/nofp\libc_nano.a(lib_a-nano-freer.o)
 .debug_frame   0x00002298       0x30 c:/nxp/mcuxpressoide_11.4.0_6237/ide/plugins/com.nxp.mcuxpresso.tools.win32_11.4.0.202103011116/tools/bin/../lib/gcc/arm-none-eabi/10.2.1/../../../../arm-none-eabi/lib/thumb/v6-m/nofp\libc_nano.a(lib_a-nano-mallocr.o)
 .debug_frame   0x000022c8       0x9c c:/nxp/mcuxpressoide_11.4.0_6237/ide/plugins/com.nxp.mcuxpresso.tools.win32_11.4.0.202103011116/tools/bin/../lib/gcc/arm-none-eabi/10.2.1/../../../../arm-none-eabi/lib/thumb/v6-m/nofp\libc_nano.a(lib_a-nano-vfprintf.o)
 .debug_frame   0x00002364       0x54 c:/nxp/mcuxpressoide_11.4.0_6237/ide/plugins/com.nxp.mcuxpresso.tools.win32_11.4.0.202103011116/tools/bin/../lib/gcc/arm-none-eabi/10.2.1/../../../../arm-none-eabi/lib/thumb/v6-m/nofp\libc_nano.a(lib_a-nano-vfprintf_i.o)
 .debug_frame   0x000023b8       0x2c c:/nxp/mcuxpressoide_11.4.0_6237/ide/plugins/com.nxp.mcuxpresso.tools.win32_11.4.0.202103011116/tools/bin/../lib/gcc/arm-none-eabi/10.2.1/../../../../arm-none-eabi/lib/thumb/v6-m/nofp\libc_nano.a(lib_a-sbrkr.o)
 .debug_frame   0x000023e4       0x48 c:/nxp/mcuxpressoide_11.4.0_6237/ide/plugins/com.nxp.mcuxpresso.tools.win32_11.4.0.202103011116/tools/bin/../lib/gcc/arm-none-eabi/10.2.1/../../../../arm-none-eabi/lib/thumb/v6-m/nofp\libc_nano.a(lib_a-wbuf.o)
 .debug_frame   0x0000242c       0x2c c:/nxp/mcuxpressoide_11.4.0_6237/ide/plugins/com.nxp.mcuxpresso.tools.win32_11.4.0.202103011116/tools/bin/../lib/gcc/arm-none-eabi/10.2.1/../../../../arm-none-eabi/lib/thumb/v6-m/nofp\libc_nano.a(lib_a-wsetup.o)
 .debug_frame   0x00002458       0x28 c:/nxp/mcuxpressoide_11.4.0_6237/ide/plugins/com.nxp.mcuxpresso.tools.win32_11.4.0.202103011116/tools/bin/../lib/gcc/arm-none-eabi/10.2.1/../../../../arm-none-eabi/lib/thumb/v6-m/nofp\libc_nano.a(lib_a-abort.o)
 .debug_frame   0x00002480       0x68 c:/nxp/mcuxpressoide_11.4.0_6237/ide/plugins/com.nxp.mcuxpresso.tools.win32_11.4.0.202103011116/tools/bin/../lib/gcc/arm-none-eabi/10.2.1/../../../../arm-none-eabi/lib/thumb/v6-m/nofp\libc_nano.a(lib_a-fflush.o)
 .debug_frame   0x000024e8      0x170 c:/nxp/mcuxpressoide_11.4.0_6237/ide/plugins/com.nxp.mcuxpresso.tools.win32_11.4.0.202103011116/tools/bin/../lib/gcc/arm-none-eabi/10.2.1/../../../../arm-none-eabi/lib/thumb/v6-m/nofp\libc_nano.a(lib_a-findfp.o)
 .debug_frame   0x00002658       0x58 c:/nxp/mcuxpressoide_11.4.0_6237/ide/plugins/com.nxp.mcuxpresso.tools.win32_11.4.0.202103011116/tools/bin/../lib/gcc/arm-none-eabi/10.2.1/../../../../arm-none-eabi/lib/thumb/v6-m/nofp\libc_nano.a(lib_a-fwalk.o)
 .debug_frame   0x000026b0       0xb0 c:/nxp/mcuxpressoide_11.4.0_6237/ide/plugins/com.nxp.mcuxpresso.tools.win32_11.4.0.202103011116/tools/bin/../lib/gcc/arm-none-eabi/10.2.1/../../../../arm-none-eabi/lib/thumb/v6-m/nofp\libc_nano.a(lib_a-lock.o)
 .debug_frame   0x00002760       0x54 c:/nxp/mcuxpressoide_11.4.0_6237/ide/plugins/com.nxp.mcuxpresso.tools.win32_11.4.0.202103011116/tools/bin/../lib/gcc/arm-none-eabi/10.2.1/../../../../arm-none-eabi/lib/thumb/v6-m/nofp\libc_nano.a(lib_a-makebuf.o)
 .debug_frame   0x000027b4       0x20 c:/nxp/mcuxpressoide_11.4.0_6237/ide/plugins/com.nxp.mcuxpresso.tools.win32_11.4.0.202103011116/tools/bin/../lib/gcc/arm-none-eabi/10.2.1/../../../../arm-none-eabi/lib/thumb/v6-m/nofp\libc_nano.a(lib_a-memchr-stub.o)
 .debug_frame   0x000027d4       0x40 c:/nxp/mcuxpressoide_11.4.0_6237/ide/plugins/com.nxp.mcuxpresso.tools.win32_11.4.0.202103011116/tools/bin/../lib/gcc/arm-none-eabi/10.2.1/../../../../arm-none-eabi/lib/thumb/v6-m/nofp\libc_nano.a(lib_a-mlock.o)
 .debug_frame   0x00002814       0x48 c:/nxp/mcuxpressoide_11.4.0_6237/ide/plugins/com.nxp.mcuxpresso.tools.win32_11.4.0.202103011116/tools/bin/../lib/gcc/arm-none-eabi/10.2.1/../../../../arm-none-eabi/lib/thumb/v6-m/nofp\libc_nano.a(lib_a-reent.o)
 .debug_frame   0x0000285c       0xe0 c:/nxp/mcuxpressoide_11.4.0_6237/ide/plugins/com.nxp.mcuxpresso.tools.win32_11.4.0.202103011116/tools/bin/../lib/gcc/arm-none-eabi/10.2.1/../../../../arm-none-eabi/lib/thumb/v6-m/nofp\libc_nano.a(lib_a-signal.o)
 .debug_frame   0x0000293c       0x44 c:/nxp/mcuxpressoide_11.4.0_6237/ide/plugins/com.nxp.mcuxpresso.tools.win32_11.4.0.202103011116/tools/bin/../lib/gcc/arm-none-eabi/10.2.1/../../../../arm-none-eabi/lib/thumb/v6-m/nofp\libc_nano.a(lib_a-signalr.o)
 .debug_frame   0x00002980       0x90 c:/nxp/mcuxpressoide_11.4.0_6237/ide/plugins/com.nxp.mcuxpresso.tools.win32_11.4.0.202103011116/tools/bin/../lib/gcc/arm-none-eabi/10.2.1/../../../../arm-none-eabi/lib/thumb/v6-m/nofp\libc_nano.a(lib_a-stdio.o)
 .debug_frame   0x00002a10       0x2c c:/nxp/mcuxpressoide_11.4.0_6237/ide/plugins/com.nxp.mcuxpresso.tools.win32_11.4.0.202103011116/tools/bin/../lib/gcc/arm-none-eabi/10.2.1/../../../../arm-none-eabi/lib/thumb/v6-m/nofp\libc_nano.a(lib_a-writer.o)